<html>
<body>
<pre>
<h1>礦ision Build Log</h1>
<h2>Tool Versions:</h2>
IDE-Version: μVision V5.30.0.0
Copyright (C) 2020 ARM Ltd and ARM Germany GmbH. All rights reserved.
License Information: 11 512464265@qq.com, 111, LIC=2TTQ1-CJTZF-SGQ7K-Z9U01-8NH0P-K5AZ1
 
Tool Versions:
Toolchain:       MDK-ARM Professional  Version: 5.30.0.0
Toolchain Path:  D:\Keil_v530\ARM\ARMCC\Bin
C Compiler:      Armcc.exe V5.06 update 6 (build 750)
Assembler:       Armasm.exe V5.06 update 6 (build 750)
Linker/Locator:  ArmLink.exe V5.06 update 6 (build 750)
Library Manager: ArmAr.exe V5.06 update 6 (build 750)
Hex Converter:   FromElf.exe V5.06 update 6 (build 750)
CPU DLL:         SARMCM3.DLL V5.30.0.0
Dialog DLL:      DCM.DLL V1.17.3.0
Target DLL:      CMSIS_AGDI.dll V1.32.5.0
Dialog DLL:      TCM.DLL V1.42.0.0
 
<h2>Project:</h2>
D:\STM32-V7\V5-222_实数浮点FFT逆变换(支持单精度和双精度)\Project\MDK-ARM(AC5)\project.uvprojx
Project File Date:  06/07/2021

<h2>Output:</h2>
*** Using Compiler 'V5.06 update 6 (build 750)', folder: 'D:\Keil_v530\ARM\ARMCC\Bin'
Rebuild target 'Flash'
assembling startup_stm32f407xx.s...
compiling bsp.c...
compiling bsp_led.c...
compiling main.c...
compiling bsp_key.c...
compiling bsp_timer.c...
compiling stm32f4xx_hal_cortex.c...
compiling stm32f4xx_it.c...
compiling stm32f4xx_hal.c...
compiling stm32f4xx_hal_flash.c...
compiling bsp_user_lib.c...
compiling bsp_uart_esp8266.c...
compiling stm32f4xx_hal_rcc.c...
compiling bsp_uart_fifo.c...
assembling HardFaultHandler.S...
compiling stm32f4xx_hal_gpio.c...
compiling stm32f4xx_hal_uart.c...
compiling stm32f4xx_hal_tim.c...
compiling SEGGER_RTT_printf.c...
compiling SEGGER_RTT.c...
compiling stm32f4xx_hal_dma.c...
compiling system_stm32f4xx.c...
compiling stm32f4xx_hal_flash_ex.c...
compiling stm32f4xx_hal_tim_ex.c...
assembling cr4_fft_64_stm32.s...
assembling cr4_fft_256_stm32.s...
compiling SEGGER_HardFaultHandler.c...
compiling ControllerFunctions.c...
assembling cr4_fft_1024_stm32.s...
compiling FastMathFunctions.c...
compiling BasicMathFunctions.c...
compiling ComplexMathFunctions.c...
compiling StatisticsFunctions.c...
compiling SupportFunctions.c...
compiling MatrixFunctions.c...
compiling CommonTables.c...
compiling TransformFunctions.c...
compiling FilteringFunctions.c...
linking...
Program Size: Code=22276 RO-data=259124 RW-data=60 ZI-data=82300  
FromELF: creating hex file...
After Build - User command #1: CopyHex_Flash.bat
D:\STM32-V7\V5-222_实数浮点FFT逆变换(支持单精度和双精度)\Project\MDK-ARM(AC5)>copy Objects\output.hex ..\output(mdkac5).hex 
已复制         1 个文件。
".\Objects\output.axf" - 0 Error(s), 0 Warning(s).

<h2>Software Packages used:</h2>

Package Vendor: Keil
                http://www.keil.com/pack/Keil.STM32F4xx_DFP.2.15.0.pack
                Keil.STM32F4xx_DFP.2.15.0
                STMicroelectronics STM32F4 Series Device Support, Drivers and Examples

<h2>Collection of Component include folders:</h2>
  .\RTE\_Flash
  D:\MDKPACK530\Keil\STM32F4xx_DFP\2.15.0\Drivers\CMSIS\Device\ST\STM32F4xx\Include

<h2>Collection of Component Files used:</h2>
Build Time Elapsed:  00:00:03
</pre>
</body>
</html>
