<!doctype html public "-//w3c//dtd html 4.0 transitional//en">
<html><head>
<title>Static Call Graph - [.\Objects\OUTPUT.axf]</title></head>
<body><HR>
<H1>Static Call Graph for image .\Objects\OUTPUT.axf</H1><HR>
<BR><P>#&#060CALLGRAPH&#062# ARM Linker, 5060750: Last Updated: Mon Nov 16 04:45:21 2020
<BR><P>
<H3>Maximum Stack Usage =        856 bytes + Unknown(Functions without stacksize, Cycles, Untraceable Function Pointers)</H3><H3>
Call chain for Maximum Stack Depth:</H3>
main &rArr; LCD_DispStr &rArr; LCD_DispStrEx0 &rArr; _LCD_ReadHZDot &rArr; sf_ReadBuffer &rArr; bsp_spiTransfer &rArr; HAL_SPI_TransmitReceive &rArr; SPI_EndRxTxTransaction &rArr; SPI_WaitFlagStateUntilTimeout
<P>
<H3>
Functions with no stack information
</H3><UL>
 <LI><a href="#[3]">HardFault_Handler</a>
</UL>
</UL>
<P>
<H3>
Mutually Recursive functions
</H3> <LI><a href="#[1d]">ADC_IRQHandler</a>&nbsp;&nbsp;&nbsp;&rArr;&nbsp;&nbsp;&nbsp;<a href="#[1d]">ADC_IRQHandler</a><BR>
</UL>
<P>
<H3>
Function Pointers
</H3><UL>
 <LI><a href="#[1d]">ADC_IRQHandler</a> from startup_stm32f407xx.o(.text) referenced from startup_stm32f407xx.o(RESET)
 <LI><a href="#[5]">BusFault_Handler</a> from stm32f4xx_it.o(i.BusFault_Handler) referenced from startup_stm32f407xx.o(RESET)
 <LI><a href="#[1f]">CAN1_RX0_IRQHandler</a> from startup_stm32f407xx.o(.text) referenced from startup_stm32f407xx.o(RESET)
 <LI><a href="#[20]">CAN1_RX1_IRQHandler</a> from startup_stm32f407xx.o(.text) referenced from startup_stm32f407xx.o(RESET)
 <LI><a href="#[21]">CAN1_SCE_IRQHandler</a> from startup_stm32f407xx.o(.text) referenced from startup_stm32f407xx.o(RESET)
 <LI><a href="#[1e]">CAN1_TX_IRQHandler</a> from startup_stm32f407xx.o(.text) referenced from startup_stm32f407xx.o(RESET)
 <LI><a href="#[4b]">CAN2_RX0_IRQHandler</a> from startup_stm32f407xx.o(.text) referenced from startup_stm32f407xx.o(RESET)
 <LI><a href="#[4c]">CAN2_RX1_IRQHandler</a> from startup_stm32f407xx.o(.text) referenced from startup_stm32f407xx.o(RESET)
 <LI><a href="#[4d]">CAN2_SCE_IRQHandler</a> from startup_stm32f407xx.o(.text) referenced from startup_stm32f407xx.o(RESET)
 <LI><a href="#[4a]">CAN2_TX_IRQHandler</a> from startup_stm32f407xx.o(.text) referenced from startup_stm32f407xx.o(RESET)
 <LI><a href="#[59]">DCMI_IRQHandler</a> from startup_stm32f407xx.o(.text) referenced from startup_stm32f407xx.o(RESET)
 <LI><a href="#[16]">DMA1_Stream0_IRQHandler</a> from startup_stm32f407xx.o(.text) referenced from startup_stm32f407xx.o(RESET)
 <LI><a href="#[17]">DMA1_Stream1_IRQHandler</a> from startup_stm32f407xx.o(.text) referenced from startup_stm32f407xx.o(RESET)
 <LI><a href="#[18]">DMA1_Stream2_IRQHandler</a> from startup_stm32f407xx.o(.text) referenced from startup_stm32f407xx.o(RESET)
 <LI><a href="#[19]">DMA1_Stream3_IRQHandler</a> from startup_stm32f407xx.o(.text) referenced from startup_stm32f407xx.o(RESET)
 <LI><a href="#[1a]">DMA1_Stream4_IRQHandler</a> from startup_stm32f407xx.o(.text) referenced from startup_stm32f407xx.o(RESET)
 <LI><a href="#[1b]">DMA1_Stream5_IRQHandler</a> from startup_stm32f407xx.o(.text) referenced from startup_stm32f407xx.o(RESET)
 <LI><a href="#[1c]">DMA1_Stream6_IRQHandler</a> from startup_stm32f407xx.o(.text) referenced from startup_stm32f407xx.o(RESET)
 <LI><a href="#[3a]">DMA1_Stream7_IRQHandler</a> from startup_stm32f407xx.o(.text) referenced from startup_stm32f407xx.o(RESET)
 <LI><a href="#[43]">DMA2_Stream0_IRQHandler</a> from startup_stm32f407xx.o(.text) referenced from startup_stm32f407xx.o(RESET)
 <LI><a href="#[44]">DMA2_Stream1_IRQHandler</a> from startup_stm32f407xx.o(.text) referenced from startup_stm32f407xx.o(RESET)
 <LI><a href="#[45]">DMA2_Stream2_IRQHandler</a> from startup_stm32f407xx.o(.text) referenced from startup_stm32f407xx.o(RESET)
 <LI><a href="#[46]">DMA2_Stream3_IRQHandler</a> from startup_stm32f407xx.o(.text) referenced from startup_stm32f407xx.o(RESET)
 <LI><a href="#[47]">DMA2_Stream4_IRQHandler</a> from startup_stm32f407xx.o(.text) referenced from startup_stm32f407xx.o(RESET)
 <LI><a href="#[4f]">DMA2_Stream5_IRQHandler</a> from startup_stm32f407xx.o(.text) referenced from startup_stm32f407xx.o(RESET)
 <LI><a href="#[50]">DMA2_Stream6_IRQHandler</a> from startup_stm32f407xx.o(.text) referenced from startup_stm32f407xx.o(RESET)
 <LI><a href="#[51]">DMA2_Stream7_IRQHandler</a> from startup_stm32f407xx.o(.text) referenced from startup_stm32f407xx.o(RESET)
 <LI><a href="#[8]">DebugMon_Handler</a> from stm32f4xx_it.o(i.DebugMon_Handler) referenced from startup_stm32f407xx.o(RESET)
 <LI><a href="#[48]">ETH_IRQHandler</a> from startup_stm32f407xx.o(.text) referenced from startup_stm32f407xx.o(RESET)
 <LI><a href="#[49]">ETH_WKUP_IRQHandler</a> from startup_stm32f407xx.o(.text) referenced from startup_stm32f407xx.o(RESET)
 <LI><a href="#[11]">EXTI0_IRQHandler</a> from startup_stm32f407xx.o(.text) referenced from startup_stm32f407xx.o(RESET)
 <LI><a href="#[33]">EXTI15_10_IRQHandler</a> from startup_stm32f407xx.o(.text) referenced from startup_stm32f407xx.o(RESET)
 <LI><a href="#[12]">EXTI1_IRQHandler</a> from startup_stm32f407xx.o(.text) referenced from startup_stm32f407xx.o(RESET)
 <LI><a href="#[13]">EXTI2_IRQHandler</a> from startup_stm32f407xx.o(.text) referenced from startup_stm32f407xx.o(RESET)
 <LI><a href="#[14]">EXTI3_IRQHandler</a> from startup_stm32f407xx.o(.text) referenced from startup_stm32f407xx.o(RESET)
 <LI><a href="#[15]">EXTI4_IRQHandler</a> from startup_stm32f407xx.o(.text) referenced from startup_stm32f407xx.o(RESET)
 <LI><a href="#[22]">EXTI9_5_IRQHandler</a> from startup_stm32f407xx.o(.text) referenced from startup_stm32f407xx.o(RESET)
 <LI><a href="#[f]">FLASH_IRQHandler</a> from startup_stm32f407xx.o(.text) referenced from startup_stm32f407xx.o(RESET)
 <LI><a href="#[3b]">FMC_IRQHandler</a> from startup_stm32f407xx.o(.text) referenced from startup_stm32f407xx.o(RESET)
 <LI><a href="#[5b]">FPU_IRQHandler</a> from startup_stm32f407xx.o(.text) referenced from startup_stm32f407xx.o(RESET)
 <LI><a href="#[5a]">HASH_RNG_IRQHandler</a> from startup_stm32f407xx.o(.text) referenced from startup_stm32f407xx.o(RESET)
 <LI><a href="#[3]">HardFault_Handler</a> from hardfaulthandler.o(OSKERNEL) referenced from startup_stm32f407xx.o(RESET)
 <LI><a href="#[2b]">I2C1_ER_IRQHandler</a> from startup_stm32f407xx.o(.text) referenced from startup_stm32f407xx.o(RESET)
 <LI><a href="#[2a]">I2C1_EV_IRQHandler</a> from startup_stm32f407xx.o(.text) referenced from startup_stm32f407xx.o(RESET)
 <LI><a href="#[2d]">I2C2_ER_IRQHandler</a> from startup_stm32f407xx.o(.text) referenced from startup_stm32f407xx.o(RESET)
 <LI><a href="#[2c]">I2C2_EV_IRQHandler</a> from startup_stm32f407xx.o(.text) referenced from startup_stm32f407xx.o(RESET)
 <LI><a href="#[54]">I2C3_ER_IRQHandler</a> from startup_stm32f407xx.o(.text) referenced from startup_stm32f407xx.o(RESET)
 <LI><a href="#[53]">I2C3_EV_IRQHandler</a> from startup_stm32f407xx.o(.text) referenced from startup_stm32f407xx.o(RESET)
 <LI><a href="#[4]">MemManage_Handler</a> from stm32f4xx_it.o(i.MemManage_Handler) referenced from startup_stm32f407xx.o(RESET)
 <LI><a href="#[2]">NMI_Handler</a> from stm32f4xx_it.o(i.NMI_Handler) referenced from startup_stm32f407xx.o(RESET)
 <LI><a href="#[4e]">OTG_FS_IRQHandler</a> from startup_stm32f407xx.o(.text) referenced from startup_stm32f407xx.o(RESET)
 <LI><a href="#[35]">OTG_FS_WKUP_IRQHandler</a> from startup_stm32f407xx.o(.text) referenced from startup_stm32f407xx.o(RESET)
 <LI><a href="#[56]">OTG_HS_EP1_IN_IRQHandler</a> from startup_stm32f407xx.o(.text) referenced from startup_stm32f407xx.o(RESET)
 <LI><a href="#[55]">OTG_HS_EP1_OUT_IRQHandler</a> from startup_stm32f407xx.o(.text) referenced from startup_stm32f407xx.o(RESET)
 <LI><a href="#[58]">OTG_HS_IRQHandler</a> from startup_stm32f407xx.o(.text) referenced from startup_stm32f407xx.o(RESET)
 <LI><a href="#[57]">OTG_HS_WKUP_IRQHandler</a> from startup_stm32f407xx.o(.text) referenced from startup_stm32f407xx.o(RESET)
 <LI><a href="#[c]">PVD_IRQHandler</a> from startup_stm32f407xx.o(.text) referenced from startup_stm32f407xx.o(RESET)
 <LI><a href="#[9]">PendSV_Handler</a> from stm32f4xx_it.o(i.PendSV_Handler) referenced from startup_stm32f407xx.o(RESET)
 <LI><a href="#[61]">RA8875_ClrScr</a> from lcd_ra8875.o(i.RA8875_ClrScr) referenced from bsp_tft_port.o(i.LCD_InitHard)
 <LI><a href="#[60]">RA8875_DispOff</a> from lcd_ra8875.o(i.RA8875_DispOff) referenced from bsp_tft_port.o(i.LCD_InitHard)
 <LI><a href="#[5f]">RA8875_DispOn</a> from lcd_ra8875.o(i.RA8875_DispOn) referenced from bsp_tft_port.o(i.LCD_InitHard)
 <LI><a href="#[67]">RA8875_DrawBMP</a> from lcd_ra8875.o(i.RA8875_DrawBMP) referenced from bsp_tft_port.o(i.LCD_InitHard)
 <LI><a href="#[66]">RA8875_DrawCircle</a> from lcd_ra8875.o(i.RA8875_DrawCircle) referenced from bsp_tft_port.o(i.LCD_InitHard)
 <LI><a href="#[6a]">RA8875_DrawHColorLine</a> from lcd_ra8875.o(i.RA8875_DrawHColorLine) referenced from bsp_tft_port.o(i.LCD_InitHard)
 <LI><a href="#[64]">RA8875_DrawLine</a> from lcd_ra8875.o(i.RA8875_DrawLine) referenced from bsp_tft_port.o(i.LCD_InitHard)
 <LI><a href="#[65]">RA8875_DrawRect</a> from lcd_ra8875.o(i.RA8875_DrawRect) referenced from bsp_tft_port.o(i.LCD_InitHard)
 <LI><a href="#[69]">RA8875_FillCircle</a> from lcd_ra8875.o(i.RA8875_FillCircle) referenced from bsp_tft_port.o(i.LCD_InitHard)
 <LI><a href="#[68]">RA8875_FillRect</a> from lcd_ra8875.o(i.RA8875_FillRect) referenced from bsp_tft_port.o(i.LCD_InitHard)
 <LI><a href="#[63]">RA8875_GetPixel</a> from lcd_ra8875.o(i.RA8875_GetPixel) referenced from bsp_tft_port.o(i.LCD_InitHard)
 <LI><a href="#[62]">RA8875_PutPixel</a> from lcd_ra8875.o(i.RA8875_PutPixel) referenced from bsp_tft_port.o(i.LCD_InitHard)
 <LI><a href="#[10]">RCC_IRQHandler</a> from startup_stm32f407xx.o(.text) referenced from startup_stm32f407xx.o(RESET)
 <LI><a href="#[34]">RTC_Alarm_IRQHandler</a> from startup_stm32f407xx.o(.text) referenced from startup_stm32f407xx.o(RESET)
 <LI><a href="#[e]">RTC_WKUP_IRQHandler</a> from startup_stm32f407xx.o(.text) referenced from startup_stm32f407xx.o(RESET)
 <LI><a href="#[1]">Reset_Handler</a> from startup_stm32f407xx.o(.text) referenced from startup_stm32f407xx.o(RESET)
 <LI><a href="#[3c]">SDIO_IRQHandler</a> from startup_stm32f407xx.o(.text) referenced from startup_stm32f407xx.o(RESET)
 <LI><a href="#[2e]">SPI1_IRQHandler</a> from startup_stm32f407xx.o(.text) referenced from startup_stm32f407xx.o(RESET)
 <LI><a href="#[2f]">SPI2_IRQHandler</a> from startup_stm32f407xx.o(.text) referenced from startup_stm32f407xx.o(RESET)
 <LI><a href="#[3e]">SPI3_IRQHandler</a> from startup_stm32f407xx.o(.text) referenced from startup_stm32f407xx.o(RESET)
 <LI><a href="#[7]">SVC_Handler</a> from stm32f4xx_it.o(i.SVC_Handler) referenced from startup_stm32f407xx.o(RESET)
 <LI><a href="#[a]">SysTick_Handler</a> from bsp_timer.o(i.SysTick_Handler) referenced from startup_stm32f407xx.o(RESET)
 <LI><a href="#[5d]">SystemInit</a> from system_stm32f4xx.o(i.SystemInit) referenced from startup_stm32f407xx.o(.text)
 <LI><a href="#[d]">TAMP_STAMP_IRQHandler</a> from startup_stm32f407xx.o(.text) referenced from startup_stm32f407xx.o(RESET)
 <LI><a href="#[23]">TIM1_BRK_TIM9_IRQHandler</a> from startup_stm32f407xx.o(.text) referenced from startup_stm32f407xx.o(RESET)
 <LI><a href="#[26]">TIM1_CC_IRQHandler</a> from startup_stm32f407xx.o(.text) referenced from startup_stm32f407xx.o(RESET)
 <LI><a href="#[25]">TIM1_TRG_COM_TIM11_IRQHandler</a> from startup_stm32f407xx.o(.text) referenced from startup_stm32f407xx.o(RESET)
 <LI><a href="#[24]">TIM1_UP_TIM10_IRQHandler</a> from startup_stm32f407xx.o(.text) referenced from startup_stm32f407xx.o(RESET)
 <LI><a href="#[27]">TIM2_IRQHandler</a> from bsp_timer.o(i.TIM2_IRQHandler) referenced from startup_stm32f407xx.o(RESET)
 <LI><a href="#[28]">TIM3_IRQHandler</a> from startup_stm32f407xx.o(.text) referenced from startup_stm32f407xx.o(RESET)
 <LI><a href="#[29]">TIM4_IRQHandler</a> from startup_stm32f407xx.o(.text) referenced from startup_stm32f407xx.o(RESET)
 <LI><a href="#[3d]">TIM5_IRQHandler</a> from startup_stm32f407xx.o(.text) referenced from startup_stm32f407xx.o(RESET)
 <LI><a href="#[41]">TIM6_DAC_IRQHandler</a> from startup_stm32f407xx.o(.text) referenced from startup_stm32f407xx.o(RESET)
 <LI><a href="#[42]">TIM7_IRQHandler</a> from startup_stm32f407xx.o(.text) referenced from startup_stm32f407xx.o(RESET)
 <LI><a href="#[36]">TIM8_BRK_TIM12_IRQHandler</a> from startup_stm32f407xx.o(.text) referenced from startup_stm32f407xx.o(RESET)
 <LI><a href="#[39]">TIM8_CC_IRQHandler</a> from startup_stm32f407xx.o(.text) referenced from startup_stm32f407xx.o(RESET)
 <LI><a href="#[38]">TIM8_TRG_COM_TIM14_IRQHandler</a> from startup_stm32f407xx.o(.text) referenced from startup_stm32f407xx.o(RESET)
 <LI><a href="#[37]">TIM8_UP_TIM13_IRQHandler</a> from startup_stm32f407xx.o(.text) referenced from startup_stm32f407xx.o(RESET)
 <LI><a href="#[3f]">UART4_IRQHandler</a> from startup_stm32f407xx.o(.text) referenced from startup_stm32f407xx.o(RESET)
 <LI><a href="#[40]">UART5_IRQHandler</a> from startup_stm32f407xx.o(.text) referenced from startup_stm32f407xx.o(RESET)
 <LI><a href="#[30]">USART1_IRQHandler</a> from bsp_uart_fifo.o(i.USART1_IRQHandler) referenced from startup_stm32f407xx.o(RESET)
 <LI><a href="#[31]">USART2_IRQHandler</a> from startup_stm32f407xx.o(.text) referenced from startup_stm32f407xx.o(RESET)
 <LI><a href="#[32]">USART3_IRQHandler</a> from startup_stm32f407xx.o(.text) referenced from startup_stm32f407xx.o(RESET)
 <LI><a href="#[52]">USART6_IRQHandler</a> from startup_stm32f407xx.o(.text) referenced from startup_stm32f407xx.o(RESET)
 <LI><a href="#[6]">UsageFault_Handler</a> from stm32f4xx_it.o(i.UsageFault_Handler) referenced from startup_stm32f407xx.o(RESET)
 <LI><a href="#[b]">WWDG_IRQHandler</a> from startup_stm32f407xx.o(.text) referenced from startup_stm32f407xx.o(RESET)
 <LI><a href="#[5e]">__main</a> from entry.o(.ARM.Collect$$$$00000000) referenced from startup_stm32f407xx.o(.text)
 <LI><a href="#[6b]">fputc</a> from bsp_uart_fifo.o(i.fputc) referenced from printf8.o(i.__0printf$8)
 <LI><a href="#[5c]">main</a> from main.o(i.main) referenced from entry9a.o(.ARM.Collect$$$$0000000B)
</UL>
<P>
<H3>
Global Symbols
</H3>
<P><STRONG><a name="[5e]"></a>__main</STRONG> (Thumb, 0 bytes, Stack size unknown bytes, entry.o(.ARM.Collect$$$$00000000))
<BR>[Address Reference Count : 1]<UL><LI> startup_stm32f407xx.o(.text)
</UL>
<P><STRONG><a name="[155]"></a>_main_stk</STRONG> (Thumb, 0 bytes, Stack size unknown bytes, entry2.o(.ARM.Collect$$$$00000001))

<P><STRONG><a name="[6c]"></a>_main_scatterload</STRONG> (Thumb, 0 bytes, Stack size unknown bytes, entry5.o(.ARM.Collect$$$$00000004))
<BR><BR>[Calls]<UL><LI><a href="#[6d]">&gt;&gt;</a>&nbsp;&nbsp;&nbsp;__scatterload
</UL>

<P><STRONG><a name="[74]"></a>__main_after_scatterload</STRONG> (Thumb, 0 bytes, Stack size unknown bytes, entry5.o(.ARM.Collect$$$$00000004))
<BR><BR>[Called By]<UL><LI><a href="#[6d]">&gt;&gt;</a>&nbsp;&nbsp;&nbsp;__scatterload
</UL>

<P><STRONG><a name="[156]"></a>_main_clock</STRONG> (Thumb, 0 bytes, Stack size unknown bytes, entry7b.o(.ARM.Collect$$$$00000008))

<P><STRONG><a name="[157]"></a>_main_cpp_init</STRONG> (Thumb, 0 bytes, Stack size unknown bytes, entry8b.o(.ARM.Collect$$$$0000000A))

<P><STRONG><a name="[158]"></a>_main_init</STRONG> (Thumb, 0 bytes, Stack size unknown bytes, entry9a.o(.ARM.Collect$$$$0000000B))

<P><STRONG><a name="[159]"></a>__rt_final_cpp</STRONG> (Thumb, 0 bytes, Stack size unknown bytes, entry10a.o(.ARM.Collect$$$$0000000D))

<P><STRONG><a name="[15a]"></a>__rt_final_exit</STRONG> (Thumb, 0 bytes, Stack size unknown bytes, entry11a.o(.ARM.Collect$$$$0000000F))

<P><STRONG><a name="[1]"></a>Reset_Handler</STRONG> (Thumb, 8 bytes, Stack size 0 bytes, startup_stm32f407xx.o(.text))
<BR>[Address Reference Count : 1]<UL><LI> startup_stm32f407xx.o(RESET)
</UL>
<P><STRONG><a name="[1d]"></a>ADC_IRQHandler</STRONG> (Thumb, 0 bytes, Stack size 0 bytes, startup_stm32f407xx.o(.text))
<BR><BR>[Calls]<UL><LI><a href="#[1d]">&gt;&gt;</a>&nbsp;&nbsp;&nbsp;ADC_IRQHandler
</UL>
<BR>[Called By]<UL><LI><a href="#[1d]">&gt;&gt;</a>&nbsp;&nbsp;&nbsp;ADC_IRQHandler
</UL>
<BR>[Address Reference Count : 1]<UL><LI> startup_stm32f407xx.o(RESET)
</UL>
<P><STRONG><a name="[1f]"></a>CAN1_RX0_IRQHandler</STRONG> (Thumb, 0 bytes, Stack size 0 bytes, startup_stm32f407xx.o(.text))
<BR>[Address Reference Count : 1]<UL><LI> startup_stm32f407xx.o(RESET)
</UL>
<P><STRONG><a name="[20]"></a>CAN1_RX1_IRQHandler</STRONG> (Thumb, 0 bytes, Stack size 0 bytes, startup_stm32f407xx.o(.text))
<BR>[Address Reference Count : 1]<UL><LI> startup_stm32f407xx.o(RESET)
</UL>
<P><STRONG><a name="[21]"></a>CAN1_SCE_IRQHandler</STRONG> (Thumb, 0 bytes, Stack size 0 bytes, startup_stm32f407xx.o(.text))
<BR>[Address Reference Count : 1]<UL><LI> startup_stm32f407xx.o(RESET)
</UL>
<P><STRONG><a name="[1e]"></a>CAN1_TX_IRQHandler</STRONG> (Thumb, 0 bytes, Stack size 0 bytes, startup_stm32f407xx.o(.text))
<BR>[Address Reference Count : 1]<UL><LI> startup_stm32f407xx.o(RESET)
</UL>
<P><STRONG><a name="[4b]"></a>CAN2_RX0_IRQHandler</STRONG> (Thumb, 0 bytes, Stack size 0 bytes, startup_stm32f407xx.o(.text))
<BR>[Address Reference Count : 1]<UL><LI> startup_stm32f407xx.o(RESET)
</UL>
<P><STRONG><a name="[4c]"></a>CAN2_RX1_IRQHandler</STRONG> (Thumb, 0 bytes, Stack size 0 bytes, startup_stm32f407xx.o(.text))
<BR>[Address Reference Count : 1]<UL><LI> startup_stm32f407xx.o(RESET)
</UL>
<P><STRONG><a name="[4d]"></a>CAN2_SCE_IRQHandler</STRONG> (Thumb, 0 bytes, Stack size 0 bytes, startup_stm32f407xx.o(.text))
<BR>[Address Reference Count : 1]<UL><LI> startup_stm32f407xx.o(RESET)
</UL>
<P><STRONG><a name="[4a]"></a>CAN2_TX_IRQHandler</STRONG> (Thumb, 0 bytes, Stack size 0 bytes, startup_stm32f407xx.o(.text))
<BR>[Address Reference Count : 1]<UL><LI> startup_stm32f407xx.o(RESET)
</UL>
<P><STRONG><a name="[59]"></a>DCMI_IRQHandler</STRONG> (Thumb, 0 bytes, Stack size 0 bytes, startup_stm32f407xx.o(.text))
<BR>[Address Reference Count : 1]<UL><LI> startup_stm32f407xx.o(RESET)
</UL>
<P><STRONG><a name="[16]"></a>DMA1_Stream0_IRQHandler</STRONG> (Thumb, 0 bytes, Stack size 0 bytes, startup_stm32f407xx.o(.text))
<BR>[Address Reference Count : 1]<UL><LI> startup_stm32f407xx.o(RESET)
</UL>
<P><STRONG><a name="[17]"></a>DMA1_Stream1_IRQHandler</STRONG> (Thumb, 0 bytes, Stack size 0 bytes, startup_stm32f407xx.o(.text))
<BR>[Address Reference Count : 1]<UL><LI> startup_stm32f407xx.o(RESET)
</UL>
<P><STRONG><a name="[18]"></a>DMA1_Stream2_IRQHandler</STRONG> (Thumb, 0 bytes, Stack size 0 bytes, startup_stm32f407xx.o(.text))
<BR>[Address Reference Count : 1]<UL><LI> startup_stm32f407xx.o(RESET)
</UL>
<P><STRONG><a name="[19]"></a>DMA1_Stream3_IRQHandler</STRONG> (Thumb, 0 bytes, Stack size 0 bytes, startup_stm32f407xx.o(.text))
<BR>[Address Reference Count : 1]<UL><LI> startup_stm32f407xx.o(RESET)
</UL>
<P><STRONG><a name="[1a]"></a>DMA1_Stream4_IRQHandler</STRONG> (Thumb, 0 bytes, Stack size 0 bytes, startup_stm32f407xx.o(.text))
<BR>[Address Reference Count : 1]<UL><LI> startup_stm32f407xx.o(RESET)
</UL>
<P><STRONG><a name="[1b]"></a>DMA1_Stream5_IRQHandler</STRONG> (Thumb, 0 bytes, Stack size 0 bytes, startup_stm32f407xx.o(.text))
<BR>[Address Reference Count : 1]<UL><LI> startup_stm32f407xx.o(RESET)
</UL>
<P><STRONG><a name="[1c]"></a>DMA1_Stream6_IRQHandler</STRONG> (Thumb, 0 bytes, Stack size 0 bytes, startup_stm32f407xx.o(.text))
<BR>[Address Reference Count : 1]<UL><LI> startup_stm32f407xx.o(RESET)
</UL>
<P><STRONG><a name="[3a]"></a>DMA1_Stream7_IRQHandler</STRONG> (Thumb, 0 bytes, Stack size 0 bytes, startup_stm32f407xx.o(.text))
<BR>[Address Reference Count : 1]<UL><LI> startup_stm32f407xx.o(RESET)
</UL>
<P><STRONG><a name="[43]"></a>DMA2_Stream0_IRQHandler</STRONG> (Thumb, 0 bytes, Stack size 0 bytes, startup_stm32f407xx.o(.text))
<BR>[Address Reference Count : 1]<UL><LI> startup_stm32f407xx.o(RESET)
</UL>
<P><STRONG><a name="[44]"></a>DMA2_Stream1_IRQHandler</STRONG> (Thumb, 0 bytes, Stack size 0 bytes, startup_stm32f407xx.o(.text))
<BR>[Address Reference Count : 1]<UL><LI> startup_stm32f407xx.o(RESET)
</UL>
<P><STRONG><a name="[45]"></a>DMA2_Stream2_IRQHandler</STRONG> (Thumb, 0 bytes, Stack size 0 bytes, startup_stm32f407xx.o(.text))
<BR>[Address Reference Count : 1]<UL><LI> startup_stm32f407xx.o(RESET)
</UL>
<P><STRONG><a name="[46]"></a>DMA2_Stream3_IRQHandler</STRONG> (Thumb, 0 bytes, Stack size 0 bytes, startup_stm32f407xx.o(.text))
<BR>[Address Reference Count : 1]<UL><LI> startup_stm32f407xx.o(RESET)
</UL>
<P><STRONG><a name="[47]"></a>DMA2_Stream4_IRQHandler</STRONG> (Thumb, 0 bytes, Stack size 0 bytes, startup_stm32f407xx.o(.text))
<BR>[Address Reference Count : 1]<UL><LI> startup_stm32f407xx.o(RESET)
</UL>
<P><STRONG><a name="[4f]"></a>DMA2_Stream5_IRQHandler</STRONG> (Thumb, 0 bytes, Stack size 0 bytes, startup_stm32f407xx.o(.text))
<BR>[Address Reference Count : 1]<UL><LI> startup_stm32f407xx.o(RESET)
</UL>
<P><STRONG><a name="[50]"></a>DMA2_Stream6_IRQHandler</STRONG> (Thumb, 0 bytes, Stack size 0 bytes, startup_stm32f407xx.o(.text))
<BR>[Address Reference Count : 1]<UL><LI> startup_stm32f407xx.o(RESET)
</UL>
<P><STRONG><a name="[51]"></a>DMA2_Stream7_IRQHandler</STRONG> (Thumb, 0 bytes, Stack size 0 bytes, startup_stm32f407xx.o(.text))
<BR>[Address Reference Count : 1]<UL><LI> startup_stm32f407xx.o(RESET)
</UL>
<P><STRONG><a name="[48]"></a>ETH_IRQHandler</STRONG> (Thumb, 0 bytes, Stack size 0 bytes, startup_stm32f407xx.o(.text))
<BR>[Address Reference Count : 1]<UL><LI> startup_stm32f407xx.o(RESET)
</UL>
<P><STRONG><a name="[49]"></a>ETH_WKUP_IRQHandler</STRONG> (Thumb, 0 bytes, Stack size 0 bytes, startup_stm32f407xx.o(.text))
<BR>[Address Reference Count : 1]<UL><LI> startup_stm32f407xx.o(RESET)
</UL>
<P><STRONG><a name="[11]"></a>EXTI0_IRQHandler</STRONG> (Thumb, 0 bytes, Stack size 0 bytes, startup_stm32f407xx.o(.text))
<BR>[Address Reference Count : 1]<UL><LI> startup_stm32f407xx.o(RESET)
</UL>
<P><STRONG><a name="[33]"></a>EXTI15_10_IRQHandler</STRONG> (Thumb, 0 bytes, Stack size 0 bytes, startup_stm32f407xx.o(.text))
<BR>[Address Reference Count : 1]<UL><LI> startup_stm32f407xx.o(RESET)
</UL>
<P><STRONG><a name="[12]"></a>EXTI1_IRQHandler</STRONG> (Thumb, 0 bytes, Stack size 0 bytes, startup_stm32f407xx.o(.text))
<BR>[Address Reference Count : 1]<UL><LI> startup_stm32f407xx.o(RESET)
</UL>
<P><STRONG><a name="[13]"></a>EXTI2_IRQHandler</STRONG> (Thumb, 0 bytes, Stack size 0 bytes, startup_stm32f407xx.o(.text))
<BR>[Address Reference Count : 1]<UL><LI> startup_stm32f407xx.o(RESET)
</UL>
<P><STRONG><a name="[14]"></a>EXTI3_IRQHandler</STRONG> (Thumb, 0 bytes, Stack size 0 bytes, startup_stm32f407xx.o(.text))
<BR>[Address Reference Count : 1]<UL><LI> startup_stm32f407xx.o(RESET)
</UL>
<P><STRONG><a name="[15]"></a>EXTI4_IRQHandler</STRONG> (Thumb, 0 bytes, Stack size 0 bytes, startup_stm32f407xx.o(.text))
<BR>[Address Reference Count : 1]<UL><LI> startup_stm32f407xx.o(RESET)
</UL>
<P><STRONG><a name="[22]"></a>EXTI9_5_IRQHandler</STRONG> (Thumb, 0 bytes, Stack size 0 bytes, startup_stm32f407xx.o(.text))
<BR>[Address Reference Count : 1]<UL><LI> startup_stm32f407xx.o(RESET)
</UL>
<P><STRONG><a name="[f]"></a>FLASH_IRQHandler</STRONG> (Thumb, 0 bytes, Stack size 0 bytes, startup_stm32f407xx.o(.text))
<BR>[Address Reference Count : 1]<UL><LI> startup_stm32f407xx.o(RESET)
</UL>
<P><STRONG><a name="[3b]"></a>FMC_IRQHandler</STRONG> (Thumb, 0 bytes, Stack size 0 bytes, startup_stm32f407xx.o(.text))
<BR>[Address Reference Count : 1]<UL><LI> startup_stm32f407xx.o(RESET)
</UL>
<P><STRONG><a name="[5b]"></a>FPU_IRQHandler</STRONG> (Thumb, 0 bytes, Stack size 0 bytes, startup_stm32f407xx.o(.text))
<BR>[Address Reference Count : 1]<UL><LI> startup_stm32f407xx.o(RESET)
</UL>
<P><STRONG><a name="[5a]"></a>HASH_RNG_IRQHandler</STRONG> (Thumb, 0 bytes, Stack size 0 bytes, startup_stm32f407xx.o(.text))
<BR>[Address Reference Count : 1]<UL><LI> startup_stm32f407xx.o(RESET)
</UL>
<P><STRONG><a name="[2b]"></a>I2C1_ER_IRQHandler</STRONG> (Thumb, 0 bytes, Stack size 0 bytes, startup_stm32f407xx.o(.text))
<BR>[Address Reference Count : 1]<UL><LI> startup_stm32f407xx.o(RESET)
</UL>
<P><STRONG><a name="[2a]"></a>I2C1_EV_IRQHandler</STRONG> (Thumb, 0 bytes, Stack size 0 bytes, startup_stm32f407xx.o(.text))
<BR>[Address Reference Count : 1]<UL><LI> startup_stm32f407xx.o(RESET)
</UL>
<P><STRONG><a name="[2d]"></a>I2C2_ER_IRQHandler</STRONG> (Thumb, 0 bytes, Stack size 0 bytes, startup_stm32f407xx.o(.text))
<BR>[Address Reference Count : 1]<UL><LI> startup_stm32f407xx.o(RESET)
</UL>
<P><STRONG><a name="[2c]"></a>I2C2_EV_IRQHandler</STRONG> (Thumb, 0 bytes, Stack size 0 bytes, startup_stm32f407xx.o(.text))
<BR>[Address Reference Count : 1]<UL><LI> startup_stm32f407xx.o(RESET)
</UL>
<P><STRONG><a name="[54]"></a>I2C3_ER_IRQHandler</STRONG> (Thumb, 0 bytes, Stack size 0 bytes, startup_stm32f407xx.o(.text))
<BR>[Address Reference Count : 1]<UL><LI> startup_stm32f407xx.o(RESET)
</UL>
<P><STRONG><a name="[53]"></a>I2C3_EV_IRQHandler</STRONG> (Thumb, 0 bytes, Stack size 0 bytes, startup_stm32f407xx.o(.text))
<BR>[Address Reference Count : 1]<UL><LI> startup_stm32f407xx.o(RESET)
</UL>
<P><STRONG><a name="[4e]"></a>OTG_FS_IRQHandler</STRONG> (Thumb, 0 bytes, Stack size 0 bytes, startup_stm32f407xx.o(.text))
<BR>[Address Reference Count : 1]<UL><LI> startup_stm32f407xx.o(RESET)
</UL>
<P><STRONG><a name="[35]"></a>OTG_FS_WKUP_IRQHandler</STRONG> (Thumb, 0 bytes, Stack size 0 bytes, startup_stm32f407xx.o(.text))
<BR>[Address Reference Count : 1]<UL><LI> startup_stm32f407xx.o(RESET)
</UL>
<P><STRONG><a name="[56]"></a>OTG_HS_EP1_IN_IRQHandler</STRONG> (Thumb, 0 bytes, Stack size 0 bytes, startup_stm32f407xx.o(.text))
<BR>[Address Reference Count : 1]<UL><LI> startup_stm32f407xx.o(RESET)
</UL>
<P><STRONG><a name="[55]"></a>OTG_HS_EP1_OUT_IRQHandler</STRONG> (Thumb, 0 bytes, Stack size 0 bytes, startup_stm32f407xx.o(.text))
<BR>[Address Reference Count : 1]<UL><LI> startup_stm32f407xx.o(RESET)
</UL>
<P><STRONG><a name="[58]"></a>OTG_HS_IRQHandler</STRONG> (Thumb, 0 bytes, Stack size 0 bytes, startup_stm32f407xx.o(.text))
<BR>[Address Reference Count : 1]<UL><LI> startup_stm32f407xx.o(RESET)
</UL>
<P><STRONG><a name="[57]"></a>OTG_HS_WKUP_IRQHandler</STRONG> (Thumb, 0 bytes, Stack size 0 bytes, startup_stm32f407xx.o(.text))
<BR>[Address Reference Count : 1]<UL><LI> startup_stm32f407xx.o(RESET)
</UL>
<P><STRONG><a name="[c]"></a>PVD_IRQHandler</STRONG> (Thumb, 0 bytes, Stack size 0 bytes, startup_stm32f407xx.o(.text))
<BR>[Address Reference Count : 1]<UL><LI> startup_stm32f407xx.o(RESET)
</UL>
<P><STRONG><a name="[10]"></a>RCC_IRQHandler</STRONG> (Thumb, 0 bytes, Stack size 0 bytes, startup_stm32f407xx.o(.text))
<BR>[Address Reference Count : 1]<UL><LI> startup_stm32f407xx.o(RESET)
</UL>
<P><STRONG><a name="[34]"></a>RTC_Alarm_IRQHandler</STRONG> (Thumb, 0 bytes, Stack size 0 bytes, startup_stm32f407xx.o(.text))
<BR>[Address Reference Count : 1]<UL><LI> startup_stm32f407xx.o(RESET)
</UL>
<P><STRONG><a name="[e]"></a>RTC_WKUP_IRQHandler</STRONG> (Thumb, 0 bytes, Stack size 0 bytes, startup_stm32f407xx.o(.text))
<BR>[Address Reference Count : 1]<UL><LI> startup_stm32f407xx.o(RESET)
</UL>
<P><STRONG><a name="[3c]"></a>SDIO_IRQHandler</STRONG> (Thumb, 0 bytes, Stack size 0 bytes, startup_stm32f407xx.o(.text))
<BR>[Address Reference Count : 1]<UL><LI> startup_stm32f407xx.o(RESET)
</UL>
<P><STRONG><a name="[2e]"></a>SPI1_IRQHandler</STRONG> (Thumb, 0 bytes, Stack size 0 bytes, startup_stm32f407xx.o(.text))
<BR>[Address Reference Count : 1]<UL><LI> startup_stm32f407xx.o(RESET)
</UL>
<P><STRONG><a name="[2f]"></a>SPI2_IRQHandler</STRONG> (Thumb, 0 bytes, Stack size 0 bytes, startup_stm32f407xx.o(.text))
<BR>[Address Reference Count : 1]<UL><LI> startup_stm32f407xx.o(RESET)
</UL>
<P><STRONG><a name="[3e]"></a>SPI3_IRQHandler</STRONG> (Thumb, 0 bytes, Stack size 0 bytes, startup_stm32f407xx.o(.text))
<BR>[Address Reference Count : 1]<UL><LI> startup_stm32f407xx.o(RESET)
</UL>
<P><STRONG><a name="[d]"></a>TAMP_STAMP_IRQHandler</STRONG> (Thumb, 0 bytes, Stack size 0 bytes, startup_stm32f407xx.o(.text))
<BR>[Address Reference Count : 1]<UL><LI> startup_stm32f407xx.o(RESET)
</UL>
<P><STRONG><a name="[23]"></a>TIM1_BRK_TIM9_IRQHandler</STRONG> (Thumb, 0 bytes, Stack size 0 bytes, startup_stm32f407xx.o(.text))
<BR>[Address Reference Count : 1]<UL><LI> startup_stm32f407xx.o(RESET)
</UL>
<P><STRONG><a name="[26]"></a>TIM1_CC_IRQHandler</STRONG> (Thumb, 0 bytes, Stack size 0 bytes, startup_stm32f407xx.o(.text))
<BR>[Address Reference Count : 1]<UL><LI> startup_stm32f407xx.o(RESET)
</UL>
<P><STRONG><a name="[25]"></a>TIM1_TRG_COM_TIM11_IRQHandler</STRONG> (Thumb, 0 bytes, Stack size 0 bytes, startup_stm32f407xx.o(.text))
<BR>[Address Reference Count : 1]<UL><LI> startup_stm32f407xx.o(RESET)
</UL>
<P><STRONG><a name="[24]"></a>TIM1_UP_TIM10_IRQHandler</STRONG> (Thumb, 0 bytes, Stack size 0 bytes, startup_stm32f407xx.o(.text))
<BR>[Address Reference Count : 1]<UL><LI> startup_stm32f407xx.o(RESET)
</UL>
<P><STRONG><a name="[28]"></a>TIM3_IRQHandler</STRONG> (Thumb, 0 bytes, Stack size 0 bytes, startup_stm32f407xx.o(.text))
<BR>[Address Reference Count : 1]<UL><LI> startup_stm32f407xx.o(RESET)
</UL>
<P><STRONG><a name="[29]"></a>TIM4_IRQHandler</STRONG> (Thumb, 0 bytes, Stack size 0 bytes, startup_stm32f407xx.o(.text))
<BR>[Address Reference Count : 1]<UL><LI> startup_stm32f407xx.o(RESET)
</UL>
<P><STRONG><a name="[3d]"></a>TIM5_IRQHandler</STRONG> (Thumb, 0 bytes, Stack size 0 bytes, startup_stm32f407xx.o(.text))
<BR>[Address Reference Count : 1]<UL><LI> startup_stm32f407xx.o(RESET)
</UL>
<P><STRONG><a name="[41]"></a>TIM6_DAC_IRQHandler</STRONG> (Thumb, 0 bytes, Stack size 0 bytes, startup_stm32f407xx.o(.text))
<BR>[Address Reference Count : 1]<UL><LI> startup_stm32f407xx.o(RESET)
</UL>
<P><STRONG><a name="[42]"></a>TIM7_IRQHandler</STRONG> (Thumb, 0 bytes, Stack size 0 bytes, startup_stm32f407xx.o(.text))
<BR>[Address Reference Count : 1]<UL><LI> startup_stm32f407xx.o(RESET)
</UL>
<P><STRONG><a name="[36]"></a>TIM8_BRK_TIM12_IRQHandler</STRONG> (Thumb, 0 bytes, Stack size 0 bytes, startup_stm32f407xx.o(.text))
<BR>[Address Reference Count : 1]<UL><LI> startup_stm32f407xx.o(RESET)
</UL>
<P><STRONG><a name="[39]"></a>TIM8_CC_IRQHandler</STRONG> (Thumb, 0 bytes, Stack size 0 bytes, startup_stm32f407xx.o(.text))
<BR>[Address Reference Count : 1]<UL><LI> startup_stm32f407xx.o(RESET)
</UL>
<P><STRONG><a name="[38]"></a>TIM8_TRG_COM_TIM14_IRQHandler</STRONG> (Thumb, 0 bytes, Stack size 0 bytes, startup_stm32f407xx.o(.text))
<BR>[Address Reference Count : 1]<UL><LI> startup_stm32f407xx.o(RESET)
</UL>
<P><STRONG><a name="[37]"></a>TIM8_UP_TIM13_IRQHandler</STRONG> (Thumb, 0 bytes, Stack size 0 bytes, startup_stm32f407xx.o(.text))
<BR>[Address Reference Count : 1]<UL><LI> startup_stm32f407xx.o(RESET)
</UL>
<P><STRONG><a name="[3f]"></a>UART4_IRQHandler</STRONG> (Thumb, 0 bytes, Stack size 0 bytes, startup_stm32f407xx.o(.text))
<BR>[Address Reference Count : 1]<UL><LI> startup_stm32f407xx.o(RESET)
</UL>
<P><STRONG><a name="[40]"></a>UART5_IRQHandler</STRONG> (Thumb, 0 bytes, Stack size 0 bytes, startup_stm32f407xx.o(.text))
<BR>[Address Reference Count : 1]<UL><LI> startup_stm32f407xx.o(RESET)
</UL>
<P><STRONG><a name="[31]"></a>USART2_IRQHandler</STRONG> (Thumb, 0 bytes, Stack size 0 bytes, startup_stm32f407xx.o(.text))
<BR>[Address Reference Count : 1]<UL><LI> startup_stm32f407xx.o(RESET)
</UL>
<P><STRONG><a name="[32]"></a>USART3_IRQHandler</STRONG> (Thumb, 0 bytes, Stack size 0 bytes, startup_stm32f407xx.o(.text))
<BR>[Address Reference Count : 1]<UL><LI> startup_stm32f407xx.o(RESET)
</UL>
<P><STRONG><a name="[52]"></a>USART6_IRQHandler</STRONG> (Thumb, 0 bytes, Stack size 0 bytes, startup_stm32f407xx.o(.text))
<BR>[Address Reference Count : 1]<UL><LI> startup_stm32f407xx.o(RESET)
</UL>
<P><STRONG><a name="[b]"></a>WWDG_IRQHandler</STRONG> (Thumb, 0 bytes, Stack size 0 bytes, startup_stm32f407xx.o(.text))
<BR>[Address Reference Count : 1]<UL><LI> startup_stm32f407xx.o(RESET)
</UL>
<P><STRONG><a name="[6e]"></a>__aeabi_uldivmod</STRONG> (Thumb, 98 bytes, Stack size 40 bytes, uldiv.o(.text))
<BR><BR>[Stack]<UL><LI>Max Depth = 40<LI>Call Chain = __aeabi_uldivmod
</UL>
<BR>[Calls]<UL><LI><a href="#[6f]">&gt;&gt;</a>&nbsp;&nbsp;&nbsp;__aeabi_llsr
<LI><a href="#[70]">&gt;&gt;</a>&nbsp;&nbsp;&nbsp;__aeabi_llsl
</UL>
<BR>[Called By]<UL><LI><a href="#[a4]">&gt;&gt;</a>&nbsp;&nbsp;&nbsp;HAL_RCC_GetSysClockFreq
<LI><a href="#[127]">&gt;&gt;</a>&nbsp;&nbsp;&nbsp;_printf_core
</UL>

<P><STRONG><a name="[124]"></a>__aeabi_memcpy</STRONG> (Thumb, 36 bytes, Stack size 0 bytes, memcpya.o(.text))
<BR><BR>[Called By]<UL><LI><a href="#[125]">&gt;&gt;</a>&nbsp;&nbsp;&nbsp;sf_ReadBuffer
<LI><a href="#[d9]">&gt;&gt;</a>&nbsp;&nbsp;&nbsp;_LCD_ReadSmallDot
<LI><a href="#[da]">&gt;&gt;</a>&nbsp;&nbsp;&nbsp;_LCD_ReadHZDot
<LI><a href="#[d8]">&gt;&gt;</a>&nbsp;&nbsp;&nbsp;_LCD_ReadAsciiDot
</UL>

<P><STRONG><a name="[15b]"></a>__aeabi_memcpy4</STRONG> (Thumb, 0 bytes, Stack size 0 bytes, memcpya.o(.text), UNUSED)

<P><STRONG><a name="[15c]"></a>__aeabi_memcpy8</STRONG> (Thumb, 0 bytes, Stack size 0 bytes, memcpya.o(.text), UNUSED)

<P><STRONG><a name="[72]"></a>__aeabi_memset</STRONG> (Thumb, 14 bytes, Stack size 0 bytes, memseta.o(.text))
<BR><BR>[Called By]<UL><LI><a href="#[da]">&gt;&gt;</a>&nbsp;&nbsp;&nbsp;_LCD_ReadHZDot
<LI><a href="#[73]">&gt;&gt;</a>&nbsp;&nbsp;&nbsp;_memset$wrapper
<LI><a href="#[71]">&gt;&gt;</a>&nbsp;&nbsp;&nbsp;__aeabi_memclr
</UL>

<P><STRONG><a name="[15d]"></a>__aeabi_memset4</STRONG> (Thumb, 0 bytes, Stack size 0 bytes, memseta.o(.text), UNUSED)

<P><STRONG><a name="[15e]"></a>__aeabi_memset8</STRONG> (Thumb, 0 bytes, Stack size 0 bytes, memseta.o(.text), UNUSED)

<P><STRONG><a name="[71]"></a>__aeabi_memclr</STRONG> (Thumb, 4 bytes, Stack size 0 bytes, memseta.o(.text), UNUSED)
<BR><BR>[Calls]<UL><LI><a href="#[72]">&gt;&gt;</a>&nbsp;&nbsp;&nbsp;__aeabi_memset
</UL>

<P><STRONG><a name="[dd]"></a>__aeabi_memclr4</STRONG> (Thumb, 0 bytes, Stack size 0 bytes, memseta.o(.text))
<BR><BR>[Called By]<UL><LI><a href="#[77]">&gt;&gt;</a>&nbsp;&nbsp;&nbsp;bsp_SetTIMOutPWM
<LI><a href="#[13d]">&gt;&gt;</a>&nbsp;&nbsp;&nbsp;bsp_InitHardTimer
<LI><a href="#[dc]">&gt;&gt;</a>&nbsp;&nbsp;&nbsp;LCD_FSMCConfig
</UL>

<P><STRONG><a name="[15f]"></a>__aeabi_memclr8</STRONG> (Thumb, 0 bytes, Stack size 0 bytes, memseta.o(.text), UNUSED)

<P><STRONG><a name="[73]"></a>_memset$wrapper</STRONG> (Thumb, 18 bytes, Stack size 8 bytes, memseta.o(.text), UNUSED)
<BR><BR>[Calls]<UL><LI><a href="#[72]">&gt;&gt;</a>&nbsp;&nbsp;&nbsp;__aeabi_memset
</UL>

<P><STRONG><a name="[152]"></a>strcpy</STRONG> (Thumb, 18 bytes, Stack size 0 bytes, strcpy.o(.text))
<BR><BR>[Called By]<UL><LI><a href="#[143]">&gt;&gt;</a>&nbsp;&nbsp;&nbsp;sf_ReadInfo
</UL>

<P><STRONG><a name="[70]"></a>__aeabi_llsl</STRONG> (Thumb, 30 bytes, Stack size 0 bytes, llshl.o(.text))
<BR><BR>[Called By]<UL><LI><a href="#[6e]">&gt;&gt;</a>&nbsp;&nbsp;&nbsp;__aeabi_uldivmod
</UL>

<P><STRONG><a name="[160]"></a>_ll_shift_l</STRONG> (Thumb, 0 bytes, Stack size 0 bytes, llshl.o(.text), UNUSED)

<P><STRONG><a name="[6f]"></a>__aeabi_llsr</STRONG> (Thumb, 32 bytes, Stack size 0 bytes, llushr.o(.text))
<BR><BR>[Called By]<UL><LI><a href="#[6e]">&gt;&gt;</a>&nbsp;&nbsp;&nbsp;__aeabi_uldivmod
</UL>

<P><STRONG><a name="[161]"></a>_ll_ushift_r</STRONG> (Thumb, 0 bytes, Stack size 0 bytes, llushr.o(.text), UNUSED)

<P><STRONG><a name="[6d]"></a>__scatterload</STRONG> (Thumb, 28 bytes, Stack size 0 bytes, init.o(.text))
<BR><BR>[Calls]<UL><LI><a href="#[74]">&gt;&gt;</a>&nbsp;&nbsp;&nbsp;__main_after_scatterload
</UL>
<BR>[Called By]<UL><LI><a href="#[6c]">&gt;&gt;</a>&nbsp;&nbsp;&nbsp;_main_scatterload
</UL>

<P><STRONG><a name="[162]"></a>__scatterload_rt2</STRONG> (Thumb, 0 bytes, Stack size 0 bytes, init.o(.text), UNUSED)

<P><STRONG><a name="[3]"></a>HardFault_Handler</STRONG> (Thumb, 0 bytes, Stack size unknown bytes, hardfaulthandler.o(OSKERNEL))
<BR><BR>[Stack]<UL><LI>Max Depth = 8 + Unknown Stack Size
<LI>Call Chain = HardFault_Handler &rArr; HardFaultHandler
</UL>
<BR>[Calls]<UL><LI><a href="#[75]">&gt;&gt;</a>&nbsp;&nbsp;&nbsp;HardFaultHandler
</UL>
<BR>[Address Reference Count : 1]<UL><LI> startup_stm32f407xx.o(RESET)
</UL>
<P><STRONG><a name="[139]"></a>BEEP_InitHard</STRONG> (Thumb, 8 bytes, Stack size 0 bytes, bsp_beep.o(i.BEEP_InitHard))
<BR><BR>[Called By]<UL><LI><a href="#[134]">&gt;&gt;</a>&nbsp;&nbsp;&nbsp;bsp_Init
</UL>

<P><STRONG><a name="[76]"></a>BEEP_Pro</STRONG> (Thumb, 198 bytes, Stack size 16 bytes, bsp_beep.o(i.BEEP_Pro))
<BR><BR>[Stack]<UL><LI>Max Depth = 240<LI>Call Chain = BEEP_Pro &rArr; bsp_SetTIMOutPWM &rArr; bsp_ConfigTimGpio &rArr; HAL_GPIO_Init
</UL>
<BR>[Calls]<UL><LI><a href="#[77]">&gt;&gt;</a>&nbsp;&nbsp;&nbsp;bsp_SetTIMOutPWM
</UL>
<BR>[Called By]<UL><LI><a href="#[10a]">&gt;&gt;</a>&nbsp;&nbsp;&nbsp;bsp_RunPer10ms
</UL>

<P><STRONG><a name="[5]"></a>BusFault_Handler</STRONG> (Thumb, 4 bytes, Stack size 0 bytes, stm32f4xx_it.o(i.BusFault_Handler))
<BR>[Address Reference Count : 1]<UL><LI> startup_stm32f407xx.o(RESET)
</UL>
<P><STRONG><a name="[80]"></a>ComToUart</STRONG> (Thumb, 62 bytes, Stack size 8 bytes, bsp_uart_fifo.o(i.ComToUart))
<BR><BR>[Stack]<UL><LI>Max Depth = 8<LI>Call Chain = ComToUart
</UL>
<BR>[Calls]<UL><LI><a href="#[81]">&gt;&gt;</a>&nbsp;&nbsp;&nbsp;Error_Handler
</UL>
<BR>[Called By]<UL><LI><a href="#[14a]">&gt;&gt;</a>&nbsp;&nbsp;&nbsp;comSendBuf
</UL>

<P><STRONG><a name="[8]"></a>DebugMon_Handler</STRONG> (Thumb, 2 bytes, Stack size 0 bytes, stm32f4xx_it.o(i.DebugMon_Handler))
<BR>[Address Reference Count : 1]<UL><LI> startup_stm32f407xx.o(RESET)
</UL>
<P><STRONG><a name="[81]"></a>Error_Handler</STRONG> (Thumb, 8 bytes, Stack size 0 bytes, bsp.o(i.Error_Handler))
<BR><BR>[Called By]<UL><LI><a href="#[77]">&gt;&gt;</a>&nbsp;&nbsp;&nbsp;bsp_SetTIMOutPWM
<LI><a href="#[10b]">&gt;&gt;</a>&nbsp;&nbsp;&nbsp;SystemClock_Config
<LI><a href="#[149]">&gt;&gt;</a>&nbsp;&nbsp;&nbsp;bsp_spiTransfer
<LI><a href="#[144]">&gt;&gt;</a>&nbsp;&nbsp;&nbsp;bsp_InitSPIParam
<LI><a href="#[12d]">&gt;&gt;</a>&nbsp;&nbsp;&nbsp;bsp_RCC_TIM_Enable
<LI><a href="#[12e]">&gt;&gt;</a>&nbsp;&nbsp;&nbsp;bsp_GetAFofTIM
<LI><a href="#[c9]">&gt;&gt;</a>&nbsp;&nbsp;&nbsp;bsp_SetUartParam
<LI><a href="#[80]">&gt;&gt;</a>&nbsp;&nbsp;&nbsp;ComToUart
<LI><a href="#[13d]">&gt;&gt;</a>&nbsp;&nbsp;&nbsp;bsp_InitHardTimer
<LI><a href="#[dc]">&gt;&gt;</a>&nbsp;&nbsp;&nbsp;LCD_FSMCConfig
</UL>

<P><STRONG><a name="[b5]"></a>FSMC_NORSRAM_Extended_Timing_Init</STRONG> (Thumb, 66 bytes, Stack size 16 bytes, stm32f4xx_ll_fsmc.o(i.FSMC_NORSRAM_Extended_Timing_Init))
<BR><BR>[Stack]<UL><LI>Max Depth = 16<LI>Call Chain = FSMC_NORSRAM_Extended_Timing_Init
</UL>
<BR>[Called By]<UL><LI><a href="#[b1]">&gt;&gt;</a>&nbsp;&nbsp;&nbsp;HAL_SRAM_Init
</UL>

<P><STRONG><a name="[b3]"></a>FSMC_NORSRAM_Init</STRONG> (Thumb, 88 bytes, Stack size 8 bytes, stm32f4xx_ll_fsmc.o(i.FSMC_NORSRAM_Init))
<BR><BR>[Stack]<UL><LI>Max Depth = 8<LI>Call Chain = FSMC_NORSRAM_Init
</UL>
<BR>[Called By]<UL><LI><a href="#[b1]">&gt;&gt;</a>&nbsp;&nbsp;&nbsp;HAL_SRAM_Init
</UL>

<P><STRONG><a name="[b4]"></a>FSMC_NORSRAM_Timing_Init</STRONG> (Thumb, 68 bytes, Stack size 12 bytes, stm32f4xx_ll_fsmc.o(i.FSMC_NORSRAM_Timing_Init))
<BR><BR>[Stack]<UL><LI>Max Depth = 12<LI>Call Chain = FSMC_NORSRAM_Timing_Init
</UL>
<BR>[Called By]<UL><LI><a href="#[b1]">&gt;&gt;</a>&nbsp;&nbsp;&nbsp;HAL_SRAM_Init
</UL>

<P><STRONG><a name="[110]"></a>FT5X06_InitHard</STRONG> (Thumb, 12 bytes, Stack size 0 bytes, bsp_ts_ft5x06.o(i.FT5X06_InitHard))
<BR><BR>[Called By]<UL><LI><a href="#[10e]">&gt;&gt;</a>&nbsp;&nbsp;&nbsp;TOUCH_InitHard
</UL>

<P><STRONG><a name="[82]"></a>FT5X06_ReadID</STRONG> (Thumb, 26 bytes, Stack size 8 bytes, bsp_ts_ft5x06.o(i.FT5X06_ReadID))
<BR><BR>[Stack]<UL><LI>Max Depth = 76<LI>Call Chain = FT5X06_ReadID &rArr; FT5X06_ReadReg &rArr; i2c_SendByte &rArr; i2c_Delay &rArr; bsp_DelayUS
</UL>
<BR>[Calls]<UL><LI><a href="#[83]">&gt;&gt;</a>&nbsp;&nbsp;&nbsp;FT5X06_ReadReg
</UL>
<BR>[Called By]<UL><LI><a href="#[10f]">&gt;&gt;</a>&nbsp;&nbsp;&nbsp;bsp_DetectLcdType
</UL>

<P><STRONG><a name="[8b]"></a>FT5X06_Scan</STRONG> (Thumb, 542 bytes, Stack size 56 bytes, bsp_ts_ft5x06.o(i.FT5X06_Scan))
<BR><BR>[Stack]<UL><LI>Max Depth = 144<LI>Call Chain = FT5X06_Scan &rArr; TOUCH_PutKey &rArr; TOUCH_TransY &rArr; CalTwoPoint
</UL>
<BR>[Calls]<UL><LI><a href="#[83]">&gt;&gt;</a>&nbsp;&nbsp;&nbsp;FT5X06_ReadReg
<LI><a href="#[8c]">&gt;&gt;</a>&nbsp;&nbsp;&nbsp;TOUCH_PenInt
<LI><a href="#[8d]">&gt;&gt;</a>&nbsp;&nbsp;&nbsp;TOUCH_PutKey
<LI><a href="#[8e]">&gt;&gt;</a>&nbsp;&nbsp;&nbsp;__2printf
</UL>
<BR>[Called By]<UL><LI><a href="#[10d]">&gt;&gt;</a>&nbsp;&nbsp;&nbsp;TOUCH_CapScan
</UL>

<P><STRONG><a name="[11b]"></a>FT5X06_Timer1ms</STRONG> (Thumb, 12 bytes, Stack size 0 bytes, bsp_ts_ft5x06.o(i.FT5X06_Timer1ms))
<BR><BR>[Called By]<UL><LI><a href="#[f2]">&gt;&gt;</a>&nbsp;&nbsp;&nbsp;TOUCH_Scan
</UL>

<P><STRONG><a name="[8f]"></a>GT811_InitHard</STRONG> (Thumb, 80 bytes, Stack size 8 bytes, bsp_gt811.o(i.GT811_InitHard))
<BR><BR>[Stack]<UL><LI>Max Depth = 76<LI>Call Chain = GT811_InitHard &rArr; GT811_WriteReg &rArr; i2c_SendByte &rArr; i2c_Delay &rArr; bsp_DelayUS
</UL>
<BR>[Calls]<UL><LI><a href="#[90]">&gt;&gt;</a>&nbsp;&nbsp;&nbsp;GT811_WriteReg
</UL>
<BR>[Called By]<UL><LI><a href="#[10e]">&gt;&gt;</a>&nbsp;&nbsp;&nbsp;TOUCH_InitHard
</UL>

<P><STRONG><a name="[92]"></a>GT811_Scan</STRONG> (Thumb, 424 bytes, Stack size 64 bytes, bsp_gt811.o(i.GT811_Scan))
<BR><BR>[Stack]<UL><LI>Max Depth = 152<LI>Call Chain = GT811_Scan &rArr; TOUCH_PutKey &rArr; TOUCH_TransY &rArr; CalTwoPoint
</UL>
<BR>[Calls]<UL><LI><a href="#[91]">&gt;&gt;</a>&nbsp;&nbsp;&nbsp;GT811_ReadReg
<LI><a href="#[8d]">&gt;&gt;</a>&nbsp;&nbsp;&nbsp;TOUCH_PutKey
</UL>
<BR>[Called By]<UL><LI><a href="#[10d]">&gt;&gt;</a>&nbsp;&nbsp;&nbsp;TOUCH_CapScan
</UL>

<P><STRONG><a name="[119]"></a>GT811_Timer1ms</STRONG> (Thumb, 12 bytes, Stack size 0 bytes, bsp_gt811.o(i.GT811_Timer1ms))
<BR><BR>[Called By]<UL><LI><a href="#[f2]">&gt;&gt;</a>&nbsp;&nbsp;&nbsp;TOUCH_Scan
</UL>

<P><STRONG><a name="[93]"></a>GT911_InitHard</STRONG> (Thumb, 26 bytes, Stack size 8 bytes, bsp_gt911.o(i.GT911_InitHard))
<BR><BR>[Stack]<UL><LI>Max Depth = 184<LI>Call Chain = GT911_InitHard &rArr; bsp_DelayMS &rArr; bsp_Idle &rArr; TOUCH_CapScan &rArr; GT911_Scan &rArr; TOUCH_PutKey &rArr; TOUCH_TransY &rArr; CalTwoPoint
</UL>
<BR>[Calls]<UL><LI><a href="#[94]">&gt;&gt;</a>&nbsp;&nbsp;&nbsp;bsp_DelayMS
</UL>
<BR>[Called By]<UL><LI><a href="#[10e]">&gt;&gt;</a>&nbsp;&nbsp;&nbsp;TOUCH_InitHard
</UL>

<P><STRONG><a name="[95]"></a>GT911_ReadID</STRONG> (Thumb, 44 bytes, Stack size 8 bytes, bsp_gt911.o(i.GT911_ReadID))
<BR><BR>[Stack]<UL><LI>Max Depth = 76<LI>Call Chain = GT911_ReadID &rArr; GT911_ReadReg &rArr; i2c_SendByte &rArr; i2c_Delay &rArr; bsp_DelayUS
</UL>
<BR>[Calls]<UL><LI><a href="#[96]">&gt;&gt;</a>&nbsp;&nbsp;&nbsp;GT911_ReadReg
</UL>
<BR>[Called By]<UL><LI><a href="#[10f]">&gt;&gt;</a>&nbsp;&nbsp;&nbsp;bsp_DetectLcdType
</UL>

<P><STRONG><a name="[97]"></a>GT911_ReadMaxXY</STRONG> (Thumb, 48 bytes, Stack size 16 bytes, bsp_gt911.o(i.GT911_ReadMaxXY))
<BR><BR>[Stack]<UL><LI>Max Depth = 84<LI>Call Chain = GT911_ReadMaxXY &rArr; GT911_ReadReg &rArr; i2c_SendByte &rArr; i2c_Delay &rArr; bsp_DelayUS
</UL>
<BR>[Calls]<UL><LI><a href="#[96]">&gt;&gt;</a>&nbsp;&nbsp;&nbsp;GT911_ReadReg
</UL>
<BR>[Called By]<UL><LI><a href="#[10f]">&gt;&gt;</a>&nbsp;&nbsp;&nbsp;bsp_DetectLcdType
</UL>

<P><STRONG><a name="[98]"></a>GT911_Scan</STRONG> (Thumb, 250 bytes, Stack size 64 bytes, bsp_gt911.o(i.GT911_Scan))
<BR><BR>[Stack]<UL><LI>Max Depth = 152<LI>Call Chain = GT911_Scan &rArr; TOUCH_PutKey &rArr; TOUCH_TransY &rArr; CalTwoPoint
</UL>
<BR>[Calls]<UL><LI><a href="#[8c]">&gt;&gt;</a>&nbsp;&nbsp;&nbsp;TOUCH_PenInt
<LI><a href="#[99]">&gt;&gt;</a>&nbsp;&nbsp;&nbsp;GT911_WriteReg
<LI><a href="#[96]">&gt;&gt;</a>&nbsp;&nbsp;&nbsp;GT911_ReadReg
<LI><a href="#[8d]">&gt;&gt;</a>&nbsp;&nbsp;&nbsp;TOUCH_PutKey
</UL>
<BR>[Called By]<UL><LI><a href="#[10d]">&gt;&gt;</a>&nbsp;&nbsp;&nbsp;TOUCH_CapScan
</UL>

<P><STRONG><a name="[11a]"></a>GT911_Timer1ms</STRONG> (Thumb, 12 bytes, Stack size 0 bytes, bsp_gt911.o(i.GT911_Timer1ms))
<BR><BR>[Called By]<UL><LI><a href="#[f2]">&gt;&gt;</a>&nbsp;&nbsp;&nbsp;TOUCH_Scan
</UL>

<P><STRONG><a name="[10c]"></a>HAL_EnableCompensationCell</STRONG> (Thumb, 8 bytes, Stack size 0 bytes, stm32f4xx_hal.o(i.HAL_EnableCompensationCell))
<BR><BR>[Called By]<UL><LI><a href="#[10b]">&gt;&gt;</a>&nbsp;&nbsp;&nbsp;SystemClock_Config
</UL>

<P><STRONG><a name="[ad]"></a>HAL_GPIO_Init</STRONG> (Thumb, 466 bytes, Stack size 24 bytes, stm32f4xx_hal_gpio.o(i.HAL_GPIO_Init))
<BR><BR>[Stack]<UL><LI>Max Depth = 24<LI>Call Chain = HAL_GPIO_Init
</UL>
<BR>[Called By]<UL><LI><a href="#[140]">&gt;&gt;</a>&nbsp;&nbsp;&nbsp;bsp_InitKeyHard
<LI><a href="#[13c]">&gt;&gt;</a>&nbsp;&nbsp;&nbsp;bsp_InitSFlash
<LI><a href="#[138]">&gt;&gt;</a>&nbsp;&nbsp;&nbsp;bsp_InitLed
<LI><a href="#[13a]">&gt;&gt;</a>&nbsp;&nbsp;&nbsp;bsp_InitI2C
<LI><a href="#[10e]">&gt;&gt;</a>&nbsp;&nbsp;&nbsp;TOUCH_InitHard
<LI><a href="#[ac]">&gt;&gt;</a>&nbsp;&nbsp;&nbsp;HAL_SPI_MspInit
<LI><a href="#[12c]">&gt;&gt;</a>&nbsp;&nbsp;&nbsp;bsp_ConfigTimGpio
<LI><a href="#[12a]">&gt;&gt;</a>&nbsp;&nbsp;&nbsp;bsp_ConfigGpioOut
<LI><a href="#[fc]">&gt;&gt;</a>&nbsp;&nbsp;&nbsp;RS485_InitTXE
<LI><a href="#[c7]">&gt;&gt;</a>&nbsp;&nbsp;&nbsp;InitHardUart
<LI><a href="#[cc]">&gt;&gt;</a>&nbsp;&nbsp;&nbsp;LCD_CtrlLinesConfig
<LI><a href="#[e9]">&gt;&gt;</a>&nbsp;&nbsp;&nbsp;RA8875_ConfigGPIO
</UL>

<P><STRONG><a name="[147]"></a>HAL_GPIO_WritePin</STRONG> (Thumb, 12 bytes, Stack size 0 bytes, stm32f4xx_hal_gpio.o(i.HAL_GPIO_WritePin))
<BR><BR>[Called By]<UL><LI><a href="#[77]">&gt;&gt;</a>&nbsp;&nbsp;&nbsp;bsp_SetTIMOutPWM
</UL>

<P><STRONG><a name="[a3]"></a>HAL_GetTick</STRONG> (Thumb, 6 bytes, Stack size 0 bytes, stm32f4xx_hal.o(i.HAL_GetTick))
<BR><BR>[Called By]<UL><LI><a href="#[a8]">&gt;&gt;</a>&nbsp;&nbsp;&nbsp;HAL_RCC_OscConfig
<LI><a href="#[a2]">&gt;&gt;</a>&nbsp;&nbsp;&nbsp;HAL_RCC_ClockConfig
<LI><a href="#[ae]">&gt;&gt;</a>&nbsp;&nbsp;&nbsp;HAL_SPI_TransmitReceive
<LI><a href="#[af]">&gt;&gt;</a>&nbsp;&nbsp;&nbsp;SPI_WaitFlagStateUntilTimeout
</UL>

<P><STRONG><a name="[106]"></a>HAL_IncTick</STRONG> (Thumb, 16 bytes, Stack size 0 bytes, stm32f4xx_hal.o(i.HAL_IncTick))
<BR><BR>[Called By]<UL><LI><a href="#[a]">&gt;&gt;</a>&nbsp;&nbsp;&nbsp;SysTick_Handler
</UL>

<P><STRONG><a name="[9a]"></a>HAL_Init</STRONG> (Thumb, 54 bytes, Stack size 8 bytes, stm32f4xx_hal.o(i.HAL_Init))
<BR><BR>[Stack]<UL><LI>Max Depth = 72<LI>Call Chain = HAL_Init &rArr; HAL_InitTick &rArr; HAL_NVIC_SetPriority &rArr; __NVIC_SetPriority
</UL>
<BR>[Calls]<UL><LI><a href="#[9d]">&gt;&gt;</a>&nbsp;&nbsp;&nbsp;HAL_MspInit
<LI><a href="#[9c]">&gt;&gt;</a>&nbsp;&nbsp;&nbsp;HAL_InitTick
<LI><a href="#[9b]">&gt;&gt;</a>&nbsp;&nbsp;&nbsp;HAL_NVIC_SetPriorityGrouping
</UL>
<BR>[Called By]<UL><LI><a href="#[134]">&gt;&gt;</a>&nbsp;&nbsp;&nbsp;bsp_Init
</UL>

<P><STRONG><a name="[9c]"></a>HAL_InitTick</STRONG> (Thumb, 64 bytes, Stack size 16 bytes, stm32f4xx_hal.o(i.HAL_InitTick))
<BR><BR>[Stack]<UL><LI>Max Depth = 64<LI>Call Chain = HAL_InitTick &rArr; HAL_NVIC_SetPriority &rArr; __NVIC_SetPriority
</UL>
<BR>[Calls]<UL><LI><a href="#[9f]">&gt;&gt;</a>&nbsp;&nbsp;&nbsp;HAL_NVIC_SetPriority
<LI><a href="#[9e]">&gt;&gt;</a>&nbsp;&nbsp;&nbsp;HAL_SYSTICK_Config
</UL>
<BR>[Called By]<UL><LI><a href="#[a2]">&gt;&gt;</a>&nbsp;&nbsp;&nbsp;HAL_RCC_ClockConfig
<LI><a href="#[9a]">&gt;&gt;</a>&nbsp;&nbsp;&nbsp;HAL_Init
</UL>

<P><STRONG><a name="[9d]"></a>HAL_MspInit</STRONG> (Thumb, 2 bytes, Stack size 0 bytes, stm32f4xx_hal.o(i.HAL_MspInit))
<BR><BR>[Called By]<UL><LI><a href="#[9a]">&gt;&gt;</a>&nbsp;&nbsp;&nbsp;HAL_Init
</UL>

<P><STRONG><a name="[c8]"></a>HAL_NVIC_EnableIRQ</STRONG> (Thumb, 32 bytes, Stack size 0 bytes, stm32f4xx_hal_cortex.o(i.HAL_NVIC_EnableIRQ))
<BR><BR>[Called By]<UL><LI><a href="#[c7]">&gt;&gt;</a>&nbsp;&nbsp;&nbsp;InitHardUart
<LI><a href="#[13d]">&gt;&gt;</a>&nbsp;&nbsp;&nbsp;bsp_InitHardTimer
</UL>

<P><STRONG><a name="[9f]"></a>HAL_NVIC_SetPriority</STRONG> (Thumb, 124 bytes, Stack size 40 bytes, stm32f4xx_hal_cortex.o(i.HAL_NVIC_SetPriority))
<BR><BR>[Stack]<UL><LI>Max Depth = 48<LI>Call Chain = HAL_NVIC_SetPriority &rArr; __NVIC_SetPriority
</UL>
<BR>[Calls]<UL><LI><a href="#[a1]">&gt;&gt;</a>&nbsp;&nbsp;&nbsp;__NVIC_SetPriority
<LI><a href="#[a0]">&gt;&gt;</a>&nbsp;&nbsp;&nbsp;__NVIC_GetPriorityGrouping
</UL>
<BR>[Called By]<UL><LI><a href="#[c7]">&gt;&gt;</a>&nbsp;&nbsp;&nbsp;InitHardUart
<LI><a href="#[13d]">&gt;&gt;</a>&nbsp;&nbsp;&nbsp;bsp_InitHardTimer
<LI><a href="#[9c]">&gt;&gt;</a>&nbsp;&nbsp;&nbsp;HAL_InitTick
</UL>

<P><STRONG><a name="[9b]"></a>HAL_NVIC_SetPriorityGrouping</STRONG> (Thumb, 32 bytes, Stack size 0 bytes, stm32f4xx_hal_cortex.o(i.HAL_NVIC_SetPriorityGrouping))
<BR><BR>[Called By]<UL><LI><a href="#[9a]">&gt;&gt;</a>&nbsp;&nbsp;&nbsp;HAL_Init
</UL>

<P><STRONG><a name="[a2]"></a>HAL_RCC_ClockConfig</STRONG> (Thumb, 366 bytes, Stack size 16 bytes, stm32f4xx_hal_rcc.o(i.HAL_RCC_ClockConfig))
<BR><BR>[Stack]<UL><LI>Max Depth = 88<LI>Call Chain = HAL_RCC_ClockConfig &rArr; HAL_RCC_GetSysClockFreq &rArr; __aeabi_uldivmod
</UL>
<BR>[Calls]<UL><LI><a href="#[a4]">&gt;&gt;</a>&nbsp;&nbsp;&nbsp;HAL_RCC_GetSysClockFreq
<LI><a href="#[9c]">&gt;&gt;</a>&nbsp;&nbsp;&nbsp;HAL_InitTick
<LI><a href="#[a3]">&gt;&gt;</a>&nbsp;&nbsp;&nbsp;HAL_GetTick
</UL>
<BR>[Called By]<UL><LI><a href="#[10b]">&gt;&gt;</a>&nbsp;&nbsp;&nbsp;SystemClock_Config
</UL>

<P><STRONG><a name="[a6]"></a>HAL_RCC_GetHCLKFreq</STRONG> (Thumb, 6 bytes, Stack size 0 bytes, stm32f4xx_hal_rcc.o(i.HAL_RCC_GetHCLKFreq))
<BR><BR>[Called By]<UL><LI><a href="#[a7]">&gt;&gt;</a>&nbsp;&nbsp;&nbsp;HAL_RCC_GetPCLK2Freq
<LI><a href="#[a5]">&gt;&gt;</a>&nbsp;&nbsp;&nbsp;HAL_RCC_GetPCLK1Freq
</UL>

<P><STRONG><a name="[a5]"></a>HAL_RCC_GetPCLK1Freq</STRONG> (Thumb, 22 bytes, Stack size 4 bytes, stm32f4xx_hal_rcc.o(i.HAL_RCC_GetPCLK1Freq))
<BR><BR>[Stack]<UL><LI>Max Depth = 4<LI>Call Chain = HAL_RCC_GetPCLK1Freq
</UL>
<BR>[Calls]<UL><LI><a href="#[a6]">&gt;&gt;</a>&nbsp;&nbsp;&nbsp;HAL_RCC_GetHCLKFreq
</UL>
<BR>[Called By]<UL><LI><a href="#[c6]">&gt;&gt;</a>&nbsp;&nbsp;&nbsp;UART_SetConfig
</UL>

<P><STRONG><a name="[a7]"></a>HAL_RCC_GetPCLK2Freq</STRONG> (Thumb, 22 bytes, Stack size 4 bytes, stm32f4xx_hal_rcc.o(i.HAL_RCC_GetPCLK2Freq))
<BR><BR>[Stack]<UL><LI>Max Depth = 4<LI>Call Chain = HAL_RCC_GetPCLK2Freq
</UL>
<BR>[Calls]<UL><LI><a href="#[a6]">&gt;&gt;</a>&nbsp;&nbsp;&nbsp;HAL_RCC_GetHCLKFreq
</UL>
<BR>[Called By]<UL><LI><a href="#[c6]">&gt;&gt;</a>&nbsp;&nbsp;&nbsp;UART_SetConfig
</UL>

<P><STRONG><a name="[a4]"></a>HAL_RCC_GetSysClockFreq</STRONG> (Thumb, 162 bytes, Stack size 32 bytes, stm32f4xx_hal_rcc.o(i.HAL_RCC_GetSysClockFreq))
<BR><BR>[Stack]<UL><LI>Max Depth = 72<LI>Call Chain = HAL_RCC_GetSysClockFreq &rArr; __aeabi_uldivmod
</UL>
<BR>[Calls]<UL><LI><a href="#[6e]">&gt;&gt;</a>&nbsp;&nbsp;&nbsp;__aeabi_uldivmod
</UL>
<BR>[Called By]<UL><LI><a href="#[a2]">&gt;&gt;</a>&nbsp;&nbsp;&nbsp;HAL_RCC_ClockConfig
</UL>

<P><STRONG><a name="[a8]"></a>HAL_RCC_OscConfig</STRONG> (Thumb, 1086 bytes, Stack size 24 bytes, stm32f4xx_hal_rcc.o(i.HAL_RCC_OscConfig))
<BR><BR>[Stack]<UL><LI>Max Depth = 24<LI>Call Chain = HAL_RCC_OscConfig
</UL>
<BR>[Calls]<UL><LI><a href="#[a3]">&gt;&gt;</a>&nbsp;&nbsp;&nbsp;HAL_GetTick
</UL>
<BR>[Called By]<UL><LI><a href="#[10b]">&gt;&gt;</a>&nbsp;&nbsp;&nbsp;SystemClock_Config
</UL>

<P><STRONG><a name="[a9]"></a>HAL_SPI_DeInit</STRONG> (Thumb, 54 bytes, Stack size 8 bytes, stm32f4xx_hal_spi.o(i.HAL_SPI_DeInit))
<BR><BR>[Stack]<UL><LI>Max Depth = 8<LI>Call Chain = HAL_SPI_DeInit
</UL>
<BR>[Calls]<UL><LI><a href="#[aa]">&gt;&gt;</a>&nbsp;&nbsp;&nbsp;HAL_SPI_MspDeInit
</UL>
<BR>[Called By]<UL><LI><a href="#[144]">&gt;&gt;</a>&nbsp;&nbsp;&nbsp;bsp_InitSPIParam
</UL>

<P><STRONG><a name="[ab]"></a>HAL_SPI_Init</STRONG> (Thumb, 160 bytes, Stack size 8 bytes, stm32f4xx_hal_spi.o(i.HAL_SPI_Init))
<BR><BR>[Stack]<UL><LI>Max Depth = 64<LI>Call Chain = HAL_SPI_Init &rArr; HAL_SPI_MspInit &rArr; HAL_GPIO_Init
</UL>
<BR>[Calls]<UL><LI><a href="#[ac]">&gt;&gt;</a>&nbsp;&nbsp;&nbsp;HAL_SPI_MspInit
</UL>
<BR>[Called By]<UL><LI><a href="#[144]">&gt;&gt;</a>&nbsp;&nbsp;&nbsp;bsp_InitSPIParam
</UL>

<P><STRONG><a name="[aa]"></a>HAL_SPI_MspDeInit</STRONG> (Thumb, 2 bytes, Stack size 0 bytes, stm32f4xx_hal_spi.o(i.HAL_SPI_MspDeInit))
<BR><BR>[Called By]<UL><LI><a href="#[a9]">&gt;&gt;</a>&nbsp;&nbsp;&nbsp;HAL_SPI_DeInit
</UL>

<P><STRONG><a name="[ac]"></a>HAL_SPI_MspInit</STRONG> (Thumb, 198 bytes, Stack size 32 bytes, bsp_spi_bus.o(i.HAL_SPI_MspInit))
<BR><BR>[Stack]<UL><LI>Max Depth = 56<LI>Call Chain = HAL_SPI_MspInit &rArr; HAL_GPIO_Init
</UL>
<BR>[Calls]<UL><LI><a href="#[ad]">&gt;&gt;</a>&nbsp;&nbsp;&nbsp;HAL_GPIO_Init
</UL>
<BR>[Called By]<UL><LI><a href="#[ab]">&gt;&gt;</a>&nbsp;&nbsp;&nbsp;HAL_SPI_Init
</UL>

<P><STRONG><a name="[ae]"></a>HAL_SPI_TransmitReceive</STRONG> (Thumb, 712 bytes, Stack size 56 bytes, stm32f4xx_hal_spi.o(i.HAL_SPI_TransmitReceive))
<BR><BR>[Stack]<UL><LI>Max Depth = 104<LI>Call Chain = HAL_SPI_TransmitReceive &rArr; SPI_EndRxTxTransaction &rArr; SPI_WaitFlagStateUntilTimeout
</UL>
<BR>[Calls]<UL><LI><a href="#[a3]">&gt;&gt;</a>&nbsp;&nbsp;&nbsp;HAL_GetTick
<LI><a href="#[af]">&gt;&gt;</a>&nbsp;&nbsp;&nbsp;SPI_WaitFlagStateUntilTimeout
<LI><a href="#[b0]">&gt;&gt;</a>&nbsp;&nbsp;&nbsp;SPI_EndRxTxTransaction
</UL>
<BR>[Called By]<UL><LI><a href="#[149]">&gt;&gt;</a>&nbsp;&nbsp;&nbsp;bsp_spiTransfer
</UL>

<P><STRONG><a name="[b1]"></a>HAL_SRAM_Init</STRONG> (Thumb, 88 bytes, Stack size 16 bytes, stm32f4xx_hal_sram.o(i.HAL_SRAM_Init))
<BR><BR>[Stack]<UL><LI>Max Depth = 32<LI>Call Chain = HAL_SRAM_Init &rArr; FSMC_NORSRAM_Extended_Timing_Init
</UL>
<BR>[Calls]<UL><LI><a href="#[b2]">&gt;&gt;</a>&nbsp;&nbsp;&nbsp;HAL_SRAM_MspInit
<LI><a href="#[b4]">&gt;&gt;</a>&nbsp;&nbsp;&nbsp;FSMC_NORSRAM_Timing_Init
<LI><a href="#[b3]">&gt;&gt;</a>&nbsp;&nbsp;&nbsp;FSMC_NORSRAM_Init
<LI><a href="#[b5]">&gt;&gt;</a>&nbsp;&nbsp;&nbsp;FSMC_NORSRAM_Extended_Timing_Init
</UL>
<BR>[Called By]<UL><LI><a href="#[dc]">&gt;&gt;</a>&nbsp;&nbsp;&nbsp;LCD_FSMCConfig
</UL>

<P><STRONG><a name="[b2]"></a>HAL_SRAM_MspInit</STRONG> (Thumb, 2 bytes, Stack size 0 bytes, stm32f4xx_hal_sram.o(i.HAL_SRAM_MspInit))
<BR><BR>[Called By]<UL><LI><a href="#[b1]">&gt;&gt;</a>&nbsp;&nbsp;&nbsp;HAL_SRAM_Init
</UL>

<P><STRONG><a name="[9e]"></a>HAL_SYSTICK_Config</STRONG> (Thumb, 52 bytes, Stack size 16 bytes, stm32f4xx_hal_cortex.o(i.HAL_SYSTICK_Config))
<BR><BR>[Stack]<UL><LI>Max Depth = 24<LI>Call Chain = HAL_SYSTICK_Config &rArr; __NVIC_SetPriority
</UL>
<BR>[Calls]<UL><LI><a href="#[a1]">&gt;&gt;</a>&nbsp;&nbsp;&nbsp;__NVIC_SetPriority
</UL>
<BR>[Called By]<UL><LI><a href="#[9c]">&gt;&gt;</a>&nbsp;&nbsp;&nbsp;HAL_InitTick
</UL>

<P><STRONG><a name="[b6]"></a>HAL_TIM_Base_Init</STRONG> (Thumb, 52 bytes, Stack size 8 bytes, stm32f4xx_hal_tim.o(i.HAL_TIM_Base_Init))
<BR><BR>[Stack]<UL><LI>Max Depth = 16<LI>Call Chain = HAL_TIM_Base_Init &rArr; TIM_Base_SetConfig
</UL>
<BR>[Calls]<UL><LI><a href="#[b7]">&gt;&gt;</a>&nbsp;&nbsp;&nbsp;HAL_TIM_Base_MspInit
<LI><a href="#[b8]">&gt;&gt;</a>&nbsp;&nbsp;&nbsp;TIM_Base_SetConfig
</UL>
<BR>[Called By]<UL><LI><a href="#[13d]">&gt;&gt;</a>&nbsp;&nbsp;&nbsp;bsp_InitHardTimer
</UL>

<P><STRONG><a name="[b7]"></a>HAL_TIM_Base_MspInit</STRONG> (Thumb, 2 bytes, Stack size 0 bytes, stm32f4xx_hal_tim.o(i.HAL_TIM_Base_MspInit))
<BR><BR>[Called By]<UL><LI><a href="#[b6]">&gt;&gt;</a>&nbsp;&nbsp;&nbsp;HAL_TIM_Base_Init
</UL>

<P><STRONG><a name="[13e]"></a>HAL_TIM_Base_Start</STRONG> (Thumb, 42 bytes, Stack size 0 bytes, stm32f4xx_hal_tim.o(i.HAL_TIM_Base_Start))
<BR><BR>[Called By]<UL><LI><a href="#[13d]">&gt;&gt;</a>&nbsp;&nbsp;&nbsp;bsp_InitHardTimer
</UL>

<P><STRONG><a name="[b9]"></a>HAL_TIM_PWM_ConfigChannel</STRONG> (Thumb, 264 bytes, Stack size 16 bytes, stm32f4xx_hal_tim.o(i.HAL_TIM_PWM_ConfigChannel))
<BR><BR>[Stack]<UL><LI>Max Depth = 28<LI>Call Chain = HAL_TIM_PWM_ConfigChannel &rArr; TIM_OC4_SetConfig
</UL>
<BR>[Calls]<UL><LI><a href="#[bd]">&gt;&gt;</a>&nbsp;&nbsp;&nbsp;TIM_OC4_SetConfig
<LI><a href="#[bc]">&gt;&gt;</a>&nbsp;&nbsp;&nbsp;TIM_OC3_SetConfig
<LI><a href="#[ba]">&gt;&gt;</a>&nbsp;&nbsp;&nbsp;TIM_OC1_SetConfig
<LI><a href="#[bb]">&gt;&gt;</a>&nbsp;&nbsp;&nbsp;TIM_OC2_SetConfig
</UL>
<BR>[Called By]<UL><LI><a href="#[77]">&gt;&gt;</a>&nbsp;&nbsp;&nbsp;bsp_SetTIMOutPWM
</UL>

<P><STRONG><a name="[be]"></a>HAL_TIM_PWM_DeInit</STRONG> (Thumb, 70 bytes, Stack size 8 bytes, stm32f4xx_hal_tim.o(i.HAL_TIM_PWM_DeInit))
<BR><BR>[Stack]<UL><LI>Max Depth = 8<LI>Call Chain = HAL_TIM_PWM_DeInit
</UL>
<BR>[Calls]<UL><LI><a href="#[bf]">&gt;&gt;</a>&nbsp;&nbsp;&nbsp;HAL_TIM_PWM_MspDeInit
</UL>
<BR>[Called By]<UL><LI><a href="#[77]">&gt;&gt;</a>&nbsp;&nbsp;&nbsp;bsp_SetTIMOutPWM
</UL>

<P><STRONG><a name="[c0]"></a>HAL_TIM_PWM_Init</STRONG> (Thumb, 52 bytes, Stack size 8 bytes, stm32f4xx_hal_tim.o(i.HAL_TIM_PWM_Init))
<BR><BR>[Stack]<UL><LI>Max Depth = 16<LI>Call Chain = HAL_TIM_PWM_Init &rArr; TIM_Base_SetConfig
</UL>
<BR>[Calls]<UL><LI><a href="#[c1]">&gt;&gt;</a>&nbsp;&nbsp;&nbsp;HAL_TIM_PWM_MspInit
<LI><a href="#[b8]">&gt;&gt;</a>&nbsp;&nbsp;&nbsp;TIM_Base_SetConfig
</UL>
<BR>[Called By]<UL><LI><a href="#[77]">&gt;&gt;</a>&nbsp;&nbsp;&nbsp;bsp_SetTIMOutPWM
</UL>

<P><STRONG><a name="[bf]"></a>HAL_TIM_PWM_MspDeInit</STRONG> (Thumb, 2 bytes, Stack size 0 bytes, stm32f4xx_hal_tim.o(i.HAL_TIM_PWM_MspDeInit))
<BR><BR>[Called By]<UL><LI><a href="#[be]">&gt;&gt;</a>&nbsp;&nbsp;&nbsp;HAL_TIM_PWM_DeInit
</UL>

<P><STRONG><a name="[c1]"></a>HAL_TIM_PWM_MspInit</STRONG> (Thumb, 2 bytes, Stack size 0 bytes, stm32f4xx_hal_tim.o(i.HAL_TIM_PWM_MspInit))
<BR><BR>[Called By]<UL><LI><a href="#[c0]">&gt;&gt;</a>&nbsp;&nbsp;&nbsp;HAL_TIM_PWM_Init
</UL>

<P><STRONG><a name="[c2]"></a>HAL_TIM_PWM_Start</STRONG> (Thumb, 80 bytes, Stack size 16 bytes, stm32f4xx_hal_tim.o(i.HAL_TIM_PWM_Start))
<BR><BR>[Stack]<UL><LI>Max Depth = 28<LI>Call Chain = HAL_TIM_PWM_Start &rArr; TIM_CCxChannelCmd
</UL>
<BR>[Calls]<UL><LI><a href="#[c3]">&gt;&gt;</a>&nbsp;&nbsp;&nbsp;TIM_CCxChannelCmd
</UL>
<BR>[Called By]<UL><LI><a href="#[77]">&gt;&gt;</a>&nbsp;&nbsp;&nbsp;bsp_SetTIMOutPWM
</UL>

<P><STRONG><a name="[c4]"></a>HAL_UART_Init</STRONG> (Thumb, 114 bytes, Stack size 8 bytes, stm32f4xx_hal_uart.o(i.HAL_UART_Init))
<BR><BR>[Stack]<UL><LI>Max Depth = 36<LI>Call Chain = HAL_UART_Init &rArr; UART_SetConfig &rArr; HAL_RCC_GetPCLK2Freq
</UL>
<BR>[Calls]<UL><LI><a href="#[c5]">&gt;&gt;</a>&nbsp;&nbsp;&nbsp;HAL_UART_MspInit
<LI><a href="#[c6]">&gt;&gt;</a>&nbsp;&nbsp;&nbsp;UART_SetConfig
</UL>
<BR>[Called By]<UL><LI><a href="#[c9]">&gt;&gt;</a>&nbsp;&nbsp;&nbsp;bsp_SetUartParam
</UL>

<P><STRONG><a name="[c5]"></a>HAL_UART_MspInit</STRONG> (Thumb, 2 bytes, Stack size 0 bytes, stm32f4xx_hal_uart.o(i.HAL_UART_MspInit))
<BR><BR>[Called By]<UL><LI><a href="#[c4]">&gt;&gt;</a>&nbsp;&nbsp;&nbsp;HAL_UART_Init
</UL>

<P><STRONG><a name="[75]"></a>HardFaultHandler</STRONG> (Thumb, 202 bytes, Stack size 8 bytes, segger_hardfaulthandler.o(i.HardFaultHandler))
<BR><BR>[Stack]<UL><LI>Max Depth = 8<LI>Call Chain = HardFaultHandler
</UL>
<BR>[Called By]<UL><LI><a href="#[3]">&gt;&gt;</a>&nbsp;&nbsp;&nbsp;HardFault_Handler
</UL>

<P><STRONG><a name="[14d]"></a>LCD_ClrScr</STRONG> (Thumb, 14 bytes, Stack size 8 bytes, bsp_tft_port.o(i.LCD_ClrScr))
<BR><BR>[Stack]<UL><LI>Max Depth = 8<LI>Call Chain = LCD_ClrScr
</UL>
<BR>[Called By]<UL><LI><a href="#[5c]">&gt;&gt;</a>&nbsp;&nbsp;&nbsp;main
</UL>

<P><STRONG><a name="[cd]"></a>LCD_DispStr</STRONG> (Thumb, 34 bytes, Stack size 32 bytes, bsp_tft_lcd.o(i.LCD_DispStr))
<BR><BR>[Stack]<UL><LI>Max Depth = 824<LI>Call Chain = LCD_DispStr &rArr; LCD_DispStrEx0 &rArr; _LCD_ReadHZDot &rArr; sf_ReadBuffer &rArr; bsp_spiTransfer &rArr; HAL_SPI_TransmitReceive &rArr; SPI_EndRxTxTransaction &rArr; SPI_WaitFlagStateUntilTimeout
</UL>
<BR>[Calls]<UL><LI><a href="#[ce]">&gt;&gt;</a>&nbsp;&nbsp;&nbsp;LCD_DispStrEx0
</UL>
<BR>[Called By]<UL><LI><a href="#[5c]">&gt;&gt;</a>&nbsp;&nbsp;&nbsp;main
</UL>

<P><STRONG><a name="[d2]"></a>LCD_Fill_Rect</STRONG> (Thumb, 40 bytes, Stack size 32 bytes, bsp_tft_port.o(i.LCD_Fill_Rect))
<BR><BR>[Stack]<UL><LI>Max Depth = 32<LI>Call Chain = LCD_Fill_Rect
</UL>
<BR>[Called By]<UL><LI><a href="#[ce]">&gt;&gt;</a>&nbsp;&nbsp;&nbsp;LCD_DispStrEx0
</UL>

<P><STRONG><a name="[d1]"></a>LCD_GetFontHeight</STRONG> (Thumb, 58 bytes, Stack size 0 bytes, bsp_tft_lcd.o(i.LCD_GetFontHeight))
<BR><BR>[Called By]<UL><LI><a href="#[ce]">&gt;&gt;</a>&nbsp;&nbsp;&nbsp;LCD_DispStrEx0
</UL>

<P><STRONG><a name="[de]"></a>LCD_GetFontWidth</STRONG> (Thumb, 58 bytes, Stack size 0 bytes, bsp_tft_lcd.o(i.LCD_GetFontWidth))
<BR><BR>[Called By]<UL><LI><a href="#[d0]">&gt;&gt;</a>&nbsp;&nbsp;&nbsp;LCD_GetStrWidth
</UL>

<P><STRONG><a name="[d0]"></a>LCD_GetStrWidth</STRONG> (Thumb, 386 bytes, Stack size 44 bytes, bsp_tft_lcd.o(i.LCD_GetStrWidth))
<BR><BR>[Stack]<UL><LI>Max Depth = 44<LI>Call Chain = LCD_GetStrWidth
</UL>
<BR>[Calls]<UL><LI><a href="#[de]">&gt;&gt;</a>&nbsp;&nbsp;&nbsp;LCD_GetFontWidth
</UL>
<BR>[Called By]<UL><LI><a href="#[ce]">&gt;&gt;</a>&nbsp;&nbsp;&nbsp;LCD_DispStrEx0
</UL>

<P><STRONG><a name="[df]"></a>LCD_InitHard</STRONG> (Thumb, 128 bytes, Stack size 8 bytes, bsp_tft_port.o(i.LCD_InitHard))
<BR><BR>[Stack]<UL><LI>Max Depth = 188<LI>Call Chain = LCD_InitHard &rArr; RA8875_InitHard &rArr; RA8875_SetDispWin &rArr; RA8875_SetCursor &rArr; RA8875_WriteReg &rArr; RA8875_EndBusy &rArr; TOUCH_Scan &rArr; STMPE811_ClearInt &rArr; STMPE811_WriteReg1 &rArr; STMPE811_WriteBytes &rArr; i2c_SendByte &rArr; i2c_Delay &rArr; bsp_DelayUS
</UL>
<BR>[Calls]<UL><LI><a href="#[94]">&gt;&gt;</a>&nbsp;&nbsp;&nbsp;bsp_DelayMS
<LI><a href="#[e1]">&gt;&gt;</a>&nbsp;&nbsp;&nbsp;RA8875_ReadReg
<LI><a href="#[e2]">&gt;&gt;</a>&nbsp;&nbsp;&nbsp;RA8875_InitHard
<LI><a href="#[e3]">&gt;&gt;</a>&nbsp;&nbsp;&nbsp;LCD_SetDirection
<LI><a href="#[e0]">&gt;&gt;</a>&nbsp;&nbsp;&nbsp;LCD_HardReset
<LI><a href="#[dc]">&gt;&gt;</a>&nbsp;&nbsp;&nbsp;LCD_FSMCConfig
<LI><a href="#[cc]">&gt;&gt;</a>&nbsp;&nbsp;&nbsp;LCD_CtrlLinesConfig
</UL>
<BR>[Called By]<UL><LI><a href="#[134]">&gt;&gt;</a>&nbsp;&nbsp;&nbsp;bsp_Init
</UL>

<P><STRONG><a name="[db]"></a>LCD_PutPixel</STRONG> (Thumb, 22 bytes, Stack size 16 bytes, bsp_tft_port.o(i.LCD_PutPixel))
<BR><BR>[Stack]<UL><LI>Max Depth = 16<LI>Call Chain = LCD_PutPixel
</UL>
<BR>[Called By]<UL><LI><a href="#[ce]">&gt;&gt;</a>&nbsp;&nbsp;&nbsp;LCD_DispStrEx0
</UL>

<P><STRONG><a name="[e4]"></a>LCD_SetBackLight</STRONG> (Thumb, 40 bytes, Stack size 8 bytes, bsp_tft_port.o(i.LCD_SetBackLight))
<BR><BR>[Stack]<UL><LI>Max Depth = 256<LI>Call Chain = LCD_SetBackLight &rArr; LCD_SetPwmBackLight &rArr; bsp_SetTIMOutPWM &rArr; bsp_ConfigTimGpio &rArr; HAL_GPIO_Init
</UL>
<BR>[Calls]<UL><LI><a href="#[e5]">&gt;&gt;</a>&nbsp;&nbsp;&nbsp;RA8875_SetBackLight
<LI><a href="#[e6]">&gt;&gt;</a>&nbsp;&nbsp;&nbsp;LCD_SetPwmBackLight
</UL>
<BR>[Called By]<UL><LI><a href="#[134]">&gt;&gt;</a>&nbsp;&nbsp;&nbsp;bsp_Init
<LI><a href="#[5c]">&gt;&gt;</a>&nbsp;&nbsp;&nbsp;main
</UL>

<P><STRONG><a name="[e3]"></a>LCD_SetDirection</STRONG> (Thumb, 28 bytes, Stack size 8 bytes, bsp_tft_port.o(i.LCD_SetDirection))
<BR><BR>[Stack]<UL><LI>Max Depth = 156<LI>Call Chain = LCD_SetDirection &rArr; RA8875_SetDirection &rArr; RA8875_WriteReg &rArr; RA8875_EndBusy &rArr; TOUCH_Scan &rArr; STMPE811_ClearInt &rArr; STMPE811_WriteReg1 &rArr; STMPE811_WriteBytes &rArr; i2c_SendByte &rArr; i2c_Delay &rArr; bsp_DelayUS
</UL>
<BR>[Calls]<UL><LI><a href="#[e7]">&gt;&gt;</a>&nbsp;&nbsp;&nbsp;RA8875_SetDirection
</UL>
<BR>[Called By]<UL><LI><a href="#[df]">&gt;&gt;</a>&nbsp;&nbsp;&nbsp;LCD_InitHard
</UL>

<P><STRONG><a name="[e6]"></a>LCD_SetPwmBackLight</STRONG> (Thumb, 36 bytes, Stack size 24 bytes, bsp_tft_port.o(i.LCD_SetPwmBackLight))
<BR><BR>[Stack]<UL><LI>Max Depth = 248<LI>Call Chain = LCD_SetPwmBackLight &rArr; bsp_SetTIMOutPWM &rArr; bsp_ConfigTimGpio &rArr; HAL_GPIO_Init
</UL>
<BR>[Calls]<UL><LI><a href="#[77]">&gt;&gt;</a>&nbsp;&nbsp;&nbsp;bsp_SetTIMOutPWM
</UL>
<BR>[Called By]<UL><LI><a href="#[e4]">&gt;&gt;</a>&nbsp;&nbsp;&nbsp;LCD_SetBackLight
</UL>

<P><STRONG><a name="[4]"></a>MemManage_Handler</STRONG> (Thumb, 4 bytes, Stack size 0 bytes, stm32f4xx_it.o(i.MemManage_Handler))
<BR>[Address Reference Count : 1]<UL><LI> startup_stm32f407xx.o(RESET)
</UL>
<P><STRONG><a name="[2]"></a>NMI_Handler</STRONG> (Thumb, 2 bytes, Stack size 0 bytes, stm32f4xx_it.o(i.NMI_Handler))
<BR>[Address Reference Count : 1]<UL><LI> startup_stm32f407xx.o(RESET)
</UL>
<P><STRONG><a name="[9]"></a>PendSV_Handler</STRONG> (Thumb, 2 bytes, Stack size 0 bytes, stm32f4xx_it.o(i.PendSV_Handler))
<BR>[Address Reference Count : 1]<UL><LI> startup_stm32f407xx.o(RESET)
</UL>
<P><STRONG><a name="[61]"></a>RA8875_ClrScr</STRONG> (Thumb, 50 bytes, Stack size 16 bytes, lcd_ra8875.o(i.RA8875_ClrScr))
<BR><BR>[Stack]<UL><LI>Max Depth = 172<LI>Call Chain = RA8875_ClrScr &rArr; BTE_SetTarBlock &rArr; RA8875_WriteReg &rArr; RA8875_EndBusy &rArr; TOUCH_Scan &rArr; STMPE811_ClearInt &rArr; STMPE811_WriteReg1 &rArr; STMPE811_WriteBytes &rArr; i2c_SendByte &rArr; i2c_Delay &rArr; bsp_DelayUS
</UL>
<BR>[Calls]<UL><LI><a href="#[d4]">&gt;&gt;</a>&nbsp;&nbsp;&nbsp;RA8875_SetFrontColor
<LI><a href="#[7e]">&gt;&gt;</a>&nbsp;&nbsp;&nbsp;BTE_Wait
<LI><a href="#[7b]">&gt;&gt;</a>&nbsp;&nbsp;&nbsp;BTE_Start
<LI><a href="#[7a]">&gt;&gt;</a>&nbsp;&nbsp;&nbsp;BTE_SetTarBlock
<LI><a href="#[78]">&gt;&gt;</a>&nbsp;&nbsp;&nbsp;BTE_SetOperateCode
</UL>
<BR>[Address Reference Count : 1]<UL><LI> bsp_tft_port.o(i.LCD_InitHard)
</UL>
<P><STRONG><a name="[e9]"></a>RA8875_ConfigGPIO</STRONG> (Thumb, 80 bytes, Stack size 32 bytes, bsp_ra8875_port.o(i.RA8875_ConfigGPIO))
<BR><BR>[Stack]<UL><LI>Max Depth = 56<LI>Call Chain = RA8875_ConfigGPIO &rArr; HAL_GPIO_Init
</UL>
<BR>[Calls]<UL><LI><a href="#[ad]">&gt;&gt;</a>&nbsp;&nbsp;&nbsp;HAL_GPIO_Init
</UL>
<BR>[Called By]<UL><LI><a href="#[e2]">&gt;&gt;</a>&nbsp;&nbsp;&nbsp;RA8875_InitHard
</UL>

<P><STRONG><a name="[ea]"></a>RA8875_Delaly1ms</STRONG> (Thumb, 12 bytes, Stack size 8 bytes, bsp_ra8875_port.o(i.RA8875_Delaly1ms))
<BR><BR>[Stack]<UL><LI>Max Depth = 28<LI>Call Chain = RA8875_Delaly1ms &rArr; bsp_DelayUS
</UL>
<BR>[Calls]<UL><LI><a href="#[eb]">&gt;&gt;</a>&nbsp;&nbsp;&nbsp;bsp_DelayUS
</UL>
<BR>[Called By]<UL><LI><a href="#[e2]">&gt;&gt;</a>&nbsp;&nbsp;&nbsp;RA8875_InitHard
</UL>

<P><STRONG><a name="[ec]"></a>RA8875_Delaly1us</STRONG> (Thumb, 10 bytes, Stack size 8 bytes, bsp_ra8875_port.o(i.RA8875_Delaly1us))
<BR><BR>[Stack]<UL><LI>Max Depth = 28<LI>Call Chain = RA8875_Delaly1us &rArr; bsp_DelayUS
</UL>
<BR>[Calls]<UL><LI><a href="#[eb]">&gt;&gt;</a>&nbsp;&nbsp;&nbsp;bsp_DelayUS
</UL>
<BR>[Called By]<UL><LI><a href="#[e2]">&gt;&gt;</a>&nbsp;&nbsp;&nbsp;RA8875_InitHard
</UL>

<P><STRONG><a name="[60]"></a>RA8875_DispOff</STRONG> (Thumb, 12 bytes, Stack size 8 bytes, lcd_ra8875.o(i.RA8875_DispOff))
<BR><BR>[Stack]<UL><LI>Max Depth = 140<LI>Call Chain = RA8875_DispOff &rArr; RA8875_WriteReg &rArr; RA8875_EndBusy &rArr; TOUCH_Scan &rArr; STMPE811_ClearInt &rArr; STMPE811_WriteReg1 &rArr; STMPE811_WriteBytes &rArr; i2c_SendByte &rArr; i2c_Delay &rArr; bsp_DelayUS
</UL>
<BR>[Calls]<UL><LI><a href="#[79]">&gt;&gt;</a>&nbsp;&nbsp;&nbsp;RA8875_WriteReg
</UL>
<BR>[Address Reference Count : 1]<UL><LI> bsp_tft_port.o(i.LCD_InitHard)
</UL>
<P><STRONG><a name="[5f]"></a>RA8875_DispOn</STRONG> (Thumb, 12 bytes, Stack size 8 bytes, lcd_ra8875.o(i.RA8875_DispOn))
<BR><BR>[Stack]<UL><LI>Max Depth = 140<LI>Call Chain = RA8875_DispOn &rArr; RA8875_WriteReg &rArr; RA8875_EndBusy &rArr; TOUCH_Scan &rArr; STMPE811_ClearInt &rArr; STMPE811_WriteReg1 &rArr; STMPE811_WriteBytes &rArr; i2c_SendByte &rArr; i2c_Delay &rArr; bsp_DelayUS
</UL>
<BR>[Calls]<UL><LI><a href="#[79]">&gt;&gt;</a>&nbsp;&nbsp;&nbsp;RA8875_WriteReg
</UL>
<BR>[Address Reference Count : 1]<UL><LI> bsp_tft_port.o(i.LCD_InitHard)
</UL>
<P><STRONG><a name="[d7]"></a>RA8875_DispStr</STRONG> (Thumb, 140 bytes, Stack size 16 bytes, lcd_ra8875.o(i.RA8875_DispStr))
<BR><BR>[Stack]<UL><LI>Max Depth = 164<LI>Call Chain = RA8875_DispStr &rArr; RA8875_SetTextCursor &rArr; RA8875_WriteReg &rArr; RA8875_EndBusy &rArr; TOUCH_Scan &rArr; STMPE811_ClearInt &rArr; STMPE811_WriteReg1 &rArr; STMPE811_WriteBytes &rArr; i2c_SendByte &rArr; i2c_Delay &rArr; bsp_DelayUS
</UL>
<BR>[Calls]<UL><LI><a href="#[7d]">&gt;&gt;</a>&nbsp;&nbsp;&nbsp;RA8875_WriteData
<LI><a href="#[7c]">&gt;&gt;</a>&nbsp;&nbsp;&nbsp;RA8875_WriteCmd
<LI><a href="#[7f]">&gt;&gt;</a>&nbsp;&nbsp;&nbsp;RA8875_ReadStatus
<LI><a href="#[79]">&gt;&gt;</a>&nbsp;&nbsp;&nbsp;RA8875_WriteReg
<LI><a href="#[ed]">&gt;&gt;</a>&nbsp;&nbsp;&nbsp;RA8875_SetTextCursor
</UL>
<BR>[Called By]<UL><LI><a href="#[ce]">&gt;&gt;</a>&nbsp;&nbsp;&nbsp;LCD_DispStrEx0
</UL>

<P><STRONG><a name="[67]"></a>RA8875_DrawBMP</STRONG> (Thumb, 82 bytes, Stack size 32 bytes, lcd_ra8875.o(i.RA8875_DrawBMP))
<BR><BR>[Stack]<UL><LI>Max Depth = 212<LI>Call Chain = RA8875_DrawBMP &rArr; RA8875_QuitWinMode &rArr; RA8875_SetDispWin &rArr; RA8875_SetCursor &rArr; RA8875_WriteReg &rArr; RA8875_EndBusy &rArr; TOUCH_Scan &rArr; STMPE811_ClearInt &rArr; STMPE811_WriteReg1 &rArr; STMPE811_WriteBytes &rArr; i2c_SendByte &rArr; i2c_Delay &rArr; bsp_DelayUS
</UL>
<BR>[Calls]<UL><LI><a href="#[7c]">&gt;&gt;</a>&nbsp;&nbsp;&nbsp;RA8875_WriteCmd
<LI><a href="#[ee]">&gt;&gt;</a>&nbsp;&nbsp;&nbsp;RA8875_SetDispWin
<LI><a href="#[ef]">&gt;&gt;</a>&nbsp;&nbsp;&nbsp;RA8875_QuitWinMode
</UL>
<BR>[Address Reference Count : 1]<UL><LI> bsp_tft_port.o(i.LCD_InitHard)
</UL>
<P><STRONG><a name="[66]"></a>RA8875_DrawCircle</STRONG> (Thumb, 114 bytes, Stack size 24 bytes, lcd_ra8875.o(i.RA8875_DrawCircle))
<BR><BR>[Stack]<UL><LI>Max Depth = 164<LI>Call Chain = RA8875_DrawCircle &rArr; RA8875_SetFrontColor &rArr; RA8875_WriteReg &rArr; RA8875_EndBusy &rArr; TOUCH_Scan &rArr; STMPE811_ClearInt &rArr; STMPE811_WriteReg1 &rArr; STMPE811_WriteBytes &rArr; i2c_SendByte &rArr; i2c_Delay &rArr; bsp_DelayUS
</UL>
<BR>[Calls]<UL><LI><a href="#[d4]">&gt;&gt;</a>&nbsp;&nbsp;&nbsp;RA8875_SetFrontColor
<LI><a href="#[7d]">&gt;&gt;</a>&nbsp;&nbsp;&nbsp;RA8875_WriteData
<LI><a href="#[7c]">&gt;&gt;</a>&nbsp;&nbsp;&nbsp;RA8875_WriteCmd
<LI><a href="#[79]">&gt;&gt;</a>&nbsp;&nbsp;&nbsp;RA8875_WriteReg
<LI><a href="#[f0]">&gt;&gt;</a>&nbsp;&nbsp;&nbsp;RA8875_WaitBusy
</UL>
<BR>[Address Reference Count : 1]<UL><LI> bsp_tft_port.o(i.LCD_InitHard)
</UL>
<P><STRONG><a name="[6a]"></a>RA8875_DrawHColorLine</STRONG> (Thumb, 92 bytes, Stack size 16 bytes, lcd_ra8875.o(i.RA8875_DrawHColorLine))
<BR><BR>[Stack]<UL><LI>Max Depth = 16<LI>Call Chain = RA8875_DrawHColorLine
</UL>
<BR>[Address Reference Count : 1]<UL><LI> bsp_tft_port.o(i.LCD_InitHard)
</UL>
<P><STRONG><a name="[64]"></a>RA8875_DrawLine</STRONG> (Thumb, 162 bytes, Stack size 24 bytes, lcd_ra8875.o(i.RA8875_DrawLine))
<BR><BR>[Stack]<UL><LI>Max Depth = 188<LI>Call Chain = RA8875_DrawLine &rArr; RA8875_PutPixel &rArr; RA8875_SetCursor &rArr; RA8875_WriteReg &rArr; RA8875_EndBusy &rArr; TOUCH_Scan &rArr; STMPE811_ClearInt &rArr; STMPE811_WriteReg1 &rArr; STMPE811_WriteBytes &rArr; i2c_SendByte &rArr; i2c_Delay &rArr; bsp_DelayUS
</UL>
<BR>[Calls]<UL><LI><a href="#[62]">&gt;&gt;</a>&nbsp;&nbsp;&nbsp;RA8875_PutPixel
<LI><a href="#[d4]">&gt;&gt;</a>&nbsp;&nbsp;&nbsp;RA8875_SetFrontColor
<LI><a href="#[7d]">&gt;&gt;</a>&nbsp;&nbsp;&nbsp;RA8875_WriteData
<LI><a href="#[7c]">&gt;&gt;</a>&nbsp;&nbsp;&nbsp;RA8875_WriteCmd
<LI><a href="#[79]">&gt;&gt;</a>&nbsp;&nbsp;&nbsp;RA8875_WriteReg
<LI><a href="#[f0]">&gt;&gt;</a>&nbsp;&nbsp;&nbsp;RA8875_WaitBusy
</UL>
<BR>[Address Reference Count : 1]<UL><LI> bsp_tft_port.o(i.LCD_InitHard)
</UL>
<P><STRONG><a name="[65]"></a>RA8875_DrawRect</STRONG> (Thumb, 160 bytes, Stack size 24 bytes, lcd_ra8875.o(i.RA8875_DrawRect))
<BR><BR>[Stack]<UL><LI>Max Depth = 164<LI>Call Chain = RA8875_DrawRect &rArr; RA8875_SetFrontColor &rArr; RA8875_WriteReg &rArr; RA8875_EndBusy &rArr; TOUCH_Scan &rArr; STMPE811_ClearInt &rArr; STMPE811_WriteReg1 &rArr; STMPE811_WriteBytes &rArr; i2c_SendByte &rArr; i2c_Delay &rArr; bsp_DelayUS
</UL>
<BR>[Calls]<UL><LI><a href="#[d4]">&gt;&gt;</a>&nbsp;&nbsp;&nbsp;RA8875_SetFrontColor
<LI><a href="#[7d]">&gt;&gt;</a>&nbsp;&nbsp;&nbsp;RA8875_WriteData
<LI><a href="#[7c]">&gt;&gt;</a>&nbsp;&nbsp;&nbsp;RA8875_WriteCmd
<LI><a href="#[79]">&gt;&gt;</a>&nbsp;&nbsp;&nbsp;RA8875_WriteReg
<LI><a href="#[f0]">&gt;&gt;</a>&nbsp;&nbsp;&nbsp;RA8875_WaitBusy
</UL>
<BR>[Address Reference Count : 1]<UL><LI> bsp_tft_port.o(i.LCD_InitHard)
</UL>
<P><STRONG><a name="[69]"></a>RA8875_FillCircle</STRONG> (Thumb, 114 bytes, Stack size 24 bytes, lcd_ra8875.o(i.RA8875_FillCircle))
<BR><BR>[Stack]<UL><LI>Max Depth = 164<LI>Call Chain = RA8875_FillCircle &rArr; RA8875_SetFrontColor &rArr; RA8875_WriteReg &rArr; RA8875_EndBusy &rArr; TOUCH_Scan &rArr; STMPE811_ClearInt &rArr; STMPE811_WriteReg1 &rArr; STMPE811_WriteBytes &rArr; i2c_SendByte &rArr; i2c_Delay &rArr; bsp_DelayUS
</UL>
<BR>[Calls]<UL><LI><a href="#[d4]">&gt;&gt;</a>&nbsp;&nbsp;&nbsp;RA8875_SetFrontColor
<LI><a href="#[7d]">&gt;&gt;</a>&nbsp;&nbsp;&nbsp;RA8875_WriteData
<LI><a href="#[7c]">&gt;&gt;</a>&nbsp;&nbsp;&nbsp;RA8875_WriteCmd
<LI><a href="#[79]">&gt;&gt;</a>&nbsp;&nbsp;&nbsp;RA8875_WriteReg
<LI><a href="#[f0]">&gt;&gt;</a>&nbsp;&nbsp;&nbsp;RA8875_WaitBusy
</UL>
<BR>[Address Reference Count : 1]<UL><LI> bsp_tft_port.o(i.LCD_InitHard)
</UL>
<P><STRONG><a name="[68]"></a>RA8875_FillRect</STRONG> (Thumb, 168 bytes, Stack size 24 bytes, lcd_ra8875.o(i.RA8875_FillRect))
<BR><BR>[Stack]<UL><LI>Max Depth = 164<LI>Call Chain = RA8875_FillRect &rArr; RA8875_SetFrontColor &rArr; RA8875_WriteReg &rArr; RA8875_EndBusy &rArr; TOUCH_Scan &rArr; STMPE811_ClearInt &rArr; STMPE811_WriteReg1 &rArr; STMPE811_WriteBytes &rArr; i2c_SendByte &rArr; i2c_Delay &rArr; bsp_DelayUS
</UL>
<BR>[Calls]<UL><LI><a href="#[d4]">&gt;&gt;</a>&nbsp;&nbsp;&nbsp;RA8875_SetFrontColor
<LI><a href="#[7d]">&gt;&gt;</a>&nbsp;&nbsp;&nbsp;RA8875_WriteData
<LI><a href="#[7c]">&gt;&gt;</a>&nbsp;&nbsp;&nbsp;RA8875_WriteCmd
<LI><a href="#[79]">&gt;&gt;</a>&nbsp;&nbsp;&nbsp;RA8875_WriteReg
<LI><a href="#[f0]">&gt;&gt;</a>&nbsp;&nbsp;&nbsp;RA8875_WaitBusy
</UL>
<BR>[Address Reference Count : 1]<UL><LI> bsp_tft_port.o(i.LCD_InitHard)
</UL>
<P><STRONG><a name="[63]"></a>RA8875_GetPixel</STRONG> (Thumb, 54 bytes, Stack size 16 bytes, lcd_ra8875.o(i.RA8875_GetPixel))
<BR><BR>[Stack]<UL><LI>Max Depth = 164<LI>Call Chain = RA8875_GetPixel &rArr; RA8875_SetReadCursor &rArr; RA8875_WriteReg &rArr; RA8875_EndBusy &rArr; TOUCH_Scan &rArr; STMPE811_ClearInt &rArr; STMPE811_WriteReg1 &rArr; STMPE811_WriteBytes &rArr; i2c_SendByte &rArr; i2c_Delay &rArr; bsp_DelayUS
</UL>
<BR>[Calls]<UL><LI><a href="#[7c]">&gt;&gt;</a>&nbsp;&nbsp;&nbsp;RA8875_WriteCmd
<LI><a href="#[f4]">&gt;&gt;</a>&nbsp;&nbsp;&nbsp;RA8875_ReadData16
<LI><a href="#[f3]">&gt;&gt;</a>&nbsp;&nbsp;&nbsp;RA8875_SetReadCursor
</UL>
<BR>[Address Reference Count : 1]<UL><LI> bsp_tft_port.o(i.LCD_InitHard)
</UL>
<P><STRONG><a name="[e2]"></a>RA8875_InitHard</STRONG> (Thumb, 452 bytes, Stack size 8 bytes, lcd_ra8875.o(i.RA8875_InitHard))
<BR><BR>[Stack]<UL><LI>Max Depth = 180<LI>Call Chain = RA8875_InitHard &rArr; RA8875_SetDispWin &rArr; RA8875_SetCursor &rArr; RA8875_WriteReg &rArr; RA8875_EndBusy &rArr; TOUCH_Scan &rArr; STMPE811_ClearInt &rArr; STMPE811_WriteReg1 &rArr; STMPE811_WriteBytes &rArr; i2c_SendByte &rArr; i2c_Delay &rArr; bsp_DelayUS
</UL>
<BR>[Calls]<UL><LI><a href="#[e7]">&gt;&gt;</a>&nbsp;&nbsp;&nbsp;RA8875_SetDirection
<LI><a href="#[e1]">&gt;&gt;</a>&nbsp;&nbsp;&nbsp;RA8875_ReadReg
<LI><a href="#[7d]">&gt;&gt;</a>&nbsp;&nbsp;&nbsp;RA8875_WriteData
<LI><a href="#[7c]">&gt;&gt;</a>&nbsp;&nbsp;&nbsp;RA8875_WriteCmd
<LI><a href="#[ec]">&gt;&gt;</a>&nbsp;&nbsp;&nbsp;RA8875_Delaly1us
<LI><a href="#[ea]">&gt;&gt;</a>&nbsp;&nbsp;&nbsp;RA8875_Delaly1ms
<LI><a href="#[e9]">&gt;&gt;</a>&nbsp;&nbsp;&nbsp;RA8875_ConfigGPIO
<LI><a href="#[79]">&gt;&gt;</a>&nbsp;&nbsp;&nbsp;RA8875_WriteReg
<LI><a href="#[ee]">&gt;&gt;</a>&nbsp;&nbsp;&nbsp;RA8875_SetDispWin
</UL>
<BR>[Called By]<UL><LI><a href="#[df]">&gt;&gt;</a>&nbsp;&nbsp;&nbsp;LCD_InitHard
</UL>

<P><STRONG><a name="[11c]"></a>RA8875_IsBusy</STRONG> (Thumb, 14 bytes, Stack size 0 bytes, lcd_ra8875.o(i.RA8875_IsBusy))
<BR><BR>[Called By]<UL><LI><a href="#[f2]">&gt;&gt;</a>&nbsp;&nbsp;&nbsp;TOUCH_Scan
</UL>

<P><STRONG><a name="[62]"></a>RA8875_PutPixel</STRONG> (Thumb, 182 bytes, Stack size 16 bytes, lcd_ra8875.o(i.RA8875_PutPixel))
<BR><BR>[Stack]<UL><LI>Max Depth = 164<LI>Call Chain = RA8875_PutPixel &rArr; RA8875_SetCursor &rArr; RA8875_WriteReg &rArr; RA8875_EndBusy &rArr; TOUCH_Scan &rArr; STMPE811_ClearInt &rArr; STMPE811_WriteReg1 &rArr; STMPE811_WriteBytes &rArr; i2c_SendByte &rArr; i2c_Delay &rArr; bsp_DelayUS
</UL>
<BR>[Calls]<UL><LI><a href="#[f6]">&gt;&gt;</a>&nbsp;&nbsp;&nbsp;RA8875_WriteData16
<LI><a href="#[7c]">&gt;&gt;</a>&nbsp;&nbsp;&nbsp;RA8875_WriteCmd
<LI><a href="#[f5]">&gt;&gt;</a>&nbsp;&nbsp;&nbsp;RA8875_SetCursor
</UL>
<BR>[Called By]<UL><LI><a href="#[64]">&gt;&gt;</a>&nbsp;&nbsp;&nbsp;RA8875_DrawLine
</UL>
<BR>[Address Reference Count : 1]<UL><LI> bsp_tft_port.o(i.LCD_InitHard)
</UL>
<P><STRONG><a name="[ef]"></a>RA8875_QuitWinMode</STRONG> (Thumb, 20 bytes, Stack size 8 bytes, lcd_ra8875.o(i.RA8875_QuitWinMode))
<BR><BR>[Stack]<UL><LI>Max Depth = 180<LI>Call Chain = RA8875_QuitWinMode &rArr; RA8875_SetDispWin &rArr; RA8875_SetCursor &rArr; RA8875_WriteReg &rArr; RA8875_EndBusy &rArr; TOUCH_Scan &rArr; STMPE811_ClearInt &rArr; STMPE811_WriteReg1 &rArr; STMPE811_WriteBytes &rArr; i2c_SendByte &rArr; i2c_Delay &rArr; bsp_DelayUS
</UL>
<BR>[Calls]<UL><LI><a href="#[ee]">&gt;&gt;</a>&nbsp;&nbsp;&nbsp;RA8875_SetDispWin
</UL>
<BR>[Called By]<UL><LI><a href="#[67]">&gt;&gt;</a>&nbsp;&nbsp;&nbsp;RA8875_DrawBMP
</UL>

<P><STRONG><a name="[f7]"></a>RA8875_ReadData</STRONG> (Thumb, 12 bytes, Stack size 0 bytes, bsp_ra8875_port.o(i.RA8875_ReadData))
<BR><BR>[Called By]<UL><LI><a href="#[e1]">&gt;&gt;</a>&nbsp;&nbsp;&nbsp;RA8875_ReadReg
<LI><a href="#[f8]">&gt;&gt;</a>&nbsp;&nbsp;&nbsp;RA8875_ReadReg_Int
</UL>

<P><STRONG><a name="[f4]"></a>RA8875_ReadData16</STRONG> (Thumb, 8 bytes, Stack size 0 bytes, bsp_ra8875_port.o(i.RA8875_ReadData16))
<BR><BR>[Called By]<UL><LI><a href="#[63]">&gt;&gt;</a>&nbsp;&nbsp;&nbsp;RA8875_GetPixel
</UL>

<P><STRONG><a name="[e1]"></a>RA8875_ReadReg</STRONG> (Thumb, 32 bytes, Stack size 16 bytes, lcd_ra8875.o(i.RA8875_ReadReg))
<BR><BR>[Stack]<UL><LI>Max Depth = 16<LI>Call Chain = RA8875_ReadReg
</UL>
<BR>[Calls]<UL><LI><a href="#[7c]">&gt;&gt;</a>&nbsp;&nbsp;&nbsp;RA8875_WriteCmd
<LI><a href="#[f7]">&gt;&gt;</a>&nbsp;&nbsp;&nbsp;RA8875_ReadData
</UL>
<BR>[Called By]<UL><LI><a href="#[df]">&gt;&gt;</a>&nbsp;&nbsp;&nbsp;LCD_InitHard
<LI><a href="#[e2]">&gt;&gt;</a>&nbsp;&nbsp;&nbsp;RA8875_InitHard
</UL>

<P><STRONG><a name="[f8]"></a>RA8875_ReadReg_Int</STRONG> (Thumb, 16 bytes, Stack size 8 bytes, lcd_ra8875.o(i.RA8875_ReadReg_Int))
<BR><BR>[Stack]<UL><LI>Max Depth = 8<LI>Call Chain = RA8875_ReadReg_Int
</UL>
<BR>[Calls]<UL><LI><a href="#[7c]">&gt;&gt;</a>&nbsp;&nbsp;&nbsp;RA8875_WriteCmd
<LI><a href="#[f7]">&gt;&gt;</a>&nbsp;&nbsp;&nbsp;RA8875_ReadData
</UL>
<BR>[Called By]<UL><LI><a href="#[fa]">&gt;&gt;</a>&nbsp;&nbsp;&nbsp;RA8875_TouchReadX
</UL>

<P><STRONG><a name="[7f]"></a>RA8875_ReadStatus</STRONG> (Thumb, 10 bytes, Stack size 0 bytes, bsp_ra8875_port.o(i.RA8875_ReadStatus))
[...]
</UL>
<BR>[Calls]<UL><LI><a href="#[86]">&gt;&gt;</a>&nbsp;&nbsp;&nbsp;i2c_WaitAck
<LI><a href="#[8a]">&gt;&gt;</a>&nbsp;&nbsp;&nbsp;i2c_Stop
<LI><a href="#[84]">&gt;&gt;</a>&nbsp;&nbsp;&nbsp;i2c_Start
<LI><a href="#[85]">&gt;&gt;</a>&nbsp;&nbsp;&nbsp;i2c_SendByte
<LI><a href="#[87]">&gt;&gt;</a>&nbsp;&nbsp;&nbsp;i2c_ReadByte
<LI><a href="#[89]">&gt;&gt;</a>&nbsp;&nbsp;&nbsp;i2c_NAck
<LI><a href="#[88]">&gt;&gt;</a>&nbsp;&nbsp;&nbsp;i2c_Ack
</UL>
<BR>[Called By]<UL><LI><a href="#[92]">&gt;&gt;</a>&nbsp;&nbsp;&nbsp;GT811_Scan
</UL>

<P><STRONG><a name="[90]"></a>GT811_WriteReg</STRONG> (Thumb, 76 bytes, Stack size 24 bytes, bsp_gt811.o(i.GT811_WriteReg))
<BR><BR>[Stack]<UL><LI>Max Depth = 68<LI>Call Chain = GT811_WriteReg &rArr; i2c_SendByte &rArr; i2c_Delay &rArr; bsp_DelayUS
</UL>
<BR>[Calls]<UL><LI><a href="#[86]">&gt;&gt;</a>&nbsp;&nbsp;&nbsp;i2c_WaitAck
<LI><a href="#[8a]">&gt;&gt;</a>&nbsp;&nbsp;&nbsp;i2c_Stop
<LI><a href="#[84]">&gt;&gt;</a>&nbsp;&nbsp;&nbsp;i2c_Start
<LI><a href="#[85]">&gt;&gt;</a>&nbsp;&nbsp;&nbsp;i2c_SendByte
</UL>
<BR>[Called By]<UL><LI><a href="#[8f]">&gt;&gt;</a>&nbsp;&nbsp;&nbsp;GT811_InitHard
</UL>

<P><STRONG><a name="[96]"></a>GT911_ReadReg</STRONG> (Thumb, 120 bytes, Stack size 24 bytes, bsp_gt911.o(i.GT911_ReadReg))
<BR><BR>[Stack]<UL><LI>Max Depth = 68<LI>Call Chain = GT911_ReadReg &rArr; i2c_SendByte &rArr; i2c_Delay &rArr; bsp_DelayUS
</UL>
<BR>[Calls]<UL><LI><a href="#[86]">&gt;&gt;</a>&nbsp;&nbsp;&nbsp;i2c_WaitAck
<LI><a href="#[8a]">&gt;&gt;</a>&nbsp;&nbsp;&nbsp;i2c_Stop
<LI><a href="#[84]">&gt;&gt;</a>&nbsp;&nbsp;&nbsp;i2c_Start
<LI><a href="#[85]">&gt;&gt;</a>&nbsp;&nbsp;&nbsp;i2c_SendByte
<LI><a href="#[87]">&gt;&gt;</a>&nbsp;&nbsp;&nbsp;i2c_ReadByte
<LI><a href="#[89]">&gt;&gt;</a>&nbsp;&nbsp;&nbsp;i2c_NAck
<LI><a href="#[88]">&gt;&gt;</a>&nbsp;&nbsp;&nbsp;i2c_Ack
</UL>
<BR>[Called By]<UL><LI><a href="#[98]">&gt;&gt;</a>&nbsp;&nbsp;&nbsp;GT911_Scan
<LI><a href="#[97]">&gt;&gt;</a>&nbsp;&nbsp;&nbsp;GT911_ReadMaxXY
<LI><a href="#[95]">&gt;&gt;</a>&nbsp;&nbsp;&nbsp;GT911_ReadID
</UL>

<P><STRONG><a name="[99]"></a>GT911_WriteReg</STRONG> (Thumb, 76 bytes, Stack size 24 bytes, bsp_gt911.o(i.GT911_WriteReg))
<BR><BR>[Stack]<UL><LI>Max Depth = 68<LI>Call Chain = GT911_WriteReg &rArr; i2c_SendByte &rArr; i2c_Delay &rArr; bsp_DelayUS
</UL>
<BR>[Calls]<UL><LI><a href="#[86]">&gt;&gt;</a>&nbsp;&nbsp;&nbsp;i2c_WaitAck
<LI><a href="#[8a]">&gt;&gt;</a>&nbsp;&nbsp;&nbsp;i2c_Stop
<LI><a href="#[84]">&gt;&gt;</a>&nbsp;&nbsp;&nbsp;i2c_Start
<LI><a href="#[85]">&gt;&gt;</a>&nbsp;&nbsp;&nbsp;i2c_SendByte
</UL>
<BR>[Called By]<UL><LI><a href="#[98]">&gt;&gt;</a>&nbsp;&nbsp;&nbsp;GT911_Scan
</UL>

<P><STRONG><a name="[ce]"></a>LCD_DispStrEx0</STRONG> (Thumb, 1132 bytes, Stack size 600 bytes, bsp_tft_lcd.o(i.LCD_DispStrEx0))
<BR><BR>[Stack]<UL><LI>Max Depth = 792<LI>Call Chain = LCD_DispStrEx0 &rArr; _LCD_ReadHZDot &rArr; sf_ReadBuffer &rArr; bsp_spiTransfer &rArr; HAL_SPI_TransmitReceive &rArr; SPI_EndRxTxTransaction &rArr; SPI_WaitFlagStateUntilTimeout
</UL>
<BR>[Calls]<UL><LI><a href="#[d3]">&gt;&gt;</a>&nbsp;&nbsp;&nbsp;RA8875_SetTextTransp
<LI><a href="#[d4]">&gt;&gt;</a>&nbsp;&nbsp;&nbsp;RA8875_SetFrontColor
<LI><a href="#[d6]">&gt;&gt;</a>&nbsp;&nbsp;&nbsp;RA8875_SetFont
<LI><a href="#[d5]">&gt;&gt;</a>&nbsp;&nbsp;&nbsp;RA8875_SetBackColor
<LI><a href="#[d7]">&gt;&gt;</a>&nbsp;&nbsp;&nbsp;RA8875_DispStr
<LI><a href="#[db]">&gt;&gt;</a>&nbsp;&nbsp;&nbsp;LCD_PutPixel
<LI><a href="#[d2]">&gt;&gt;</a>&nbsp;&nbsp;&nbsp;LCD_Fill_Rect
<LI><a href="#[d0]">&gt;&gt;</a>&nbsp;&nbsp;&nbsp;LCD_GetStrWidth
<LI><a href="#[d1]">&gt;&gt;</a>&nbsp;&nbsp;&nbsp;LCD_GetFontHeight
<LI><a href="#[d9]">&gt;&gt;</a>&nbsp;&nbsp;&nbsp;_LCD_ReadSmallDot
<LI><a href="#[da]">&gt;&gt;</a>&nbsp;&nbsp;&nbsp;_LCD_ReadHZDot
<LI><a href="#[d8]">&gt;&gt;</a>&nbsp;&nbsp;&nbsp;_LCD_ReadAsciiDot
<LI><a href="#[cf]">&gt;&gt;</a>&nbsp;&nbsp;&nbsp;SeachStr_a
</UL>
<BR>[Called By]<UL><LI><a href="#[cd]">&gt;&gt;</a>&nbsp;&nbsp;&nbsp;LCD_DispStr
</UL>

<P><STRONG><a name="[cf]"></a>SeachStr_a</STRONG> (Thumb, 32 bytes, Stack size 0 bytes, bsp_tft_lcd.o(i.SeachStr_a))
<BR><BR>[Called By]<UL><LI><a href="#[ce]">&gt;&gt;</a>&nbsp;&nbsp;&nbsp;LCD_DispStrEx0
</UL>

<P><STRONG><a name="[d8]"></a>_LCD_ReadAsciiDot</STRONG> (Thumb, 118 bytes, Stack size 24 bytes, bsp_tft_lcd.o(i._LCD_ReadAsciiDot))
<BR><BR>[Stack]<UL><LI>Max Depth = 160<LI>Call Chain = _LCD_ReadAsciiDot &rArr; sf_ReadBuffer &rArr; bsp_spiTransfer &rArr; HAL_SPI_TransmitReceive &rArr; SPI_EndRxTxTransaction &rArr; SPI_WaitFlagStateUntilTimeout
</UL>
<BR>[Calls]<UL><LI><a href="#[125]">&gt;&gt;</a>&nbsp;&nbsp;&nbsp;sf_ReadBuffer
<LI><a href="#[124]">&gt;&gt;</a>&nbsp;&nbsp;&nbsp;__aeabi_memcpy
</UL>
<BR>[Called By]<UL><LI><a href="#[ce]">&gt;&gt;</a>&nbsp;&nbsp;&nbsp;LCD_DispStrEx0
</UL>

<P><STRONG><a name="[da]"></a>_LCD_ReadHZDot</STRONG> (Thumb, 360 bytes, Stack size 56 bytes, bsp_tft_lcd.o(i._LCD_ReadHZDot))
<BR><BR>[Stack]<UL><LI>Max Depth = 192<LI>Call Chain = _LCD_ReadHZDot &rArr; sf_ReadBuffer &rArr; bsp_spiTransfer &rArr; HAL_SPI_TransmitReceive &rArr; SPI_EndRxTxTransaction &rArr; SPI_WaitFlagStateUntilTimeout
</UL>
<BR>[Calls]<UL><LI><a href="#[125]">&gt;&gt;</a>&nbsp;&nbsp;&nbsp;sf_ReadBuffer
<LI><a href="#[72]">&gt;&gt;</a>&nbsp;&nbsp;&nbsp;__aeabi_memset
<LI><a href="#[124]">&gt;&gt;</a>&nbsp;&nbsp;&nbsp;__aeabi_memcpy
</UL>
<BR>[Called By]<UL><LI><a href="#[ce]">&gt;&gt;</a>&nbsp;&nbsp;&nbsp;LCD_DispStrEx0
</UL>

<P><STRONG><a name="[d9]"></a>_LCD_ReadSmallDot</STRONG> (Thumb, 118 bytes, Stack size 24 bytes, bsp_tft_lcd.o(i._LCD_ReadSmallDot))
<BR><BR>[Stack]<UL><LI>Max Depth = 160<LI>Call Chain = _LCD_ReadSmallDot &rArr; sf_ReadBuffer &rArr; bsp_spiTransfer &rArr; HAL_SPI_TransmitReceive &rArr; SPI_EndRxTxTransaction &rArr; SPI_WaitFlagStateUntilTimeout
</UL>
<BR>[Calls]<UL><LI><a href="#[125]">&gt;&gt;</a>&nbsp;&nbsp;&nbsp;sf_ReadBuffer
<LI><a href="#[124]">&gt;&gt;</a>&nbsp;&nbsp;&nbsp;__aeabi_memcpy
</UL>
<BR>[Called By]<UL><LI><a href="#[ce]">&gt;&gt;</a>&nbsp;&nbsp;&nbsp;LCD_DispStrEx0
</UL>

<P><STRONG><a name="[cc]"></a>LCD_CtrlLinesConfig</STRONG> (Thumb, 224 bytes, Stack size 32 bytes, bsp_tft_port.o(i.LCD_CtrlLinesConfig))
<BR><BR>[Stack]<UL><LI>Max Depth = 56<LI>Call Chain = LCD_CtrlLinesConfig &rArr; HAL_GPIO_Init
</UL>
<BR>[Calls]<UL><LI><a href="#[ad]">&gt;&gt;</a>&nbsp;&nbsp;&nbsp;HAL_GPIO_Init
</UL>
<BR>[Called By]<UL><LI><a href="#[df]">&gt;&gt;</a>&nbsp;&nbsp;&nbsp;LCD_InitHard
</UL>

<P><STRONG><a name="[dc]"></a>LCD_FSMCConfig</STRONG> (Thumb, 154 bytes, Stack size 144 bytes, bsp_tft_port.o(i.LCD_FSMCConfig))
<BR><BR>[Stack]<UL><LI>Max Depth = 176<LI>Call Chain = LCD_FSMCConfig &rArr; HAL_SRAM_Init &rArr; FSMC_NORSRAM_Extended_Timing_Init
</UL>
<BR>[Calls]<UL><LI><a href="#[81]">&gt;&gt;</a>&nbsp;&nbsp;&nbsp;Error_Handler
<LI><a href="#[b1]">&gt;&gt;</a>&nbsp;&nbsp;&nbsp;HAL_SRAM_Init
<LI><a href="#[dd]">&gt;&gt;</a>&nbsp;&nbsp;&nbsp;__aeabi_memclr4
</UL>
<BR>[Called By]<UL><LI><a href="#[df]">&gt;&gt;</a>&nbsp;&nbsp;&nbsp;LCD_InitHard
</UL>

<P><STRONG><a name="[e0]"></a>LCD_HardReset</STRONG> (Thumb, 2 bytes, Stack size 0 bytes, bsp_tft_port.o(i.LCD_HardReset))
<BR><BR>[Called By]<UL><LI><a href="#[df]">&gt;&gt;</a>&nbsp;&nbsp;&nbsp;LCD_InitHard
</UL>

<P><STRONG><a name="[120]"></a>CalTwoPoint</STRONG> (Thumb, 22 bytes, Stack size 16 bytes, bsp_ts_touch.o(i.CalTwoPoint))
<BR><BR>[Stack]<UL><LI>Max Depth = 16<LI>Call Chain = CalTwoPoint
</UL>
<BR>[Called By]<UL><LI><a href="#[117]">&gt;&gt;</a>&nbsp;&nbsp;&nbsp;TOUCH_TransY
<LI><a href="#[116]">&gt;&gt;</a>&nbsp;&nbsp;&nbsp;TOUCH_TransX
</UL>

<P><STRONG><a name="[11f]"></a>TOUCH_DataFilter</STRONG> (Thumb, 110 bytes, Stack size 20 bytes, bsp_ts_touch.o(i.TOUCH_DataFilter))
<BR><BR>[Stack]<UL><LI>Max Depth = 20<LI>Call Chain = TOUCH_DataFilter
</UL>
<BR>[Called By]<UL><LI><a href="#[f2]">&gt;&gt;</a>&nbsp;&nbsp;&nbsp;TOUCH_Scan
</UL>

<P><STRONG><a name="[111]"></a>TOUCH_LoadParam</STRONG> (Thumb, 34 bytes, Stack size 8 bytes, bsp_ts_touch.o(i.TOUCH_LoadParam))
<BR><BR>[Stack]<UL><LI>Max Depth = 92<LI>Call Chain = TOUCH_LoadParam &rArr; TOUCH_SaveParam &rArr; ee_WriteBytes &rArr; i2c_SendByte &rArr; i2c_Delay &rArr; bsp_DelayUS
</UL>
<BR>[Calls]<UL><LI><a href="#[112]">&gt;&gt;</a>&nbsp;&nbsp;&nbsp;ee_ReadBytes
<LI><a href="#[113]">&gt;&gt;</a>&nbsp;&nbsp;&nbsp;TOUCH_SaveParam
</UL>
<BR>[Called By]<UL><LI><a href="#[10e]">&gt;&gt;</a>&nbsp;&nbsp;&nbsp;TOUCH_InitHard
</UL>

<P><STRONG><a name="[11e]"></a>TOUCH_PressValid</STRONG> (Thumb, 38 bytes, Stack size 0 bytes, bsp_ts_touch.o(i.TOUCH_PressValid))
<BR><BR>[Called By]<UL><LI><a href="#[f2]">&gt;&gt;</a>&nbsp;&nbsp;&nbsp;TOUCH_Scan
</UL>

<P><STRONG><a name="[113]"></a>TOUCH_SaveParam</STRONG> (Thumb, 24 bytes, Stack size 8 bytes, bsp_ts_touch.o(i.TOUCH_SaveParam))
<BR><BR>[Stack]<UL><LI>Max Depth = 84<LI>Call Chain = TOUCH_SaveParam &rArr; ee_WriteBytes &rArr; i2c_SendByte &rArr; i2c_Delay &rArr; bsp_DelayUS
</UL>
<BR>[Calls]<UL><LI><a href="#[118]">&gt;&gt;</a>&nbsp;&nbsp;&nbsp;ee_WriteBytes
</UL>
<BR>[Called By]<UL><LI><a href="#[111]">&gt;&gt;</a>&nbsp;&nbsp;&nbsp;TOUCH_LoadParam
</UL>

<P><STRONG><a name="[116]"></a>TOUCH_TransX</STRONG> (Thumb, 266 bytes, Stack size 32 bytes, bsp_ts_touch.o(i.TOUCH_TransX))
<BR><BR>[Stack]<UL><LI>Max Depth = 48<LI>Call Chain = TOUCH_TransX &rArr; CalTwoPoint
</UL>
<BR>[Calls]<UL><LI><a href="#[120]">&gt;&gt;</a>&nbsp;&nbsp;&nbsp;CalTwoPoint
</UL>
<BR>[Called By]<UL><LI><a href="#[8d]">&gt;&gt;</a>&nbsp;&nbsp;&nbsp;TOUCH_PutKey
</UL>

<P><STRONG><a name="[117]"></a>TOUCH_TransY</STRONG> (Thumb, 276 bytes, Stack size 32 bytes, bsp_ts_touch.o(i.TOUCH_TransY))
<BR><BR>[Stack]<UL><LI>Max Depth = 48<LI>Call Chain = TOUCH_TransY &rArr; CalTwoPoint
</UL>
<BR>[Calls]<UL><LI><a href="#[120]">&gt;&gt;</a>&nbsp;&nbsp;&nbsp;CalTwoPoint
</UL>
<BR>[Called By]<UL><LI><a href="#[8d]">&gt;&gt;</a>&nbsp;&nbsp;&nbsp;TOUCH_PutKey
</UL>

<P><STRONG><a name="[83]"></a>FT5X06_ReadReg</STRONG> (Thumb, 90 bytes, Stack size 24 bytes, bsp_ts_ft5x06.o(i.FT5X06_ReadReg))
<BR><BR>[Stack]<UL><LI>Max Depth = 68<LI>Call Chain = FT5X06_ReadReg &rArr; i2c_SendByte &rArr; i2c_Delay &rArr; bsp_DelayUS
</UL>
<BR>[Calls]<UL><LI><a href="#[86]">&gt;&gt;</a>&nbsp;&nbsp;&nbsp;i2c_WaitAck
<LI><a href="#[8a]">&gt;&gt;</a>&nbsp;&nbsp;&nbsp;i2c_Stop
<LI><a href="#[84]">&gt;&gt;</a>&nbsp;&nbsp;&nbsp;i2c_Start
<LI><a href="#[85]">&gt;&gt;</a>&nbsp;&nbsp;&nbsp;i2c_SendByte
<LI><a href="#[87]">&gt;&gt;</a>&nbsp;&nbsp;&nbsp;i2c_ReadByte
<LI><a href="#[89]">&gt;&gt;</a>&nbsp;&nbsp;&nbsp;i2c_NAck
<LI><a href="#[88]">&gt;&gt;</a>&nbsp;&nbsp;&nbsp;i2c_Ack
</UL>
<BR>[Called By]<UL><LI><a href="#[8b]">&gt;&gt;</a>&nbsp;&nbsp;&nbsp;FT5X06_Scan
<LI><a href="#[82]">&gt;&gt;</a>&nbsp;&nbsp;&nbsp;FT5X06_ReadID
</UL>

<P><STRONG><a name="[100]"></a>STMPE811_Reset</STRONG> (Thumb, 26 bytes, Stack size 8 bytes, bsp_ts_stmpe811.o(i.STMPE811_Reset))
<BR><BR>[Stack]<UL><LI>Max Depth = 184<LI>Call Chain = STMPE811_Reset &rArr; bsp_DelayMS &rArr; bsp_Idle &rArr; TOUCH_CapScan &rArr; GT911_Scan &rArr; TOUCH_PutKey &rArr; TOUCH_TransY &rArr; CalTwoPoint
</UL>
<BR>[Calls]<UL><LI><a href="#[94]">&gt;&gt;</a>&nbsp;&nbsp;&nbsp;bsp_DelayMS
<LI><a href="#[fe]">&gt;&gt;</a>&nbsp;&nbsp;&nbsp;STMPE811_WriteReg1
</UL>
<BR>[Called By]<UL><LI><a href="#[ff]">&gt;&gt;</a>&nbsp;&nbsp;&nbsp;STMPE811_InitHard
</UL>

<P><STRONG><a name="[78]"></a>BTE_SetOperateCode</STRONG> (Thumb, 14 bytes, Stack size 8 bytes, lcd_ra8875.o(i.BTE_SetOperateCode))
<BR><BR>[Stack]<UL><LI>Max Depth = 140<LI>Call Chain = BTE_SetOperateCode &rArr; RA8875_WriteReg &rArr; RA8875_EndBusy &rArr; TOUCH_Scan &rArr; STMPE811_ClearInt &rArr; STMPE811_WriteReg1 &rArr; STMPE811_WriteBytes &rArr; i2c_SendByte &rArr; i2c_Delay &rArr; bsp_DelayUS
</UL>
<BR>[Calls]<UL><LI><a href="#[79]">&gt;&gt;</a>&nbsp;&nbsp;&nbsp;RA8875_WriteReg
</UL>
<BR>[Called By]<UL><LI><a href="#[61]">&gt;&gt;</a>&nbsp;&nbsp;&nbsp;RA8875_ClrScr
</UL>

<P><STRONG><a name="[7a]"></a>BTE_SetTarBlock</STRONG> (Thumb, 104 bytes, Stack size 24 bytes, lcd_ra8875.o(i.BTE_SetTarBlock))
<BR><BR>[Stack]<UL><LI>Max Depth = 156<LI>Call Chain = BTE_SetTarBlock &rArr; RA8875_WriteReg &rArr; RA8875_EndBusy &rArr; TOUCH_Scan &rArr; STMPE811_ClearInt &rArr; STMPE811_WriteReg1 &rArr; STMPE811_WriteBytes &rArr; i2c_SendByte &rArr; i2c_Delay &rArr; bsp_DelayUS
</UL>
<BR>[Calls]<UL><LI><a href="#[79]">&gt;&gt;</a>&nbsp;&nbsp;&nbsp;RA8875_WriteReg
</UL>
<BR>[Called By]<UL><LI><a href="#[61]">&gt;&gt;</a>&nbsp;&nbsp;&nbsp;RA8875_ClrScr
</UL>

<P><STRONG><a name="[7b]"></a>BTE_Start</STRONG> (Thumb, 22 bytes, Stack size 8 bytes, lcd_ra8875.o(i.BTE_Start))
<BR><BR>[Stack]<UL><LI>Max Depth = 8<LI>Call Chain = BTE_Start
</UL>
<BR>[Calls]<UL><LI><a href="#[7d]">&gt;&gt;</a>&nbsp;&nbsp;&nbsp;RA8875_WriteData
<LI><a href="#[7c]">&gt;&gt;</a>&nbsp;&nbsp;&nbsp;RA8875_WriteCmd
</UL>
<BR>[Called By]<UL><LI><a href="#[61]">&gt;&gt;</a>&nbsp;&nbsp;&nbsp;RA8875_ClrScr
</UL>

<P><STRONG><a name="[7e]"></a>BTE_Wait</STRONG> (Thumb, 36 bytes, Stack size 8 bytes, lcd_ra8875.o(i.BTE_Wait))
<BR><BR>[Stack]<UL><LI>Max Depth = 8<LI>Call Chain = BTE_Wait
</UL>
<BR>[Calls]<UL><LI><a href="#[7f]">&gt;&gt;</a>&nbsp;&nbsp;&nbsp;RA8875_ReadStatus
</UL>
<BR>[Called By]<UL><LI><a href="#[61]">&gt;&gt;</a>&nbsp;&nbsp;&nbsp;RA8875_ClrScr
</UL>

<P><STRONG><a name="[fb]"></a>RA8875_BeginBusy</STRONG> (Thumb, 8 bytes, Stack size 0 bytes, lcd_ra8875.o(i.RA8875_BeginBusy))
<BR><BR>[Called By]<UL><LI><a href="#[79]">&gt;&gt;</a>&nbsp;&nbsp;&nbsp;RA8875_WriteReg
</UL>

<P><STRONG><a name="[f1]"></a>RA8875_EndBusy</STRONG> (Thumb, 40 bytes, Stack size 8 bytes, lcd_ra8875.o(i.RA8875_EndBusy))
<BR><BR>[Stack]<UL><LI>Max Depth = 116<LI>Call Chain = RA8875_EndBusy &rArr; TOUCH_Scan &rArr; STMPE811_ClearInt &rArr; STMPE811_WriteReg1 &rArr; STMPE811_WriteBytes &rArr; i2c_SendByte &rArr; i2c_Delay &rArr; bsp_DelayUS
</UL>
<BR>[Calls]<UL><LI><a href="#[f2]">&gt;&gt;</a>&nbsp;&nbsp;&nbsp;TOUCH_Scan
</UL>
<BR>[Called By]<UL><LI><a href="#[79]">&gt;&gt;</a>&nbsp;&nbsp;&nbsp;RA8875_WriteReg
</UL>

<P><STRONG><a name="[f5]"></a>RA8875_SetCursor</STRONG> (Thumb, 82 bytes, Stack size 16 bytes, lcd_ra8875.o(i.RA8875_SetCursor))
<BR><BR>[Stack]<UL><LI>Max Depth = 148<LI>Call Chain = RA8875_SetCursor &rArr; RA8875_WriteReg &rArr; RA8875_EndBusy &rArr; TOUCH_Scan &rArr; STMPE811_ClearInt &rArr; STMPE811_WriteReg1 &rArr; STMPE811_WriteBytes &rArr; i2c_SendByte &rArr; i2c_Delay &rArr; bsp_DelayUS
</UL>
<BR>[Calls]<UL><LI><a href="#[79]">&gt;&gt;</a>&nbsp;&nbsp;&nbsp;RA8875_WriteReg
</UL>
<BR>[Called By]<UL><LI><a href="#[62]">&gt;&gt;</a>&nbsp;&nbsp;&nbsp;RA8875_PutPixel
<LI><a href="#[ee]">&gt;&gt;</a>&nbsp;&nbsp;&nbsp;RA8875_SetDispWin
</UL>

<P><STRONG><a name="[f3]"></a>RA8875_SetReadCursor</STRONG> (Thumb, 56 bytes, Stack size 16 bytes, lcd_ra8875.o(i.RA8875_SetReadCursor))
<BR><BR>[Stack]<UL><LI>Max Depth = 148<LI>Call Chain = RA8875_SetReadCursor &rArr; RA8875_WriteReg &rArr; RA8875_EndBusy &rArr; TOUCH_Scan &rArr; STMPE811_ClearInt &rArr; STMPE811_WriteReg1 &rArr; STMPE811_WriteBytes &rArr; i2c_SendByte &rArr; i2c_Delay &rArr; bsp_DelayUS
</UL>
<BR>[Calls]<UL><LI><a href="#[79]">&gt;&gt;</a>&nbsp;&nbsp;&nbsp;RA8875_WriteReg
</UL>
<BR>[Called By]<UL><LI><a href="#[63]">&gt;&gt;</a>&nbsp;&nbsp;&nbsp;RA8875_GetPixel
</UL>

<P><STRONG><a name="[ed]"></a>RA8875_SetTextCursor</STRONG> (Thumb, 56 bytes, Stack size 16 bytes, lcd_ra8875.o(i.RA8875_SetTextCursor))
<BR><BR>[Stack]<UL><LI>Max Depth = 148<LI>Call Chain = RA8875_SetTextCursor &rArr; RA8875_WriteReg &rArr; RA8875_EndBusy &rArr; TOUCH_Scan &rArr; STMPE811_ClearInt &rArr; STMPE811_WriteReg1 &rArr; STMPE811_WriteBytes &rArr; i2c_SendByte &rArr; i2c_Delay &rArr; bsp_DelayUS
</UL>
<BR>[Calls]<UL><LI><a href="#[79]">&gt;&gt;</a>&nbsp;&nbsp;&nbsp;RA8875_WriteReg
</UL>
<BR>[Called By]<UL><LI><a href="#[d7]">&gt;&gt;</a>&nbsp;&nbsp;&nbsp;RA8875_DispStr
</UL>

<P><STRONG><a name="[a0]"></a>__NVIC_GetPriorityGrouping</STRONG> (Thumb, 10 bytes, Stack size 0 bytes, stm32f4xx_hal_cortex.o(i.__NVIC_GetPriorityGrouping))
<BR><BR>[Called By]<UL><LI><a href="#[9f]">&gt;&gt;</a>&nbsp;&nbsp;&nbsp;HAL_NVIC_SetPriority
</UL>

<P><STRONG><a name="[a1]"></a>__NVIC_SetPriority</STRONG> (Thumb, 32 bytes, Stack size 8 bytes, stm32f4xx_hal_cortex.o(i.__NVIC_SetPriority))
<BR><BR>[Stack]<UL><LI>Max Depth = 8<LI>Call Chain = __NVIC_SetPriority
</UL>
<BR>[Called By]<UL><LI><a href="#[9f]">&gt;&gt;</a>&nbsp;&nbsp;&nbsp;HAL_NVIC_SetPriority
<LI><a href="#[9e]">&gt;&gt;</a>&nbsp;&nbsp;&nbsp;HAL_SYSTICK_Config
</UL>

<P><STRONG><a name="[ba]"></a>TIM_OC1_SetConfig</STRONG> (Thumb, 104 bytes, Stack size 12 bytes, stm32f4xx_hal_tim.o(i.TIM_OC1_SetConfig))
<BR><BR>[Stack]<UL><LI>Max Depth = 12<LI>Call Chain = TIM_OC1_SetConfig
</UL>
<BR>[Called By]<UL><LI><a href="#[b9]">&gt;&gt;</a>&nbsp;&nbsp;&nbsp;HAL_TIM_PWM_ConfigChannel
</UL>

<P><STRONG><a name="[bc]"></a>TIM_OC3_SetConfig</STRONG> (Thumb, 112 bytes, Stack size 12 bytes, stm32f4xx_hal_tim.o(i.TIM_OC3_SetConfig))
<BR><BR>[Stack]<UL><LI>Max Depth = 12<LI>Call Chain = TIM_OC3_SetConfig
</UL>
<BR>[Called By]<UL><LI><a href="#[b9]">&gt;&gt;</a>&nbsp;&nbsp;&nbsp;HAL_TIM_PWM_ConfigChannel
</UL>

<P><STRONG><a name="[bd]"></a>TIM_OC4_SetConfig</STRONG> (Thumb, 74 bytes, Stack size 12 bytes, stm32f4xx_hal_tim.o(i.TIM_OC4_SetConfig))
<BR><BR>[Stack]<UL><LI>Max Depth = 12<LI>Call Chain = TIM_OC4_SetConfig
</UL>
<BR>[Called By]<UL><LI><a href="#[b9]">&gt;&gt;</a>&nbsp;&nbsp;&nbsp;HAL_TIM_PWM_ConfigChannel
</UL>

<P><STRONG><a name="[c6]"></a>UART_SetConfig</STRONG> (Thumb, 864 bytes, Stack size 24 bytes, stm32f4xx_hal_uart.o(i.UART_SetConfig))
<BR><BR>[Stack]<UL><LI>Max Depth = 28<LI>Call Chain = UART_SetConfig &rArr; HAL_RCC_GetPCLK2Freq
</UL>
<BR>[Calls]<UL><LI><a href="#[a7]">&gt;&gt;</a>&nbsp;&nbsp;&nbsp;HAL_RCC_GetPCLK2Freq
<LI><a href="#[a5]">&gt;&gt;</a>&nbsp;&nbsp;&nbsp;HAL_RCC_GetPCLK1Freq
</UL>
<BR>[Called By]<UL><LI><a href="#[c4]">&gt;&gt;</a>&nbsp;&nbsp;&nbsp;HAL_UART_Init
</UL>

<P><STRONG><a name="[b0]"></a>SPI_EndRxTxTransaction</STRONG> (Thumb, 100 bytes, Stack size 24 bytes, stm32f4xx_hal_spi.o(i.SPI_EndRxTxTransaction))
<BR><BR>[Stack]<UL><LI>Max Depth = 48<LI>Call Chain = SPI_EndRxTxTransaction &rArr; SPI_WaitFlagStateUntilTimeout
</UL>
<BR>[Calls]<UL><LI><a href="#[af]">&gt;&gt;</a>&nbsp;&nbsp;&nbsp;SPI_WaitFlagStateUntilTimeout
</UL>
<BR>[Called By]<UL><LI><a href="#[ae]">&gt;&gt;</a>&nbsp;&nbsp;&nbsp;HAL_SPI_TransmitReceive
</UL>

<P><STRONG><a name="[af]"></a>SPI_WaitFlagStateUntilTimeout</STRONG> (Thumb, 168 bytes, Stack size 24 bytes, stm32f4xx_hal_spi.o(i.SPI_WaitFlagStateUntilTimeout))
<BR><BR>[Stack]<UL><LI>Max Depth = 24<LI>Call Chain = SPI_WaitFlagStateUntilTimeout
</UL>
<BR>[Calls]<UL><LI><a href="#[a3]">&gt;&gt;</a>&nbsp;&nbsp;&nbsp;HAL_GetTick
</UL>
<BR>[Called By]<UL><LI><a href="#[ae]">&gt;&gt;</a>&nbsp;&nbsp;&nbsp;HAL_SPI_TransmitReceive
<LI><a href="#[b0]">&gt;&gt;</a>&nbsp;&nbsp;&nbsp;SPI_EndRxTxTransaction
</UL>

<P><STRONG><a name="[127]"></a>_printf_core</STRONG> (Thumb, 996 bytes, Stack size 104 bytes, printf8.o(i._printf_core), UNUSED)
<BR><BR>[Calls]<UL><LI><a href="#[128]">&gt;&gt;</a>&nbsp;&nbsp;&nbsp;_printf_pre_padding
<LI><a href="#[129]">&gt;&gt;</a>&nbsp;&nbsp;&nbsp;_printf_post_padding
<LI><a href="#[6e]">&gt;&gt;</a>&nbsp;&nbsp;&nbsp;__aeabi_uldivmod
</UL>
<BR>[Called By]<UL><LI><a href="#[126]">&gt;&gt;</a>&nbsp;&nbsp;&nbsp;__0printf$8
</UL>

<P><STRONG><a name="[129]"></a>_printf_post_padding</STRONG> (Thumb, 36 bytes, Stack size 24 bytes, printf8.o(i._printf_post_padding), UNUSED)
<BR><BR>[Called By]<UL><LI><a href="#[127]">&gt;&gt;</a>&nbsp;&nbsp;&nbsp;_printf_core
</UL>

<P><STRONG><a name="[128]"></a>_printf_pre_padding</STRONG> (Thumb, 46 bytes, Stack size 24 bytes, printf8.o(i._printf_pre_padding), UNUSED)
<BR><BR>[Called By]<UL><LI><a href="#[127]">&gt;&gt;</a>&nbsp;&nbsp;&nbsp;_printf_core
</UL>
<P>
<H3>
Undefined Global Symbols
</H3><HR></body></html>
