<html>
<body>
<pre>
<h1>礦ision Build Log</h1>
<h2>Tool Versions:</h2>
IDE-Version: μVision V5.30.0.0
Copyright (C) 2020 ARM Ltd and ARM Germany GmbH. All rights reserved.
License Information: 5656 Microsoft, Microsoft, LIC=6XJT4-FL39N-KU34L-09FGJ-NK0DK-21BBZ
 
Tool Versions:
Toolchain:       MDK-ARM Professional  Version: 5.30.0.0
Toolchain Path:  H:\Keil_v530\ARM\ARMCC\Bin
C Compiler:      Armcc.exe V5.06 update 6 (build 750)
Assembler:       Armasm.exe V5.06 update 6 (build 750)
Linker/Locator:  ArmLink.exe V5.06 update 6 (build 750)
Library Manager: ArmAr.exe V5.06 update 6 (build 750)
Hex Converter:   FromElf.exe V5.06 update 6 (build 750)
CPU DLL:         SARMCM3.DLL V5.30.0.0
Dialog DLL:      DCM.DLL V1.17.3.0
Target DLL:      Segger\JL2CM3.dll V2.99.38.0
Dialog DLL:      TCM.DLL V1.42.0.0
 
<h2>Project:</h2>
E:\001.Board\STM32-V5V6HAL\STM32-V55\V5-019_LCD全字库外置SPI Flash（支持12，16，24和32点阵，操作前必看教程说明）\Project\MDK-ARM(uV5)\project.uvprojx
Project File Date:  11/14/2020

<h2>Output:</h2>
*** Using Compiler 'V5.06 update 6 (build 750)', folder: 'H:\Keil_v530\ARM\ARMCC\Bin'
Rebuild target 'Flash'
compiling bsp.c...
compiling bsp_led.c...
compiling main.c...
compiling bsp_key.c...
compiling bsp_timer.c...
compiling bsp_beep.c...
compiling bsp_user_lib.c...
compiling bsp_uart_fifo.c...
compiling stm32f4xx_it.c...
compiling bsp_tim_pwm.c...
compiling bsp_spi_bus.c...
compiling bsp_spi_flash.c...
compiling bsp_i2c_gpio.c...
compiling bsp_eeprom_24xx.c...
compiling bsp_gt811.c...
compiling bsp_gt911.c...
compiling bsp_tft_lcd.c...
compiling bsp_ts_touch.c...
compiling bsp_tft_port.c...
compiling bsp_ts_ft5x06.c...
compiling bsp_ts_stmpe811.c...
assembling startup_stm32f407xx.s...
compiling bsp_ra8875_port.c...
compiling LCD_RA8875.c...
compiling stm32f4xx_hal.c...
compiling stm32f4xx_hal_flash.c...
compiling stm32f4xx_hal_cortex.c...
compiling stm32f4xx_hal_gpio.c...
compiling stm32f4xx_hal_rcc.c...
compiling stm32f4xx_hal_tim.c...
compiling stm32f4xx_hal_dma.c...
compiling stm32f4xx_hal_uart.c...
compiling stm32f4xx_hal_tim_ex.c...
compiling stm32f4xx_hal_flash_ex.c...
compiling stm32f4xx_hal_sram.c...
compiling system_stm32f4xx.c...
compiling stm32f4xx_ll_fsmc.c...
compiling stm32f4xx_hal_spi.c...
assembling HardFaultHandler.S...
compiling SEGGER_RTT.c...
compiling asc12.c...
compiling SEGGER_RTT_printf.c...
compiling asc16.c...
compiling SEGGER_HardFaultHandler.c...
compiling hz12.c...
compiling asc24.c...
compiling asc32.c...
compiling hz24.c...
compiling hz32.c...
compiling hz16.c...
compiling asc62x40.c...
compiling ra8875_asc_width.c...
compiling asc96x40.c...
compiling gb2312.c...
linking...
Program Size: Code=29572 RO-data=2118936 RW-data=244 ZI-data=16396  
FromELF: creating hex file...
After Build - User command #1: CopyHex_Flash.bat
E:\001.Board\STM32-V5V6HAL\STM32-V55\V5-019_LCD全字库外置SPI Flash（支持12，16，24和32点阵，操作前必看教程说明）\Project\MDK-ARM(uV5)>copy Objects\output.hex ..\output(mdk).hex 
已复制         1 个文件。
".\Objects\OUTPUT.axf" - 0 Error(s), 0 Warning(s).

<h2>Software Packages used:</h2>

Package Vendor: Keil
                http://www.keil.com/pack/Keil.STM32F4xx_DFP.2.15.0.pack
                Keil.STM32F4xx_DFP.2.15.0
                STMicroelectronics STM32F4 Series Device Support, Drivers and Examples

<h2>Collection of Component include folders:</h2>
  .\RTE\_Flash
  D:\MDKPACK\Keil\STM32F4xx_DFP\2.15.0\Drivers\CMSIS\Device\ST\STM32F4xx\Include

<h2>Collection of Component Files used:</h2>
Build Time Elapsed:  00:00:30
</pre>
</body>
</html>
