Component: ARM Compiler 5.06 update 6 (build 750) Tool: armlink [4d35ed]

==============================================================================

Section Cross References

    main.o(i.PrintfLogo) refers to printf8.o(i.__0printf$8) for __2printf
    main.o(i.PrintfLogo) refers to system_stm32f4xx.o(.data) for SystemCoreClock
    main.o(i.main) refers to bsp.o(i.bsp_Init) for bsp_Init
    main.o(i.main) refers to main.o(i.PrintfLogo) for PrintfLogo
    main.o(i.main) refers to bsp_timer.o(i.bsp_DelayMS) for bsp_DelayMS
    main.o(i.main) refers to bsp_tft_port.o(i.LCD_SetBackLight) for LCD_SetBackLight
    main.o(i.main) refers to bsp_timer.o(i.bsp_StartAutoTimer) for bsp_StartAutoTimer
    main.o(i.main) refers to bsp_tft_port.o(i.LCD_ClrScr) for LCD_ClrScr
    main.o(i.main) refers to bsp_tft_lcd.o(i.LCD_DispStr) for LCD_DispStr
    main.o(i.main) refers to bsp_timer.o(i.bsp_CheckTimer) for bsp_CheckTimer
    main.o(i.main) refers to bsp_led.o(i.bsp_LedToggle) for bsp_LedToggle
    bsp.o(i.SystemClock_Config) refers to stm32f4xx_hal_rcc.o(i.HAL_RCC_OscConfig) for HAL_RCC_OscConfig
    bsp.o(i.SystemClock_Config) refers to bsp.o(i.Error_Handler) for Error_Handler
    bsp.o(i.SystemClock_Config) refers to stm32f4xx_hal_rcc.o(i.HAL_RCC_ClockConfig) for HAL_RCC_ClockConfig
    bsp.o(i.SystemClock_Config) refers to stm32f4xx_hal.o(i.HAL_EnableCompensationCell) for HAL_EnableCompensationCell
    bsp.o(i.bsp_Idle) refers to bsp_ts_touch.o(i.TOUCH_CapScan) for TOUCH_CapScan
    bsp.o(i.bsp_Init) refers to stm32f4xx_hal.o(i.HAL_Init) for HAL_Init
    bsp.o(i.bsp_Init) refers to bsp.o(i.SystemClock_Config) for SystemClock_Config
    bsp.o(i.bsp_Init) refers to bsp_key.o(i.bsp_InitKey) for bsp_InitKey
    bsp.o(i.bsp_Init) refers to bsp_timer.o(i.bsp_InitTimer) for bsp_InitTimer
    bsp.o(i.bsp_Init) refers to bsp_uart_fifo.o(i.bsp_InitUart) for bsp_InitUart
    bsp.o(i.bsp_Init) refers to bsp_led.o(i.bsp_InitLed) for bsp_InitLed
    bsp.o(i.bsp_Init) refers to bsp_beep.o(i.BEEP_InitHard) for BEEP_InitHard
    bsp.o(i.bsp_Init) refers to bsp_i2c_gpio.o(i.bsp_InitI2C) for bsp_InitI2C
    bsp.o(i.bsp_Init) refers to bsp_tft_port.o(i.LCD_InitHard) for LCD_InitHard
    bsp.o(i.bsp_Init) refers to bsp_ts_touch.o(i.TOUCH_InitHard) for TOUCH_InitHard
    bsp.o(i.bsp_Init) refers to bsp_timer.o(i.bsp_DelayMS) for bsp_DelayMS
    bsp.o(i.bsp_Init) refers to bsp_tft_port.o(i.LCD_SetBackLight) for LCD_SetBackLight
    bsp.o(i.bsp_Init) refers to bsp_spi_bus.o(i.bsp_InitSPIBus) for bsp_InitSPIBus
    bsp.o(i.bsp_Init) refers to bsp_spi_flash.o(i.bsp_InitSFlash) for bsp_InitSFlash
    bsp.o(i.bsp_RunPer10ms) refers to bsp_key.o(i.bsp_KeyScan10ms) for bsp_KeyScan10ms
    bsp.o(i.bsp_RunPer10ms) refers to bsp_beep.o(i.BEEP_Pro) for BEEP_Pro
    bsp.o(i.bsp_RunPer1ms) refers to bsp_ts_touch.o(i.TOUCH_Scan) for TOUCH_Scan
    bsp_key.o(i.IsKeyDownFunc) refers to bsp_key.o(i.KeyPinActive) for KeyPinActive
    bsp_key.o(i.KeyPinActive) refers to bsp_key.o(.constdata) for s_gpio_list
    bsp_key.o(i.bsp_ClearKey) refers to bsp_key.o(.bss) for s_tKey
    bsp_key.o(i.bsp_DetectFastIO) refers to bsp_key.o(i.IsKeyDownFunc) for IsKeyDownFunc
    bsp_key.o(i.bsp_DetectFastIO) refers to bsp_key.o(i.bsp_PutKey) for bsp_PutKey
    bsp_key.o(i.bsp_DetectFastIO) refers to bsp_key.o(.bss) for s_tBtn
    bsp_key.o(i.bsp_DetectKey) refers to bsp_key.o(i.IsKeyDownFunc) for IsKeyDownFunc
    bsp_key.o(i.bsp_DetectKey) refers to bsp_key.o(i.bsp_PutKey) for bsp_PutKey
    bsp_key.o(i.bsp_DetectKey) refers to bsp_key.o(.bss) for s_tBtn
    bsp_key.o(i.bsp_GetKey) refers to bsp_key.o(.bss) for s_tKey
    bsp_key.o(i.bsp_GetKey2) refers to bsp_key.o(.bss) for s_tKey
    bsp_key.o(i.bsp_GetKeyState) refers to bsp_key.o(.bss) for s_tBtn
    bsp_key.o(i.bsp_InitKey) refers to bsp_key.o(i.bsp_InitKeyVar) for bsp_InitKeyVar
    bsp_key.o(i.bsp_InitKey) refers to bsp_key.o(i.bsp_InitKeyHard) for bsp_InitKeyHard
    bsp_key.o(i.bsp_InitKeyHard) refers to stm32f4xx_hal_gpio.o(i.HAL_GPIO_Init) for HAL_GPIO_Init
    bsp_key.o(i.bsp_InitKeyHard) refers to bsp_key.o(.constdata) for s_gpio_list
    bsp_key.o(i.bsp_InitKeyVar) refers to bsp_key.o(i.bsp_SetKeyParam) for bsp_SetKeyParam
    bsp_key.o(i.bsp_InitKeyVar) refers to bsp_key.o(.bss) for s_tKey
    bsp_key.o(i.bsp_KeyScan10ms) refers to bsp_key.o(i.bsp_DetectKey) for bsp_DetectKey
    bsp_key.o(i.bsp_KeyScan1ms) refers to bsp_key.o(i.bsp_DetectFastIO) for bsp_DetectFastIO
    bsp_key.o(i.bsp_PutKey) refers to bsp_key.o(.bss) for s_tKey
    bsp_key.o(i.bsp_SetKeyParam) refers to bsp_key.o(.bss) for s_tBtn
    bsp_led.o(i.bsp_InitLed) refers to bsp_led.o(i.bsp_LedOff) for bsp_LedOff
    bsp_led.o(i.bsp_InitLed) refers to stm32f4xx_hal_gpio.o(i.HAL_GPIO_Init) for HAL_GPIO_Init
    bsp_beep.o(i.BEEP_InitHard) refers to bsp_beep.o(.bss) for g_tBeep
    bsp_beep.o(i.BEEP_KeyTone) refers to bsp_beep.o(i.BEEP_Start) for BEEP_Start
    bsp_beep.o(i.BEEP_Pause) refers to bsp_beep.o(i.BEEP_Stop) for BEEP_Stop
[...]
    i.i2c_CheckDevice                        0x08007004   Section        0  bsp_i2c_gpio.o(i.i2c_CheckDevice)
    i.i2c_Delay                              0x0800703c   Section        0  bsp_i2c_gpio.o(i.i2c_Delay)
    i2c_Delay                                0x0800703d   Thumb Code    10  bsp_i2c_gpio.o(i.i2c_Delay)
    i.i2c_NAck                               0x08007048   Section        0  bsp_i2c_gpio.o(i.i2c_NAck)
    i.i2c_ReadByte                           0x08007070   Section        0  bsp_i2c_gpio.o(i.i2c_ReadByte)
    i.i2c_SendByte                           0x080070b4   Section        0  bsp_i2c_gpio.o(i.i2c_SendByte)
    i.i2c_Start                              0x08007104   Section        0  bsp_i2c_gpio.o(i.i2c_Start)
    i.i2c_Stop                               0x08007134   Section        0  bsp_i2c_gpio.o(i.i2c_Stop)
    i.i2c_WaitAck                            0x0800715c   Section        0  bsp_i2c_gpio.o(i.i2c_WaitAck)
    i.main                                   0x08007198   Section        0  main.o(i.main)
    i.sf_ReadBuffer                          0x080072d8   Section        0  bsp_spi_flash.o(i.sf_ReadBuffer)
    i.sf_ReadID                              0x080073a4   Section        0  bsp_spi_flash.o(i.sf_ReadID)
    i.sf_ReadInfo                            0x080073f0   Section        0  bsp_spi_flash.o(i.sf_ReadInfo)
    i.sf_SetCS                               0x080074dc   Section        0  bsp_spi_flash.o(i.sf_SetCS)
    .constdata                               0x0800750c   Section       64  bsp_key.o(.constdata)
    s_gpio_list                              0x0800750c   Data          64  bsp_key.o(.constdata)
    .constdata                               0x0800754c   Section       48  bsp_timer.o(.constdata)
    __FUNCTION__                             0x0800754c   Data          15  bsp_timer.o(.constdata)
    __FUNCTION__                             0x0800755b   Data          19  bsp_timer.o(.constdata)
    __FUNCTION__                             0x0800756e   Data          14  bsp_timer.o(.constdata)
    .constdata                               0x0800757c   Section       14  bsp_tim_pwm.o(.constdata)
    .constdata                               0x0800758a   Section       24  system_stm32f4xx.o(.constdata)
    .constdata                               0x080075a2   Section     1524  asc12.o(.constdata)
    .constdata                               0x08007b96   Section     4096  asc16.o(.constdata)
    .constdata                               0x08008b96   Section     6608  asc24.o(.constdata)
    .constdata                               0x0800a566   Section     8584  asc32.o(.constdata)
    .constdata                               0x0800c6ee   Section        2  hz12.o(.constdata)
    .constdata                               0x0800c6f0   Section        2  hz16.o(.constdata)
    .constdata                               0x0800c6f2   Section        2  hz24.o(.constdata)
    .constdata                               0x0800c6f4   Section        2  hz32.o(.constdata)
    .constdata                               0x0800c6f6   Section      384  ra8875_asc_width.o(.constdata)
    .data                                    0x20000000   Section       30  bsp_timer.o(.data)
    s_TIM_CallBack1                          0x20000000   Data           4  bsp_timer.o(.data)
    s_TIM_CallBack2                          0x20000004   Data           4  bsp_timer.o(.data)
    s_TIM_CallBack3                          0x20000008   Data           4  bsp_timer.o(.data)
    s_TIM_CallBack4                          0x2000000c   Data           4  bsp_timer.o(.data)
    s_uiDelayCount                           0x20000010   Data           4  bsp_timer.o(.data)
    s_ucTimeOutFlag                          0x20000014   Data           1  bsp_timer.o(.data)
    g_ucEnableSystickISR                     0x2000001c   Data           1  bsp_timer.o(.data)
    s_count                                  0x2000001d   Data           1  bsp_timer.o(.data)
    .data                                    0x20000020   Section       24  bsp_spi_bus.o(.data)
    s_BaudRatePrescaler                      0x20000020   Data           4  bsp_spi_bus.o(.data)
    s_CLKPhase                               0x20000024   Data           4  bsp_spi_bus.o(.data)
    s_CLKPolarity                            0x20000028   Data           4  bsp_spi_bus.o(.data)
    .data                                    0x20000038   Section      112  bsp_gt811.o(.data)
    s_tp_down                                0x200000a2   Data           1  bsp_gt811.o(.data)
    x_save                                   0x200000a4   Data           2  bsp_gt811.o(.data)
    y_save                                   0x200000a6   Data           2  bsp_gt811.o(.data)
    .data                                    0x200000a8   Section        7  bsp_gt911.o(.data)
    s_tp_down                                0x200000a8   Data           1  bsp_gt911.o(.data)
    x_save                                   0x200000aa   Data           2  bsp_gt911.o(.data)
    y_save                                   0x200000ac   Data           2  bsp_gt911.o(.data)
    s_count                                  0x200000ae   Data           1  bsp_gt911.o(.data)
    .data                                    0x200000b0   Section        8  bsp_tft_port.o(.data)
    .data                                    0x200000b8   Section       10  bsp_ts_touch.o(.data)
    s_invalid_count                          0x200000ba   Data           1  bsp_ts_touch.o(.data)
    s_ucPos                                  0x200000bb   Data           1  bsp_ts_touch.o(.data)
    s_count                                  0x200000bc   Data           1  bsp_ts_touch.o(.data)
    s_down                                   0x200000bd   Data           1  bsp_ts_touch.o(.data)
    s_usSaveAdcX                             0x200000be   Data           2  bsp_ts_touch.o(.data)
    s_usSaveAdcY                             0x200000c0   Data           2  bsp_ts_touch.o(.data)
    .data                                    0x200000c2   Section        7  bsp_ts_ft5x06.o(.data)
    s_tp_down                                0x200000c2   Data           1  bsp_ts_ft5x06.o(.data)
    x_save                                   0x200000c4   Data           2  bsp_ts_ft5x06.o(.data)
    y_save                                   0x200000c6   Data           2  bsp_ts_ft5x06.o(.data)
    s_count                                  0x200000c8   Data           1  bsp_ts_ft5x06.o(.data)
    .data                                    0x200000ca   Section       16  lcd_ra8875.o(.data)
    s_usTouchX                               0x200000ca   Data           2  lcd_ra8875.o(.data)
    s_usTouchY                               0x200000cc   Data           2  lcd_ra8875.o(.data)
    s_reg_40H                                0x200000cf   Data           1  lcd_ra8875.o(.data)
    s_reg_22H                                0x200000d0   Data           1  lcd_ra8875.o(.data)
    s_WinX                                   0x200000d2   Data           2  lcd_ra8875.o(.data)
    s_WinY                                   0x200000d4   Data           2  lcd_ra8875.o(.data)
    s_WinHeight                              0x200000d6   Data           2  lcd_ra8875.o(.data)
    s_WinWidth                               0x200000d8   Data           2  lcd_ra8875.o(.data)
    .data                                    0x200000da   Section        2  bsp_ra8875_port.o(.data)
    s_run_first                              0x200000db   Data           1  bsp_ra8875_port.o(.data)
    .data                                    0x200000dc   Section        9  stm32f4xx_hal.o(.data)
    .data                                    0x200000e8   Section        4  system_stm32f4xx.o(.data)
    .data                                    0x200000ec   Section        4  segger_hardfaulthandler.o(.data)
    _Continue                                0x200000ec   Data           4  segger_hardfaulthandler.o(.data)
    .data                                    0x200000f0   Section        4  stdout.o(.data)
    .bss                                     0x200000f4   Section      173  bsp_key.o(.bss)
    s_tBtn                                   0x200000f4   Data         160  bsp_key.o(.bss)
    s_tKey                                   0x20000194   Data          13  bsp_key.o(.bss)
    .bss                                     0x200001a2   Section       14  bsp_beep.o(.bss)
    .bss                                     0x200001b0   Section       48  bsp_timer.o(.bss)
    s_tTmr                                   0x200001b0   Data          48  bsp_timer.o(.bss)
    .bss                                     0x200001e0   Section     2092  bsp_uart_fifo.o(.bss)
    g_tUart1                                 0x200001e0   Data          44  bsp_uart_fifo.o(.bss)
    g_TxBuf1                                 0x2000020c   Data        1024  bsp_uart_fifo.o(.bss)
    g_RxBuf1                                 0x2000060c   Data        1024  bsp_uart_fifo.o(.bss)
    .bss                                     0x20000a0c   Section     8472  bsp_spi_bus.o(.bss)
    hspi                                     0x20000a0c   Data          88  bsp_spi_bus.o(.bss)
    hdma_tx                                  0x20000a64   Data          96  bsp_spi_bus.o(.bss)
    hdma_rx                                  0x20000ac4   Data          96  bsp_spi_bus.o(.bss)
    .bss                                     0x20002b24   Section     4124  bsp_spi_flash.o(.bss)
    s_spiBuf                                 0x20002b40   Data        4096  bsp_spi_flash.o(.bss)
    .bss                                     0x20003b40   Section       36  bsp_gt811.o(.bss)
    .bss                                     0x20003b64   Section       36  bsp_gt911.o(.bss)
    .bss                                     0x20003b88   Section       56  bsp_tft_port.o(.bss)
    .bss                                     0x20003bc0   Section      222  bsp_ts_touch.o(.bss)
    s_usXBuf                                 0x20003c76   Data          20  bsp_ts_touch.o(.bss)
    s_usYBuf                                 0x20003c8a   Data          20  bsp_ts_touch.o(.bss)
    .bss                                     0x20003c9e   Section       34  bsp_ts_ft5x06.o(.bss)
    .bss                                     0x20003cc0   Section       64  segger_hardfaulthandler.o(.bss)
    HardFaultRegs                            0x20003cc0   Data          64  segger_hardfaulthandler.o(.bss)
    STACK                                    0x20003d00   Section     1024  startup_stm32f407xx.o(STACK)
    .constdata                               0xc0000000   Section    2097153  gb2312.o(.constdata)

    Global Symbols

    Symbol Name                              Value     Ov Type        Size  Object(Section)

    BuildAttributes$$THM_ISAv4$E$P$D$K$B$S$7EM$VFPi3$EXTD16$VFPS$VFMA$PE$A:L22UL41UL21$X:L11$S22US41US21$IEEE1$IW$USESV6$~STKCKD$USESV7$~SHL$OTIME$ROPI$IEEEX$EBA8$MICROLIB$REQ8$PRES8$EABIv2 0x00000000   Number         0  anon$$obj.o ABSOLUTE
    __ARM_use_no_argv                        0x00000000   Number         0  main.o ABSOLUTE
    _printf_a                                0x00000000   Number         0  stubs.o ABSOLUTE
    _printf_c                                0x00000000   Number         0  stubs.o ABSOLUTE
    _printf_charcount                        0x00000000   Number         0  stubs.o ABSOLUTE
    _printf_d                                0x00000000   Number         0  stubs.o ABSOLUTE
    _printf_e                                0x00000000   Number         0  stubs.o ABSOLUTE
    _printf_f                                0x00000000   Number         0  stubs.o ABSOLUTE
    _printf_flags                            0x00000000   Number         0  stubs.o ABSOLUTE
    _printf_fp_dec                           0x00000000   Number         0  stubs.o ABSOLUTE
    _printf_fp_hex                           0x00000000   Number         0  stubs.o ABSOLUTE
    _printf_g                                0x00000000   Number         0  stubs.o ABSOLUTE
    _printf_i                                0x00000000   Number         0  stubs.o ABSOLUTE
    _printf_int_dec                          0x00000000   Number         0  stubs.o ABSOLUTE
    _printf_l                                0x00000000   Number         0  stubs.o ABSOLUTE
    _printf_lc                               0x00000000   Number         0  stubs.o ABSOLUTE
    _printf_ll                               0x00000000   Number         0  stubs.o ABSOLUTE
    _printf_lld                              0x00000000   Number         0  stubs.o ABSOLUTE
    _printf_lli                              0x00000000   Number         0  stubs.o ABSOLUTE
    _printf_llo                              0x00000000   Number         0  stubs.o ABSOLUTE
    _printf_llu                              0x00000000   Number         0  stubs.o ABSOLUTE
    _printf_llx                              0x00000000   Number         0  stubs.o ABSOLUTE
    _printf_longlong_dec                     0x00000000   Number         0  stubs.o ABSOLUTE
    _printf_longlong_hex                     0x00000000   Number         0  stubs.o ABSOLUTE
    _printf_longlong_oct                     0x00000000   Number         0  stubs.o ABSOLUTE
    _printf_ls                               0x00000000   Number         0  stubs.o ABSOLUTE
    _printf_mbtowc                           0x00000000   Number         0  stubs.o ABSOLUTE
    _printf_n                                0x00000000   Number         0  stubs.o ABSOLUTE
    _printf_o                                0x00000000   Number         0  stubs.o ABSOLUTE
    _printf_p                                0x00000000   Number         0  stubs.o ABSOLUTE
    _printf_percent                          0x00000000   Number         0  stubs.o ABSOLUTE
    _printf_pre_padding                      0x00000000   Number         0  stubs.o ABSOLUTE
    _printf_return_value                     0x00000000   Number         0  stubs.o ABSOLUTE
    _printf_s                                0x00000000   Number         0  stubs.o ABSOLUTE
    _printf_sizespec                         0x00000000   Number         0  stubs.o ABSOLUTE
    _printf_str                              0x00000000   Number         0  stubs.o ABSOLUTE
    _printf_truncate_signed                  0x00000000   Number         0  stubs.o ABSOLUTE
    _printf_truncate_unsigned                0x00000000   Number         0  stubs.o ABSOLUTE
    _printf_u                                0x00000000   Number         0  stubs.o ABSOLUTE
    _printf_wc                               0x00000000   Number         0  stubs.o ABSOLUTE
    _printf_wctomb                           0x00000000   Number         0  stubs.o ABSOLUTE
    _printf_widthprec                        0x00000000   Number         0  stubs.o ABSOLUTE
    _printf_x                                0x00000000   Number         0  stubs.o ABSOLUTE
    __cpp_initialize__aeabi_                  - Undefined Weak Reference
    __cxa_finalize                            - Undefined Weak Reference
    __decompress                              - Undefined Weak Reference
    _clock_init                               - Undefined Weak Reference
    _microlib_exit                            - Undefined Weak Reference
    __Vectors_Size                           0x00000188   Number         0  startup_stm32f407xx.o ABSOLUTE
    __Vectors                                0x08000000   Data           4  startup_stm32f407xx.o(RESET)
    __Vectors_End                            0x08000188   Data           0  startup_stm32f407xx.o(RESET)
    __main                                   0x08000189   Thumb Code     0  entry.o(.ARM.Collect$$$$00000000)
    _main_stk                                0x08000189   Thumb Code     0  entry2.o(.ARM.Collect$$$$00000001)
    _main_scatterload                        0x0800018d   Thumb Code     0  entry5.o(.ARM.Collect$$$$00000004)
    __main_after_scatterload                 0x08000191   Thumb Code     0  entry5.o(.ARM.Collect$$$$00000004)
    _main_clock                              0x08000191   Thumb Code     0  entry7b.o(.ARM.Collect$$$$00000008)
    _main_cpp_init                           0x08000191   Thumb Code     0  entry8b.o(.ARM.Collect$$$$0000000A)
    _main_init                               0x08000191   Thumb Code     0  entry9a.o(.ARM.Collect$$$$0000000B)
    __rt_final_cpp                           0x08000199   Thumb Code     0  entry10a.o(.ARM.Collect$$$$0000000D)
    __rt_final_exit                          0x08000199   Thumb Code     0  entry11a.o(.ARM.Collect$$$$0000000F)
    Reset_Handler                            0x0800019d   Thumb Code     8  startup_stm32f407xx.o(.text)
    ADC_IRQHandler                           0x080001b7   Thumb Code     0  startup_stm32f407xx.o(.text)
    CAN1_RX0_IRQHandler                      0x080001b7   Thumb Code     0  startup_stm32f407xx.o(.text)
    CAN1_RX1_IRQHandler                      0x080001b7   Thumb Code     0  startup_stm32f407xx.o(.text)
    CAN1_SCE_IRQHandler                      0x080001b7   Thumb Code     0  startup_stm32f407xx.o(.text)
    CAN1_TX_IRQHandler                       0x080001b7   Thumb Code     0  startup_stm32f407xx.o(.text)
    CAN2_RX0_IRQHandler                      0x080001b7   Thumb Code     0  startup_stm32f407xx.o(.text)
    CAN2_RX1_IRQHandler                      0x080001b7   Thumb Code     0  startup_stm32f407xx.o(.text)
    CAN2_SCE_IRQHandler                      0x080001b7   Thumb Code     0  startup_stm32f407xx.o(.text)
    CAN2_TX_IRQHandler                       0x080001b7   Thumb Code     0  startup_stm32f407xx.o(.text)
    DCMI_IRQHandler                          0x080001b7   Thumb Code     0  startup_stm32f407xx.o(.text)
    DMA1_Stream0_IRQHandler                  0x080001b7   Thumb Code     0  startup_stm32f407xx.o(.text)
    DMA1_Stream1_IRQHandler                  0x080001b7   Thumb Code     0  startup_stm32f407xx.o(.text)
    DMA1_Stream2_IRQHandler                  0x080001b7   Thumb Code     0  startup_stm32f407xx.o(.text)
    DMA1_Stream3_IRQHandler                  0x080001b7   Thumb Code     0  startup_stm32f407xx.o(.text)
    DMA1_Stream4_IRQHandler                  0x080001b7   Thumb Code     0  startup_stm32f407xx.o(.text)
    DMA1_Stream5_IRQHandler                  0x080001b7   Thumb Code     0  startup_stm32f407xx.o(.text)
    DMA1_Stream6_IRQHandler                  0x080001b7   Thumb Code     0  startup_stm32f407xx.o(.text)
    DMA1_Stream7_IRQHandler                  0x080001b7   Thumb Code     0  startup_stm32f407xx.o(.text)
    DMA2_Stream0_IRQHandler                  0x080001b7   Thumb Code     0  startup_stm32f407xx.o(.text)
    DMA2_Stream1_IRQHandler                  0x080001b7   Thumb Code     0  startup_stm32f407xx.o(.text)
    DMA2_Stream2_IRQHandler                  0x080001b7   Thumb Code     0  startup_stm32f407xx.o(.text)
    DMA2_Stream3_IRQHandler                  0x080001b7   Thumb Code     0  startup_stm32f407xx.o(.text)
    DMA2_Stream4_IRQHandler                  0x080001b7   Thumb Code     0  startup_stm32f407xx.o(.text)
    DMA2_Stream5_IRQHandler                  0x080001b7   Thumb Code     0  startup_stm32f407xx.o(.text)
    DMA2_Stream6_IRQHandler                  0x080001b7   Thumb Code     0  startup_stm32f407xx.o(.text)
    DMA2_Stream7_IRQHandler                  0x080001b7   Thumb Code     0  startup_stm32f407xx.o(.text)
    ETH_IRQHandler                           0x080001b7   Thumb Code     0  startup_stm32f407xx.o(.text)
    ETH_WKUP_IRQHandler                      0x080001b7   Thumb Code     0  startup_stm32f407xx.o(.text)
    EXTI0_IRQHandler                         0x080001b7   Thumb Code     0  startup_stm32f407xx.o(.text)
    EXTI15_10_IRQHandler                     0x080001b7   Thumb Code     0  startup_stm32f407xx.o(.text)
    EXTI1_IRQHandler                         0x080001b7   Thumb Code     0  startup_stm32f407xx.o(.text)
    EXTI2_IRQHandler                         0x080001b7   Thumb Code     0  startup_stm32f407xx.o(.text)
    EXTI3_IRQHandler                         0x080001b7   Thumb Code     0  startup_stm32f407xx.o(.text)
    EXTI4_IRQHandler                         0x080001b7   Thumb Code     0  startup_stm32f407xx.o(.text)
    EXTI9_5_IRQHandler                       0x080001b7   Thumb Code     0  startup_stm32f407xx.o(.text)
    FLASH_IRQHandler                         0x080001b7   Thumb Code     0  startup_stm32f407xx.o(.text)
    FMC_IRQHandler                           0x080001b7   Thumb Code     0  startup_stm32f407xx.o(.text)
    FPU_IRQHandler                           0x080001b7   Thumb Code     0  startup_stm32f407xx.o(.text)
    HASH_RNG_IRQHandler                      0x080001b7   Thumb Code     0  startup_stm32f407xx.o(.text)
    I2C1_ER_IRQHandler                       0x080001b7   Thumb Code     0  startup_stm32f407xx.o(.text)
    I2C1_EV_IRQHandler                       0x080001b7   Thumb Code     0  startup_stm32f407xx.o(.text)
    I2C2_ER_IRQHandler                       0x080001b7   Thumb Code     0  startup_stm32f407xx.o(.text)
    I2C2_EV_IRQHandler                       0x080001b7   Thumb Code     0  startup_stm32f407xx.o(.text)
    I2C3_ER_IRQHandler                       0x080001b7   Thumb Code     0  startup_stm32f407xx.o(.text)
    I2C3_EV_IRQHandler                       0x080001b7   Thumb Code     0  startup_stm32f407xx.o(.text)
    OTG_FS_IRQHandler                        0x080001b7   Thumb Code     0  startup_stm32f407xx.o(.text)
    OTG_FS_WKUP_IRQHandler                   0x080001b7   Thumb Code     0  startup_stm32f407xx.o(.text)
    OTG_HS_EP1_IN_IRQHandler                 0x080001b7   Thumb Code     0  startup_stm32f407xx.o(.text)
    OTG_HS_EP1_OUT_IRQHandler                0x080001b7   Thumb Code     0  startup_stm32f407xx.o(.text)
    OTG_HS_IRQHandler                        0x080001b7   Thumb Code     0  startup_stm32f407xx.o(.text)
    OTG_HS_WKUP_IRQHandler                   0x080001b7   Thumb Code     0  startup_stm32f407xx.o(.text)
    PVD_IRQHandler                           0x080001b7   Thumb Code     0  startup_stm32f407xx.o(.text)
    RCC_IRQHandler                           0x080001b7   Thumb Code     0  startup_stm32f407xx.o(.text)
    RTC_Alarm_IRQHandler                     0x080001b7   Thumb Code     0  startup_stm32f407xx.o(.text)
    RTC_WKUP_IRQHandler                      0x080001b7   Thumb Code     0  startup_stm32f407xx.o(.text)
    SDIO_IRQHandler                          0x080001b7   Thumb Code     0  startup_stm32f407xx.o(.text)
    SPI1_IRQHandler                          0x080001b7   Thumb Code     0  startup_stm32f407xx.o(.text)
    SPI2_IRQHandler                          0x080001b7   Thumb Code     0  startup_stm32f407xx.o(.text)
    SPI3_IRQHandler                          0x080001b7   Thumb Code     0  startup_stm32f407xx.o(.text)
    TAMP_STAMP_IRQHandler                    0x080001b7   Thumb Code     0  startup_stm32f407xx.o(.text)
    TIM1_BRK_TIM9_IRQHandler                 0x080001b7   Thumb Code     0  startup_stm32f407xx.o(.text)
    TIM1_CC_IRQHandler                       0x080001b7   Thumb Code     0  startup_stm32f407xx.o(.text)
    TIM1_TRG_COM_TIM11_IRQHandler            0x080001b7   Thumb Code     0  startup_stm32f407xx.o(.text)
    TIM1_UP_TIM10_IRQHandler                 0x080001b7   Thumb Code     0  startup_stm32f407xx.o(.text)
    TIM3_IRQHandler                          0x080001b7   Thumb Code     0  startup_stm32f407xx.o(.text)
    TIM4_IRQHandler                          0x080001b7   Thumb Code     0  startup_stm32f407xx.o(.text)
    TIM5_IRQHandler                          0x080001b7   Thumb Code     0  startup_stm32f407xx.o(.text)
    TIM6_DAC_IRQHandler                      0x080001b7   Thumb Code     0  startup_stm32f407xx.o(.text)
    TIM7_IRQHandler                          0x080001b7   Thumb Code     0  startup_stm32f407xx.o(.text)
    TIM8_BRK_TIM12_IRQHandler                0x080001b7   Thumb Code     0  startup_stm32f407xx.o(.text)
    TIM8_CC_IRQHandler                       0x080001b7   Thumb Code     0  startup_stm32f407xx.o(.text)
    TIM8_TRG_COM_TIM14_IRQHandler            0x080001b7   Thumb Code     0  startup_stm32f407xx.o(.text)
    TIM8_UP_TIM13_IRQHandler                 0x080001b7   Thumb Code     0  startup_stm32f407xx.o(.text)
    UART4_IRQHandler                         0x080001b7   Thumb Code     0  startup_stm32f407xx.o(.text)
    UART5_IRQHandler                         0x080001b7   Thumb Code     0  startup_stm32f407xx.o(.text)
    USART2_IRQHandler                        0x080001b7   Thumb Code     0  startup_stm32f407xx.o(.text)
    USART3_IRQHandler                        0x080001b7   Thumb Code     0  startup_stm32f407xx.o(.text)
    USART6_IRQHandler                        0x080001b7   Thumb Code     0  startup_stm32f407xx.o(.text)
    WWDG_IRQHandler                          0x080001b7   Thumb Code     0  startup_stm32f407xx.o(.text)
    __aeabi_uldivmod                         0x080001c1   Thumb Code    98  uldiv.o(.text)
    __aeabi_memcpy                           0x08000223   Thumb Code    36  memcpya.o(.text)
    __aeabi_memcpy4                          0x08000223   Thumb Code     0  memcpya.o(.text)
    __aeabi_memcpy8                          0x08000223   Thumb Code     0  memcpya.o(.text)
    __aeabi_memset                           0x08000247   Thumb Code    14  memseta.o(.text)
    __aeabi_memset4                          0x08000247   Thumb Code     0  memseta.o(.text)
    __aeabi_memset8                          0x08000247   Thumb Code     0  memseta.o(.text)
    __aeabi_memclr                           0x08000255   Thumb Code     4  memseta.o(.text)
    __aeabi_memclr4                          0x08000255   Thumb Code     0  memseta.o(.text)
    __aeabi_memclr8                          0x08000255   Thumb Code     0  memseta.o(.text)
    _memset$wrapper                          0x08000259   Thumb Code    18  memseta.o(.text)
    strcpy                                   0x0800026b   Thumb Code    18  strcpy.o(.text)
    __aeabi_llsl                             0x0800027d   Thumb Code    30  llshl.o(.text)
    _ll_shift_l                              0x0800027d   Thumb Code     0  llshl.o(.text)
    __aeabi_llsr                             0x0800029b   Thumb Code    32  llushr.o(.text)
    _ll_ushift_r                             0x0800029b   Thumb Code     0  llushr.o(.text)
    __scatterload                            0x080002bd   Thumb Code    28  init.o(.text)
    __scatterload_rt2                        0x080002bd   Thumb Code     0  init.o(.text)
    HardFault_Handler                        0x080002e1   Thumb Code     0  hardfaulthandler.o(OSKERNEL)
    BEEP_InitHard                            0x080002f5   Thumb Code     8  bsp_beep.o(i.BEEP_InitHard)
    BEEP_Pro                                 0x08000301   Thumb Code   198  bsp_beep.o(i.BEEP_Pro)
    BusFault_Handler                         0x08000495   Thumb Code     4  stm32f4xx_it.o(i.BusFault_Handler)
    ComToUart                                0x080004b1   Thumb Code    62  bsp_uart_fifo.o(i.ComToUart)
    DebugMon_Handler                         0x08000519   Thumb Code     2  stm32f4xx_it.o(i.DebugMon_Handler)
    Error_Handler                            0x0800051b   Thumb Code     8  bsp.o(i.Error_Handler)
    FSMC_NORSRAM_Extended_Timing_Init        0x08000525   Thumb Code    66  stm32f4xx_ll_fsmc.o(i.FSMC_NORSRAM_Extended_Timing_Init)
    FSMC_NORSRAM_Init                        0x0800056d   Thumb Code    88  stm32f4xx_ll_fsmc.o(i.FSMC_NORSRAM_Init)
    FSMC_NORSRAM_Timing_Init                 0x080005c9   Thumb Code    68  stm32f4xx_ll_fsmc.o(i.FSMC_NORSRAM_Timing_Init)
    FT5X06_InitHard                          0x0800060d   Thumb Code    12  bsp_ts_ft5x06.o(i.FT5X06_InitHard)
    FT5X06_ReadID                            0x0800061d   Thumb Code    26  bsp_ts_ft5x06.o(i.FT5X06_ReadID)
    FT5X06_Scan                              0x08000699   Thumb Code   542  bsp_ts_ft5x06.o(i.FT5X06_Scan)
    FT5X06_Timer1ms                          0x080008e5   Thumb Code    12  bsp_ts_ft5x06.o(i.FT5X06_Timer1ms)
    GT811_InitHard                           0x080008f5   Thumb Code    80  bsp_gt811.o(i.GT811_InitHard)
    GT811_Scan                               0x080009c5   Thumb Code   424  bsp_gt811.o(i.GT811_Scan)
    GT811_Timer1ms                           0x08000b7d   Thumb Code    12  bsp_gt811.o(i.GT811_Timer1ms)
    GT911_InitHard                           0x08000bdd   Thumb Code    26  bsp_gt911.o(i.GT911_InitHard)
    GT911_ReadID                             0x08000bfd   Thumb Code    44  bsp_gt911.o(i.GT911_ReadID)
    GT911_ReadMaxXY                          0x08000c29   Thumb Code    48  bsp_gt911.o(i.GT911_ReadMaxXY)
    GT911_Scan                               0x08000cd5   Thumb Code   250  bsp_gt911.o(i.GT911_Scan)
    GT911_Timer1ms                           0x08000de5   Thumb Code    12  bsp_gt911.o(i.GT911_Timer1ms)
    HAL_EnableCompensationCell               0x08000e45   Thumb Code     8  stm32f4xx_hal.o(i.HAL_EnableCompensationCell)
    HAL_GPIO_Init                            0x08000e51   Thumb Code   466  stm32f4xx_hal_gpio.o(i.HAL_GPIO_Init)
    HAL_GPIO_WritePin                        0x08001051   Thumb Code    12  stm32f4xx_hal_gpio.o(i.HAL_GPIO_WritePin)
    HAL_GetTick                              0x0800105d   Thumb Code     6  stm32f4xx_hal.o(i.HAL_GetTick)
    HAL_IncTick                              0x08001069   Thumb Code    16  stm32f4xx_hal.o(i.HAL_IncTick)
    HAL_Init                                 0x08001081   Thumb Code    54  stm32f4xx_hal.o(i.HAL_Init)
    HAL_InitTick                             0x080010bd   Thumb Code    64  stm32f4xx_hal.o(i.HAL_InitTick)
    HAL_MspInit                              0x08001109   Thumb Code     2  stm32f4xx_hal.o(i.HAL_MspInit)
    HAL_NVIC_EnableIRQ                       0x0800110b   Thumb Code    32  stm32f4xx_hal_cortex.o(i.HAL_NVIC_EnableIRQ)
    HAL_NVIC_SetPriority                     0x0800112b   Thumb Code   124  stm32f4xx_hal_cortex.o(i.HAL_NVIC_SetPriority)
    HAL_NVIC_SetPriorityGrouping             0x080011a9   Thumb Code    32  stm32f4xx_hal_cortex.o(i.HAL_NVIC_SetPriorityGrouping)
    HAL_RCC_ClockConfig                      0x080011d1   Thumb Code   366  stm32f4xx_hal_rcc.o(i.HAL_RCC_ClockConfig)
    HAL_RCC_GetHCLKFreq                      0x08001351   Thumb Code     6  stm32f4xx_hal_rcc.o(i.HAL_RCC_GetHCLKFreq)
    HAL_RCC_GetPCLK1Freq                     0x0800135d   Thumb Code    22  stm32f4xx_hal_rcc.o(i.HAL_RCC_GetPCLK1Freq)
    HAL_RCC_GetPCLK2Freq                     0x0800137d   Thumb Code    22  stm32f4xx_hal_rcc.o(i.HAL_RCC_GetPCLK2Freq)
    HAL_RCC_GetSysClockFreq                  0x0800139d   Thumb Code   162  stm32f4xx_hal_rcc.o(i.HAL_RCC_GetSysClockFreq)
    HAL_RCC_OscConfig                        0x0800144d   Thumb Code  1086  stm32f4xx_hal_rcc.o(i.HAL_RCC_OscConfig)
    HAL_SPI_DeInit                           0x08001895   Thumb Code    54  stm32f4xx_hal_spi.o(i.HAL_SPI_DeInit)
    HAL_SPI_Init                             0x080018cb   Thumb Code   160  stm32f4xx_hal_spi.o(i.HAL_SPI_Init)
    HAL_SPI_MspDeInit                        0x0800196b   Thumb Code     2  stm32f4xx_hal_spi.o(i.HAL_SPI_MspDeInit)
    HAL_SPI_MspInit                          0x0800196d   Thumb Code   198  bsp_spi_bus.o(i.HAL_SPI_MspInit)
    HAL_SPI_TransmitReceive                  0x08001a3d   Thumb Code   712  stm32f4xx_hal_spi.o(i.HAL_SPI_TransmitReceive)
    HAL_SRAM_Init                            0x08001d05   Thumb Code    88  stm32f4xx_hal_sram.o(i.HAL_SRAM_Init)
    HAL_SRAM_MspInit                         0x08001d5d   Thumb Code     2  stm32f4xx_hal_sram.o(i.HAL_SRAM_MspInit)
    HAL_SYSTICK_Config                       0x08001d5f   Thumb Code    52  stm32f4xx_hal_cortex.o(i.HAL_SYSTICK_Config)
    HAL_TIM_Base_Init                        0x08001d93   Thumb Code    52  stm32f4xx_hal_tim.o(i.HAL_TIM_Base_Init)
    HAL_TIM_Base_MspInit                     0x08001dc7   Thumb Code     2  stm32f4xx_hal_tim.o(i.HAL_TIM_Base_MspInit)
    HAL_TIM_Base_Start                       0x08001dc9   Thumb Code    42  stm32f4xx_hal_tim.o(i.HAL_TIM_Base_Start)
    HAL_TIM_PWM_ConfigChannel                0x08001df3   Thumb Code   264  stm32f4xx_hal_tim.o(i.HAL_TIM_PWM_ConfigChannel)
    HAL_TIM_PWM_DeInit                       0x08001efb   Thumb Code    70  stm32f4xx_hal_tim.o(i.HAL_TIM_PWM_DeInit)
    HAL_TIM_PWM_Init                         0x08001f41   Thumb Code    52  stm32f4xx_hal_tim.o(i.HAL_TIM_PWM_Init)
    HAL_TIM_PWM_MspDeInit                    0x08001f75   Thumb Code     2  stm32f4xx_hal_tim.o(i.HAL_TIM_PWM_MspDeInit)
    HAL_TIM_PWM_MspInit                      0x08001f77   Thumb Code     2  stm32f4xx_hal_tim.o(i.HAL_TIM_PWM_MspInit)
    HAL_TIM_PWM_Start                        0x08001f79   Thumb Code    80  stm32f4xx_hal_tim.o(i.HAL_TIM_PWM_Start)
    HAL_UART_Init                            0x08001fd1   Thumb Code   114  stm32f4xx_hal_uart.o(i.HAL_UART_Init)
    HAL_UART_MspInit                         0x08002043   Thumb Code     2  stm32f4xx_hal_uart.o(i.HAL_UART_MspInit)
    HardFaultHandler                         0x08002045   Thumb Code   202  segger_hardfaulthandler.o(i.HardFaultHandler)
    LCD_ClrScr                               0x080022dd   Thumb Code    14  bsp_tft_port.o(i.LCD_ClrScr)
    LCD_DispStr                              0x080023e1   Thumb Code    34  bsp_tft_lcd.o(i.LCD_DispStr)
    LCD_Fill_Rect                            0x08002949   Thumb Code    40  bsp_tft_port.o(i.LCD_Fill_Rect)
    LCD_GetFontHeight                        0x08002975   Thumb Code    58  bsp_tft_lcd.o(i.LCD_GetFontHeight)
    LCD_GetFontWidth                         0x080029af   Thumb Code    58  bsp_tft_lcd.o(i.LCD_GetFontWidth)
    LCD_GetStrWidth                          0x080029e9   Thumb Code   386  bsp_tft_lcd.o(i.LCD_GetStrWidth)
    LCD_InitHard                             0x08002b85   Thumb Code   128  bsp_tft_port.o(i.LCD_InitHard)
    LCD_PutPixel                             0x08002c41   Thumb Code    22  bsp_tft_port.o(i.LCD_PutPixel)
    LCD_SetBackLight                         0x08002c5d   Thumb Code    40  bsp_tft_port.o(i.LCD_SetBackLight)
    LCD_SetDirection                         0x08002c8d   Thumb Code    28  bsp_tft_port.o(i.LCD_SetDirection)
    LCD_SetPwmBackLight                      0x08002cb1   Thumb Code    36  bsp_tft_port.o(i.LCD_SetPwmBackLight)
    MemManage_Handler                        0x08002cdd   Thumb Code     4  stm32f4xx_it.o(i.MemManage_Handler)
    NMI_Handler                              0x08002ce1   Thumb Code     2  stm32f4xx_it.o(i.NMI_Handler)
    PendSV_Handler                           0x08002ce3   Thumb Code     2  stm32f4xx_it.o(i.PendSV_Handler)
    RA8875_ClrScr                            0x08002f89   Thumb Code    50  lcd_ra8875.o(i.RA8875_ClrScr)
    RA8875_ConfigGPIO                        0x08002fcd   Thumb Code    80  bsp_ra8875_port.o(i.RA8875_ConfigGPIO)
    RA8875_Delaly1ms                         0x08003029   Thumb Code    12  bsp_ra8875_port.o(i.RA8875_Delaly1ms)
    RA8875_Delaly1us                         0x08003035   Thumb Code    10  bsp_ra8875_port.o(i.RA8875_Delaly1us)
    RA8875_DispOff                           0x0800303f   Thumb Code    12  lcd_ra8875.o(i.RA8875_DispOff)
    RA8875_DispOn                            0x0800304b   Thumb Code    12  lcd_ra8875.o(i.RA8875_DispOn)
    RA8875_DispStr                           0x08003059   Thumb Code   140  lcd_ra8875.o(i.RA8875_DispStr)
    RA8875_DrawBMP                           0x080030ed   Thumb Code    82  lcd_ra8875.o(i.RA8875_DrawBMP)
    RA8875_DrawCircle                        0x08003145   Thumb Code   114  lcd_ra8875.o(i.RA8875_DrawCircle)
    RA8875_DrawHColorLine                    0x080031c1   Thumb Code    92  lcd_ra8875.o(i.RA8875_DrawHColorLine)
    RA8875_DrawLine                          0x08003225   Thumb Code   162  lcd_ra8875.o(i.RA8875_DrawLine)
    RA8875_DrawRect                          0x080032d1   Thumb Code   160  lcd_ra8875.o(i.RA8875_DrawRect)
    RA8875_FillCircle                        0x080033a9   Thumb Code   114  lcd_ra8875.o(i.RA8875_FillCircle)
    RA8875_FillRect                          0x08003425   Thumb Code   168  lcd_ra8875.o(i.RA8875_FillRect)
    RA8875_GetPixel                          0x080034d5   Thumb Code    54  lcd_ra8875.o(i.RA8875_GetPixel)
    RA8875_InitHard                          0x08003511   Thumb Code   452  lcd_ra8875.o(i.RA8875_InitHard)
    RA8875_IsBusy                            0x080036e1   Thumb Code    14  lcd_ra8875.o(i.RA8875_IsBusy)
    RA8875_PutPixel                          0x080036f5   Thumb Code   182  lcd_ra8875.o(i.RA8875_PutPixel)
    RA8875_QuitWinMode                       0x080037bd   Thumb Code    20  lcd_ra8875.o(i.RA8875_QuitWinMode)
    RA8875_ReadData                          0x080037d9   Thumb Code    12  bsp_ra8875_port.o(i.RA8875_ReadData)
    RA8875_ReadData16                        0x080037e5   Thumb Code     8  bsp_ra8875_port.o(i.RA8875_ReadData16)
    RA8875_ReadReg                           0x080037ed   Thumb Code    32  lcd_ra8875.o(i.RA8875_ReadReg)
    RA8875_ReadReg_Int                       0x08003811   Thumb Code    16  lcd_ra8875.o(i.RA8875_ReadReg_Int)
    RA8875_ReadStatus                        0x08003821   Thumb Code    10  bsp_ra8875_port.o(i.RA8875_ReadStatus)
    RA8875_SetBackColor                      0x08003831   Thumb Code    34  lcd_ra8875.o(i.RA8875_SetBackColor)
    RA8875_SetBackLight                      0x08003853   Thumb Code    48  lcd_ra8875.o(i.RA8875_SetBackLight)
    RA8875_SetDirection                      0x080038dd   Thumb Code   142  lcd_ra8875.o(i.RA8875_SetDirection)
    RA8875_SetDispWin                        0x08003979   Thumb Code   120  lcd_ra8875.o(i.RA8875_SetDispWin)
    RA8875_SetFont                           0x08003a01   Thumb Code    50  lcd_ra8875.o(i.RA8875_SetFont)
    RA8875_SetFrontColor                     0x08003a33   Thumb Code    34  lcd_ra8875.o(i.RA8875_SetFrontColor)
    RA8875_SetTextTransp                     0x08003acd   Thumb Code    44  lcd_ra8875.o(i.RA8875_SetTextTransp)
    RA8875_TouchInit                         0x08003afd   Thumb Code    28  lcd_ra8875.o(i.RA8875_TouchInit)
    RA8875_TouchReadX                        0x08003b19   Thumb Code   106  lcd_ra8875.o(i.RA8875_TouchReadX)
    RA8875_TouchReadY                        0x08003b8d   Thumb Code     6  lcd_ra8875.o(i.RA8875_TouchReadY)
    RA8875_WaitBusy                          0x08003b99   Thumb Code    18  lcd_ra8875.o(i.RA8875_WaitBusy)
    RA8875_WriteCmd                          0x08003bad   Thumb Code     6  bsp_ra8875_port.o(i.RA8875_WriteCmd)
    RA8875_WriteData                         0x08003bb9   Thumb Code     8  bsp_ra8875_port.o(i.RA8875_WriteData)
    RA8875_WriteData16                       0x08003bc1   Thumb Code     8  bsp_ra8875_port.o(i.RA8875_WriteData16)
    RA8875_WriteReg                          0x08003bc9   Thumb Code    28  lcd_ra8875.o(i.RA8875_WriteReg)
    RS485_InitTXE                            0x08003be5   Thumb Code    64  bsp_uart_fifo.o(i.RS485_InitTXE)
    STMPE811_ClearInt                        0x08003d41   Thumb Code    12  bsp_ts_stmpe811.o(i.STMPE811_ClearInt)
    STMPE811_InitHard                        0x08003d4d   Thumb Code   126  bsp_ts_stmpe811.o(i.STMPE811_InitHard)
    STMPE811_ReadBytes                       0x08003dcb   Thumb Code   112  bsp_ts_stmpe811.o(i.STMPE811_ReadBytes)
    STMPE811_ReadGPIO                        0x08003e3b   Thumb Code    18  bsp_ts_stmpe811.o(i.STMPE811_ReadGPIO)
    STMPE811_ReadIO                          0x08003e4d   Thumb Code    26  bsp_ts_stmpe811.o(i.STMPE811_ReadIO)
    STMPE811_ReadReg1                        0x08003e67   Thumb Code    20  bsp_ts_stmpe811.o(i.STMPE811_ReadReg1)
    STMPE811_WriteBytes                      0x08003e95   Thumb Code    86  bsp_ts_stmpe811.o(i.STMPE811_WriteBytes)
    STMPE811_WriteReg1                       0x08003eeb   Thumb Code    16  bsp_ts_stmpe811.o(i.STMPE811_WriteReg1)
    SVC_Handler                              0x08003efb   Thumb Code     2  stm32f4xx_it.o(i.SVC_Handler)
    SysTick_Handler                          0x08003f1d   Thumb Code    22  bsp_timer.o(i.SysTick_Handler)
    SysTick_ISR                              0x08003f39   Thumb Code   110  bsp_timer.o(i.SysTick_ISR)
    SystemInit                               0x080040a9   Thumb Code    82  system_stm32f4xx.o(i.SystemInit)
    TIM2_IRQHandler                          0x0800410d   Thumb Code   164  bsp_timer.o(i.TIM2_IRQHandler)
    TIM_Base_SetConfig                       0x080041c1   Thumb Code   170  stm32f4xx_hal_tim.o(i.TIM_Base_SetConfig)
    TIM_CCxChannelCmd                        0x08004299   Thumb Code    34  stm32f4xx_hal_tim.o(i.TIM_CCxChannelCmd)
    TIM_OC2_SetConfig                        0x0800432d   Thumb Code   114  stm32f4xx_hal_tim.o(i.TIM_OC2_SetConfig)
    TOUCH_Abs                                0x08004475   Thumb Code    14  bsp_ts_touch.o(i.TOUCH_Abs)
    TOUCH_CapScan                            0x08004485   Thumb Code    48  bsp_ts_touch.o(i.TOUCH_CapScan)
    TOUCH_InitHard                           0x08004531   Thumb Code   144  bsp_ts_touch.o(i.TOUCH_InitHard)
    TOUCH_MoveValid                          0x080045f9   Thumb Code    68  bsp_ts_touch.o(i.TOUCH_MoveValid)
    TOUCH_PenInt                             0x08004641   Thumb Code    18  bsp_ts_touch.o(i.TOUCH_PenInt)
    TOUCH_PutKey                             0x08004685   Thumb Code   556  bsp_ts_touch.o(i.TOUCH_PutKey)
    TOUCH_Scan                               0x08004905   Thumb Code   406  bsp_ts_touch.o(i.TOUCH_Scan)
    USART1_IRQHandler                        0x0800505d   Thumb Code    10  bsp_uart_fifo.o(i.USART1_IRQHandler)
    UsageFault_Handler                       0x08005235   Thumb Code     4  stm32f4xx_it.o(i.UsageFault_Handler)
    __0printf$8                              0x080054cd   Thumb Code    22  printf8.o(i.__0printf$8)
    __1printf$8                              0x080054cd   Thumb Code     0  printf8.o(i.__0printf$8)
    __2printf                                0x080054cd   Thumb Code     0  printf8.o(i.__0printf$8)
    __scatterload_copy                       0x08005525   Thumb Code    14  handlers.o(i.__scatterload_copy)
    __scatterload_null                       0x08005533   Thumb Code     2  handlers.o(i.__scatterload_null)
    __scatterload_zeroinit                   0x08005535   Thumb Code    14  handlers.o(i.__scatterload_zeroinit)
    bsp_CheckTimer                           0x080059b5   Thumb Code    48  bsp_timer.o(i.bsp_CheckTimer)
    bsp_ConfigGpioOut                        0x080059e9   Thumb Code    40  bsp_tim_pwm.o(i.bsp_ConfigGpioOut)
    bsp_ConfigTimGpio                        0x08005a11   Thumb Code    56  bsp_tim_pwm.o(i.bsp_ConfigTimGpio)
    bsp_DelayMS                              0x08005a49   Thumb Code    58  bsp_timer.o(i.bsp_DelayMS)
    bsp_DelayUS                              0x08005a8d   Thumb Code    76  bsp_timer.o(i.bsp_DelayUS)
    bsp_DetectLcdType                        0x08005bad   Thumb Code   588  bsp_ts_touch.o(i.bsp_DetectLcdType)
    bsp_GetAFofTIM                           0x08005f89   Thumb Code   138  bsp_tim_pwm.o(i.bsp_GetAFofTIM)
    bsp_Idle                                 0x08006065   Thumb Code     8  bsp.o(i.bsp_Idle)
    bsp_Init                                 0x0800606d   Thumb Code    64  bsp.o(i.bsp_Init)
    bsp_InitHardTimer                        0x080060ad   Thumb Code   148  bsp_timer.o(i.bsp_InitHardTimer)
    bsp_InitI2C                              0x08006171   Thumb Code    78  bsp_i2c_gpio.o(i.bsp_InitI2C)
    bsp_InitKey                              0x080061c9   Thumb Code    12  bsp_key.o(i.bsp_InitKey)
    bsp_InitLed                              0x08006341   Thumb Code   186  bsp_led.o(i.bsp_InitLed)
    bsp_InitSFlash                           0x0800640d   Thumb Code    68  bsp_spi_flash.o(i.bsp_InitSFlash)
    bsp_InitSPIBus                           0x08006459   Thumb Code    20  bsp_spi_bus.o(i.bsp_InitSPIBus)
    bsp_InitSPIParam                         0x08006471   Thumb Code   126  bsp_spi_bus.o(i.bsp_InitSPIParam)
    bsp_InitTimer                            0x08006529   Thumb Code   146  bsp_timer.o(i.bsp_InitTimer)
    bsp_InitUart                             0x080065d1   Thumb Code    16  bsp_uart_fifo.o(i.bsp_InitUart)
    bsp_KeyScan10ms                          0x080065e1   Thumb Code    22  bsp_key.o(i.bsp_KeyScan10ms)
    bsp_LedOff                               0x080065f9   Thumb Code    52  bsp_led.o(i.bsp_LedOff)
    bsp_LedToggle                            0x08006639   Thumb Code    72  bsp_led.o(i.bsp_LedToggle)
    bsp_PutKey                               0x0800668d   Thumb Code    28  bsp_key.o(i.bsp_PutKey)
    bsp_RCC_GPIO_Enable                      0x080066ad   Thumb Code   346  bsp_tim_pwm.o(i.bsp_RCC_GPIO_Enable)
    bsp_RCC_TIM_Enable                       0x08006831   Thumb Code   582  bsp_tim_pwm.o(i.bsp_RCC_TIM_Enable)
    bsp_RunPer10ms                           0x08006ad5   Thumb Code    12  bsp.o(i.bsp_RunPer10ms)
    bsp_RunPer1ms                            0x08006ae1   Thumb Code     8  bsp.o(i.bsp_RunPer1ms)
    bsp_SetKeyParam                          0x08006ae9   Thumb Code    30  bsp_key.o(i.bsp_SetKeyParam)
    bsp_SetTIMOutPWM                         0x08006b0d   Thumb Code   354  bsp_tim_pwm.o(i.bsp_SetTIMOutPWM)
    bsp_SetUartParam                         0x08006cb1   Thumb Code    52  bsp_uart_fifo.o(i.bsp_SetUartParam)
    bsp_SpiBusEnter                          0x08006d25   Thumb Code     8  bsp_spi_bus.o(i.bsp_SpiBusEnter)
    bsp_SpiBusExit                           0x08006d31   Thumb Code     8  bsp_spi_bus.o(i.bsp_SpiBusExit)
    bsp_StartAutoTimer                       0x08006d3d   Thumb Code    84  bsp_timer.o(i.bsp_StartAutoTimer)
    bsp_spiTransfer                          0x08006dd9   Thumb Code    50  bsp_spi_bus.o(i.bsp_spiTransfer)
    comSendBuf                               0x08006e45   Thumb Code    46  bsp_uart_fifo.o(i.comSendBuf)
    comSendChar                              0x08006e73   Thumb Code    16  bsp_uart_fifo.o(i.comSendChar)
    ee_ReadBytes                             0x08006e83   Thumb Code   126  bsp_eeprom_24xx.o(i.ee_ReadBytes)
    ee_WriteBytes                            0x08006f01   Thumb Code   188  bsp_eeprom_24xx.o(i.ee_WriteBytes)
    fputc                                    0x08006fbd   Thumb Code    18  bsp_uart_fifo.o(i.fputc)
    i2c_Ack                                  0x08006fd1   Thumb Code    48  bsp_i2c_gpio.o(i.i2c_Ack)
    i2c_CheckDevice                          0x08007005   Thumb Code    52  bsp_i2c_gpio.o(i.i2c_CheckDevice)
    i2c_NAck                                 0x08007049   Thumb Code    36  bsp_i2c_gpio.o(i.i2c_NAck)
    i2c_ReadByte                             0x08007071   Thumb Code    62  bsp_i2c_gpio.o(i.i2c_ReadByte)
    i2c_SendByte                             0x080070b5   Thumb Code    76  bsp_i2c_gpio.o(i.i2c_SendByte)
    i2c_Start                                0x08007105   Thumb Code    42  bsp_i2c_gpio.o(i.i2c_Start)
    i2c_Stop                                 0x08007135   Thumb Code    36  bsp_i2c_gpio.o(i.i2c_Stop)
    i2c_WaitAck                              0x0800715d   Thumb Code    56  bsp_i2c_gpio.o(i.i2c_WaitAck)
    main                                     0x08007199   Thumb Code   208  main.o(i.main)
    sf_ReadBuffer                            0x080072d9   Thumb Code   188  bsp_spi_flash.o(i.sf_ReadBuffer)
    sf_ReadID                                0x080073a5   Thumb Code    62  bsp_spi_flash.o(i.sf_ReadID)
    sf_ReadInfo                              0x080073f1   Thumb Code   162  bsp_spi_flash.o(i.sf_ReadInfo)
    sf_SetCS                                 0x080074dd   Thumb Code    44  bsp_spi_flash.o(i.sf_SetCS)
    AHBPrescTable                            0x0800758a   Data          16  system_stm32f4xx.o(.constdata)
    APBPrescTable                            0x0800759a   Data           8  system_stm32f4xx.o(.constdata)
    g_Ascii12                                0x080075a2   Data        1524  asc12.o(.constdata)
    g_Ascii16                                0x08007b96   Data        4096  asc16.o(.constdata)
    g_Ascii24                                0x08008b96   Data        4608  asc24.o(.constdata)
    g_Ascii24_VarWidth                       0x08009d96   Data        2000  asc24.o(.constdata)
    g_Ascii32                                0x0800a566   Data        6112  asc32.o(.constdata)
    g_Ascii32_VarWidth                       0x0800bd46   Data        2472  asc32.o(.constdata)
    g_Hz12                                   0x0800c6ee   Data           2  hz12.o(.constdata)
    g_Hz16                                   0x0800c6f0   Data           2  hz16.o(.constdata)
    g_Hz24                                   0x0800c6f2   Data           2  hz24.o(.constdata)
    g_Hz32                                   0x0800c6f4   Data           2  hz32.o(.constdata)
    g_RA8875_Ascii12_width                   0x0800c6f6   Data          96  ra8875_asc_width.o(.constdata)
    g_RA8875_Ascii16_width                   0x0800c756   Data          96  ra8875_asc_width.o(.constdata)
    g_RA8875_Ascii24_width                   0x0800c7b6   Data          96  ra8875_asc_width.o(.constdata)
    g_RA8875_Ascii32_width                   0x0800c816   Data          96  ra8875_asc_width.o(.constdata)
    Region$$Table$$Base                      0x0800c878   Number         0  anon$$obj.o(Region$$Table)
    Region$$Table$$Limit                     0x0800c898   Number         0  anon$$obj.o(Region$$Table)
    g_iRunTime                               0x20000018   Data           4  bsp_timer.o(.data)
    g_spiLen                                 0x2000002c   Data           4  bsp_spi_bus.o(.data)
    g_spi_busy                               0x20000030   Data           1  bsp_spi_bus.o(.data)
    wTransferState                           0x20000034   Data           4  bsp_spi_bus.o(.data)
    s_GT811_CfgParams                        0x20000038   Data         106  bsp_gt811.o(.data)
    g_ChipID                                 0x200000b0   Data           2  bsp_tft_port.o(.data)
    g_LcdHeight                              0x200000b2   Data           2  bsp_tft_port.o(.data)
    g_LcdWidth                               0x200000b4   Data           2  bsp_tft_port.o(.data)
    s_ucBright                               0x200000b6   Data           1  bsp_tft_port.o(.data)
    g_LcdDirection                           0x200000b7   Data           1  bsp_tft_port.o(.data)
    g_TouchType                              0x200000b8   Data           1  bsp_ts_touch.o(.data)
    g_LcdType                                0x200000b9   Data           1  bsp_ts_touch.o(.data)
    s_ucRA8875Busy                           0x200000ce   Data           1  lcd_ra8875.o(.data)
    g_RA8875_IF                              0x200000da   Data           1  bsp_ra8875_port.o(.data)
    uwTick                                   0x200000dc   Data           4  stm32f4xx_hal.o(.data)
    uwTickPrio                               0x200000e0   Data           4  stm32f4xx_hal.o(.data)
    uwTickFreq                               0x200000e4   Data           1  stm32f4xx_hal.o(.data)
    SystemCoreClock                          0x200000e8   Data           4  system_stm32f4xx.o(.data)
    __stdout                                 0x200000f0   Data           4  stdout.o(.data)
    g_tBeep                                  0x200001a2   Data          14  bsp_beep.o(.bss)
    g_spiTxBuf                               0x20000b24   Data        4096  bsp_spi_bus.o(.bss)
    g_spiRxBuf                               0x20001b24   Data        4096  bsp_spi_bus.o(.bss)
    g_tSF                                    0x20002b24   Data          28  bsp_spi_flash.o(.bss)
    g_GT811                                  0x20003b40   Data          36  bsp_gt811.o(.bss)
    g_GT911                                  0x20003b64   Data          36  bsp_gt911.o(.bss)
    g_tLCD                                   0x20003b88   Data          56  bsp_tft_port.o(.bss)
    g_tTP                                    0x20003bc0   Data         146  bsp_ts_touch.o(.bss)
    g_tTPParam                               0x20003c52   Data          36  bsp_ts_touch.o(.bss)
    g_tFT5X06                                0x20003c9e   Data          34  bsp_ts_ft5x06.o(.bss)
    __initial_sp                             0x20004100   Data           0  startup_stm32f407xx.o(STACK)
    _acgbk                                   0xc0000000   Data       2097153  gb2312.o(.constdata)



==============================================================================

Memory Map of the image

  Image Entry point : 0x08000189

  Load Region LR_IROM1 (Base: 0x08000000, Size: 0x0000c98c, Max: 0x00100000, ABSOLUTE)

    Execution Region ER_IROM1 (Exec base: 0x08000000, Load base: 0x08000000, Size: 0x0000c898, Max: 0x00100000, ABSOLUTE)

    Exec Addr    Load Addr    Size         Type   Attr      Idx    E Section Name        Object

    0x08000000   0x08000000   0x00000188   Data   RO         2824    RESET               startup_stm32f407xx.o
    0x08000188   0x08000188   0x00000000   Code   RO         5986  * .ARM.Collect$$$$00000000  mc_w.l(entry.o)
    0x08000188   0x08000188   0x00000004   Code   RO         6302    .ARM.Collect$$$$00000001  mc_w.l(entry2.o)
    0x0800018c   0x0800018c   0x00000004   Code   RO         6305    .ARM.Collect$$$$00000004  mc_w.l(entry5.o)
    0x08000190   0x08000190   0x00000000   Code   RO         6307    .ARM.Collect$$$$00000008  mc_w.l(entry7b.o)
    0x08000190   0x08000190   0x00000000   Code   RO         6309    .ARM.Collect$$$$0000000A  mc_w.l(entry8b.o)
    0x08000190   0x08000190   0x00000008   Code   RO         6310    .ARM.Collect$$$$0000000B  mc_w.l(entry9a.o)
    0x08000198   0x08000198   0x00000000   Code   RO         6312    .ARM.Collect$$$$0000000D  mc_w.l(entry10a.o)
    0x08000198   0x08000198   0x00000000   Code   RO         6314    .ARM.Collect$$$$0000000F  mc_w.l(entry11a.o)
    0x08000198   0x08000198   0x00000004   Code   RO         6303    .ARM.Collect$$$$00002712  mc_w.l(entry2.o)
    0x0800019c   0x0800019c   0x00000024   Code   RO         2825    .text               startup_stm32f407xx.o
    0x080001c0   0x080001c0   0x00000062   Code   RO         5989    .text               mc_w.l(uldiv.o)
    0x08000222   0x08000222   0x00000024   Code   RO         5993    .text               mc_w.l(memcpya.o)
    0x08000246   0x08000246   0x00000024   Code   RO         5995    .text               mc_w.l(memseta.o)
    0x0800026a   0x0800026a   0x00000012   Code   RO         6001    .text               mc_w.l(strcpy.o)
    0x0800027c   0x0800027c   0x0000001e   Code   RO         6319    .text               mc_w.l(llshl.o)
    0x0800029a   0x0800029a   0x00000020   Code   RO         6321    .text               mc_w.l(llushr.o)
    0x080002ba   0x080002ba   0x00000002   PAD
    0x080002bc   0x080002bc   0x00000024   Code   RO         6355    .text               mc_w.l(init.o)
    0x080002e0   0x080002e0   0x00000012   Code   RO         5544    OSKERNEL            hardfaulthandler.o
    0x080002f2   0x080002f2   0x00000002   PAD
    0x080002f4   0x080002f4   0x0000000c   Code   RO          570    i.BEEP_InitHard     bsp_beep.o
    0x08000300   0x08000300   0x000000d4   Code   RO          573    i.BEEP_Pro          bsp_beep.o
    0x080003d4   0x080003d4   0x0000000e   Code   RO         2417    i.BTE_SetOperateCode  lcd_ra8875.o
    0x080003e2   0x080003e2   0x00000068   Code   RO         2418    i.BTE_SetTarBlock   lcd_ra8875.o
    0x0800044a   0x0800044a   0x00000002   PAD
    0x0800044c   0x0800044c   0x0000001c   Code   RO         2419    i.BTE_Start         lcd_ra8875.o
    0x08000468   0x08000468   0x0000002c   Code   RO         2420    i.BTE_Wait          lcd_ra8875.o
    0x08000494   0x08000494   0x00000004   Code   RO         1044    i.BusFault_Handler  stm32f4xx_it.o
    0x08000498   0x08000498   0x00000016   Code   RO         2083    i.CalTwoPoint       bsp_ts_touch.o
    0x080004ae   0x080004ae   0x00000002   PAD
    0x080004b0   0x080004b0   0x00000068   Code   RO          758    i.ComToUart         bsp_uart_fifo.o
    0x08000518   0x08000518   0x00000002   Code   RO         1045    i.DebugMon_Handler  stm32f4xx_it.o
    0x0800051a   0x0800051a   0x00000008   Code   RO          364    i.Error_Handler     bsp.o
    0x08000522   0x08000522   0x00000002   PAD
    0x08000524   0x08000524   0x00000048   Code   RO         5392    i.FSMC_NORSRAM_Extended_Timing_Init  stm32f4xx_ll_fsmc.o
    0x0800056c   0x0800056c   0x0000005c   Code   RO         5393    i.FSMC_NORSRAM_Init  stm32f4xx_ll_fsmc.o
    0x080005c8   0x080005c8   0x00000044   Code   RO         5394    i.FSMC_NORSRAM_Timing_Init  stm32f4xx_ll_fsmc.o
    0x0800060c   0x0800060c   0x00000010   Code   RO         2260    i.FT5X06_InitHard   bsp_ts_ft5x06.o
    0x0800061c   0x0800061c   0x00000020   Code   RO         2261    i.FT5X06_ReadID     bsp_ts_ft5x06.o
    0x0800063c   0x0800063c   0x0000005a   Code   RO         2262    i.FT5X06_ReadReg    bsp_ts_ft5x06.o
    0x08000696   0x08000696   0x00000002   PAD
    0x08000698   0x08000698   0x0000024c   Code   RO         2263    i.FT5X06_Scan       bsp_ts_ft5x06.o
    0x080008e4   0x080008e4   0x00000010   Code   RO         2264    i.FT5X06_Timer1ms   bsp_ts_ft5x06.o
    0x080008f4   0x080008f4   0x00000060   Code   RO         1469    i.GT811_InitHard    bsp_gt811.o
    0x08000954   0x08000954   0x00000070   Code   RO         1470    i.GT811_ReadReg     bsp_gt811.o
    0x080009c4   0x080009c4   0x000001b8   Code   RO         1473    i.GT811_Scan        bsp_gt811.o
    0x08000b7c   0x08000b7c   0x00000010   Code   RO         1474    i.GT811_Timer1ms    bsp_gt811.o
    0x08000b8c   0x08000b8c   0x00000050   Code   RO         1475    i.GT811_WriteReg    bsp_gt811.o
    0x08000bdc   0x08000bdc   0x00000020   Code   RO         1534    i.GT911_InitHard    bsp_gt911.o
    0x08000bfc   0x08000bfc   0x0000002c   Code   RO         1535    i.GT911_ReadID      bsp_gt911.o
    0x08000c28   0x08000c28   0x00000030   Code   RO         1536    i.GT911_ReadMaxXY   bsp_gt911.o
    0x08000c58   0x08000c58   0x0000007c   Code   RO         1537    i.GT911_ReadReg     bsp_gt911.o
    0x08000cd4   0x08000cd4   0x00000110   Code   RO         1540    i.GT911_Scan        bsp_gt911.o
    0x08000de4   0x08000de4   0x00000010   Code   RO         1541    i.GT911_Timer1ms    bsp_gt911.o
    0x08000df4   0x08000df4   0x00000050   Code   RO         1542    i.GT911_WriteReg    bsp_gt911.o
    0x08000e44   0x08000e44   0x0000000c   Code   RO         2841    i.HAL_EnableCompensationCell  stm32f4xx_hal.o
    0x08000e50   0x08000e50   0x00000200   Code   RO         3276    i.HAL_GPIO_Init     stm32f4xx_hal_gpio.o
    0x08001050   0x08001050   0x0000000c   Code   RO         3280    i.HAL_GPIO_WritePin  stm32f4xx_hal_gpio.o
    0x0800105c   0x0800105c   0x0000000c   Code   RO         2845    i.HAL_GetTick       stm32f4xx_hal.o
    0x08001068   0x08001068   0x00000018   Code   RO         2851    i.HAL_IncTick       stm32f4xx_hal.o
    0x08001080   0x08001080   0x0000003c   Code   RO         2852    i.HAL_Init          stm32f4xx_hal.o
    0x080010bc   0x080010bc   0x0000004c   Code   RO         2853    i.HAL_InitTick      stm32f4xx_hal.o
    0x08001108   0x08001108   0x00000002   Code   RO         2855    i.HAL_MspInit       stm32f4xx_hal.o
    0x0800110a   0x0800110a   0x00000020   Code   RO         3020    i.HAL_NVIC_EnableIRQ  stm32f4xx_hal_cortex.o
    0x0800112a   0x0800112a   0x0000007c   Code   RO         3026    i.HAL_NVIC_SetPriority  stm32f4xx_hal_cortex.o
    0x080011a6   0x080011a6   0x00000002   PAD
    0x080011a8   0x080011a8   0x00000028   Code   RO         3027    i.HAL_NVIC_SetPriorityGrouping  stm32f4xx_hal_cortex.o
    0x080011d0   0x080011d0   0x00000180   Code   RO         3340    i.HAL_RCC_ClockConfig  stm32f4xx_hal_rcc.o
    0x08001350   0x08001350   0x0000000c   Code   RO         3345    i.HAL_RCC_GetHCLKFreq  stm32f4xx_hal_rcc.o
    0x0800135c   0x0800135c   0x00000020   Code   RO         3347    i.HAL_RCC_GetPCLK1Freq  stm32f4xx_hal_rcc.o
    0x0800137c   0x0800137c   0x00000020   Code   RO         3348    i.HAL_RCC_GetPCLK2Freq  stm32f4xx_hal_rcc.o
    0x0800139c   0x0800139c   0x000000b0   Code   RO         3349    i.HAL_RCC_GetSysClockFreq  stm32f4xx_hal_rcc.o
    0x0800144c   0x0800144c   0x00000448   Code   RO         3352    i.HAL_RCC_OscConfig  stm32f4xx_hal_rcc.o
    0x08001894   0x08001894   0x00000036   Code   RO         4928    i.HAL_SPI_DeInit    stm32f4xx_hal_spi.o
    0x080018ca   0x080018ca   0x000000a0   Code   RO         4933    i.HAL_SPI_Init      stm32f4xx_hal_spi.o
    0x0800196a   0x0800196a   0x00000002   Code   RO         4934    i.HAL_SPI_MspDeInit  stm32f4xx_hal_spi.o
    0x0800196c   0x0800196c   0x000000d0   Code   RO         1175    i.HAL_SPI_MspInit   bsp_spi_bus.o
    0x08001a3c   0x08001a3c   0x000002c8   Code   RO         4942    i.HAL_SPI_TransmitReceive  stm32f4xx_hal_spi.o
    0x08001d04   0x08001d04   0x00000058   Code   RO         5268    i.HAL_SRAM_Init     stm32f4xx_hal_sram.o
    0x08001d5c   0x08001d5c   0x00000002   Code   RO         5270    i.HAL_SRAM_MspInit  stm32f4xx_hal_sram.o
    0x08001d5e   0x08001d5e   0x00000034   Code   RO         3031    i.HAL_SYSTICK_Config  stm32f4xx_hal_cortex.o
    0x08001d92   0x08001d92   0x00000034   Code   RO         3443    i.HAL_TIM_Base_Init  stm32f4xx_hal_tim.o
    0x08001dc6   0x08001dc6   0x00000002   Code   RO         3445    i.HAL_TIM_Base_MspInit  stm32f4xx_hal_tim.o
    0x08001dc8   0x08001dc8   0x0000002a   Code   RO         3446    i.HAL_TIM_Base_Start  stm32f4xx_hal_tim.o
    0x08001df2   0x08001df2   0x00000108   Code   RO         3510    i.HAL_TIM_PWM_ConfigChannel  stm32f4xx_hal_tim.o
    0x08001efa   0x08001efa   0x00000046   Code   RO         3511    i.HAL_TIM_PWM_DeInit  stm32f4xx_hal_tim.o
    0x08001f40   0x08001f40   0x00000034   Code   RO         3513    i.HAL_TIM_PWM_Init  stm32f4xx_hal_tim.o
    0x08001f74   0x08001f74   0x00000002   Code   RO         3514    i.HAL_TIM_PWM_MspDeInit  stm32f4xx_hal_tim.o
    0x08001f76   0x08001f76   0x00000002   Code   RO         3515    i.HAL_TIM_PWM_MspInit  stm32f4xx_hal_tim.o
    0x08001f78   0x08001f78   0x00000058   Code   RO         3518    i.HAL_TIM_PWM_Start  stm32f4xx_hal_tim.o
    0x08001fd0   0x08001fd0   0x00000072   Code   RO         4154    i.HAL_UART_Init     stm32f4xx_hal_uart.o
    0x08002042   0x08002042   0x00000002   Code   RO         4156    i.HAL_UART_MspInit  stm32f4xx_hal_uart.o
    0x08002044   0x08002044   0x00000108   Code   RO         5550    i.HardFaultHandler  segger_hardfaulthandler.o
    0x0800214c   0x0800214c   0x000000e4   Code   RO          759    i.InitHardUart      bsp_uart_fifo.o
    0x08002230   0x08002230   0x00000076   Code   RO          417    i.IsKeyDownFunc     bsp_key.o
    0x080022a6   0x080022a6   0x00000002   PAD
    0x080022a8   0x080022a8   0x00000034   Code   RO          418    i.KeyPinActive      bsp_key.o
    0x080022dc   0x080022dc   0x00000014   Code   RO         1887    i.LCD_ClrScr        bsp_tft_port.o
    0x080022f0   0x080022f0   0x000000f0   Code   RO         1888    i.LCD_CtrlLinesConfig  bsp_tft_port.o
    0x080023e0   0x080023e0   0x00000022   Code   RO         1620    i.LCD_DispStr       bsp_tft_lcd.o
    0x08002402   0x08002402   0x00000002   PAD
    0x08002404   0x08002404   0x00000480   Code   RO         1622    i.LCD_DispStrEx0    bsp_tft_lcd.o
    0x08002884   0x08002884   0x000000c4   Code   RO         1895    i.LCD_FSMCConfig    bsp_tft_port.o
    0x08002948   0x08002948   0x0000002c   Code   RO         1896    i.LCD_Fill_Rect     bsp_tft_port.o
    0x08002974   0x08002974   0x0000003a   Code   RO         1640    i.LCD_GetFontHeight  bsp_tft_lcd.o
    0x080029ae   0x080029ae   0x0000003a   Code   RO         1641    i.LCD_GetFontWidth  bsp_tft_lcd.o
    0x080029e8   0x080029e8   0x00000198   Code   RO         1642    i.LCD_GetStrWidth   bsp_tft_lcd.o
    0x08002b80   0x08002b80   0x00000002   Code   RO         1902    i.LCD_HardReset     bsp_tft_port.o
    0x08002b82   0x08002b82   0x00000002   PAD
    0x08002b84   0x08002b84   0x000000bc   Code   RO         1903    i.LCD_InitHard      bsp_tft_port.o
    0x08002c40   0x08002c40   0x0000001c   Code   RO         1904    i.LCD_PutPixel      bsp_tft_port.o
    0x08002c5c   0x08002c5c   0x00000030   Code   RO         1905    i.LCD_SetBackLight  bsp_tft_port.o
    0x08002c8c   0x08002c8c   0x00000024   Code   RO         1906    i.LCD_SetDirection  bsp_tft_port.o
    0x08002cb0   0x08002cb0   0x0000002c   Code   RO         1907    i.LCD_SetPwmBackLight  bsp_tft_port.o
    0x08002cdc   0x08002cdc   0x00000004   Code   RO         1046    i.MemManage_Handler  stm32f4xx_it.o
    0x08002ce0   0x08002ce0   0x00000002   Code   RO         1047    i.NMI_Handler       stm32f4xx_it.o
    0x08002ce2   0x08002ce2   0x00000002   Code   RO         1048    i.PendSV_Handler    stm32f4xx_it.o
    0x08002ce4   0x08002ce4   0x00000298   Code   RO            4    i.PrintfLogo        main.o
    0x08002f7c   0x08002f7c   0x0000000c   Code   RO         2421    i.RA8875_BeginBusy  lcd_ra8875.o
    0x08002f88   0x08002f88   0x00000044   Code   RO         2422    i.RA8875_ClrScr     lcd_ra8875.o
    0x08002fcc   0x08002fcc   0x0000005c   Code   RO         2735    i.RA8875_ConfigGPIO  bsp_ra8875_port.o
    0x08003028   0x08003028   0x0000000c   Code   RO         2736    i.RA8875_Delaly1ms  bsp_ra8875_port.o
    0x08003034   0x08003034   0x0000000a   Code   RO         2737    i.RA8875_Delaly1us  bsp_ra8875_port.o
    0x0800303e   0x0800303e   0x0000000c   Code   RO         2426    i.RA8875_DispOff    lcd_ra8875.o
    0x0800304a   0x0800304a   0x0000000c   Code   RO         2427    i.RA8875_DispOn     lcd_ra8875.o
    0x08003056   0x08003056   0x00000002   PAD
    0x08003058   0x08003058   0x00000094   Code   RO         2428    i.RA8875_DispStr    lcd_ra8875.o
    0x080030ec   0x080030ec   0x00000058   Code   RO         2429    i.RA8875_DrawBMP    lcd_ra8875.o
    0x08003144   0x08003144   0x0000007c   Code   RO         2430    i.RA8875_DrawCircle  lcd_ra8875.o
    0x080031c0   0x080031c0   0x00000064   Code   RO         2431    i.RA8875_DrawHColorLine  lcd_ra8875.o
    0x08003224   0x08003224   0x000000ac   Code   RO         2432    i.RA8875_DrawLine   lcd_ra8875.o
    0x080032d0   0x080032d0   0x000000a8   Code   RO         2433    i.RA8875_DrawRect   lcd_ra8875.o
    0x08003378   0x08003378   0x00000030   Code   RO         2435    i.RA8875_EndBusy    lcd_ra8875.o
    0x080033a8   0x080033a8   0x0000007c   Code   RO         2436    i.RA8875_FillCircle  lcd_ra8875.o
    0x08003424   0x08003424   0x000000b0   Code   RO         2437    i.RA8875_FillRect   lcd_ra8875.o
    0x080034d4   0x080034d4   0x0000003c   Code   RO         2439    i.RA8875_GetPixel   lcd_ra8875.o
    0x08003510   0x08003510   0x000001d0   Code   RO         2440    i.RA8875_InitHard   lcd_ra8875.o
    0x080036e0   0x080036e0   0x00000014   Code   RO         2441    i.RA8875_IsBusy     lcd_ra8875.o
    0x080036f4   0x080036f4   0x000000c8   Code   RO         2444    i.RA8875_PutPixel   lcd_ra8875.o
    0x080037bc   0x080037bc   0x0000001c   Code   RO         2446    i.RA8875_QuitWinMode  lcd_ra8875.o
    0x080037d8   0x080037d8   0x0000000c   Code   RO         2740    i.RA8875_ReadData   bsp_ra8875_port.o
    0x080037e4   0x080037e4   0x00000008   Code   RO         2741    i.RA8875_ReadData16  bsp_ra8875_port.o
    0x080037ec   0x080037ec   0x00000024   Code   RO         2448    i.RA8875_ReadReg    lcd_ra8875.o
    0x08003810   0x08003810   0x00000010   Code   RO         2449    i.RA8875_ReadReg_Int  lcd_ra8875.o
    0x08003820   0x08003820   0x00000010   Code   RO         2742    i.RA8875_ReadStatus  bsp_ra8875_port.o
    0x08003830   0x08003830   0x00000022   Code   RO         2450    i.RA8875_SetBackColor  lcd_ra8875.o
    0x08003852   0x08003852   0x00000030   Code   RO         2451    i.RA8875_SetBackLight  lcd_ra8875.o
    0x08003882   0x08003882   0x00000002   PAD
    0x08003884   0x08003884   0x00000058   Code   RO         2452    i.RA8875_SetCursor  lcd_ra8875.o
    0x080038dc   0x080038dc   0x0000009c   Code   RO         2453    i.RA8875_SetDirection  lcd_ra8875.o
    0x08003978   0x08003978   0x00000088   Code   RO         2454    i.RA8875_SetDispWin  lcd_ra8875.o
    0x08003a00   0x08003a00   0x00000032   Code   RO         2455    i.RA8875_SetFont    lcd_ra8875.o
    0x08003a32   0x08003a32   0x00000022   Code   RO         2456    i.RA8875_SetFrontColor  lcd_ra8875.o
    0x08003a54   0x08003a54   0x0000003c   Code   RO         2457    i.RA8875_SetReadCursor  lcd_ra8875.o
    0x08003a90   0x08003a90   0x0000003c   Code   RO         2458    i.RA8875_SetTextCursor  lcd_ra8875.o
    0x08003acc   0x08003acc   0x00000030   Code   RO         2459    i.RA8875_SetTextTransp  lcd_ra8875.o
    0x08003afc   0x08003afc   0x0000001c   Code   RO         2463    i.RA8875_TouchInit  lcd_ra8875.o
    0x08003b18   0x08003b18   0x00000074   Code   RO         2464    i.RA8875_TouchReadX  lcd_ra8875.o
    0x08003b8c   0x08003b8c   0x0000000c   Code   RO         2465    i.RA8875_TouchReadY  lcd_ra8875.o
    0x08003b98   0x08003b98   0x00000012   Code   RO         2466    i.RA8875_WaitBusy   lcd_ra8875.o
    0x08003baa   0x08003baa   0x00000002   PAD
    0x08003bac   0x08003bac   0x0000000c   Code   RO         2743    i.RA8875_WriteCmd   bsp_ra8875_port.o
    0x08003bb8   0x08003bb8   0x00000008   Code   RO         2744    i.RA8875_WriteData  bsp_ra8875_port.o
    0x08003bc0   0x08003bc0   0x00000008   Code   RO         2745    i.RA8875_WriteData16  bsp_ra8875_port.o
    0x08003bc8   0x08003bc8   0x0000001c   Code   RO         2467    i.RA8875_WriteReg   lcd_ra8875.o
    0x08003be4   0x08003be4   0x00000048   Code   RO          760    i.RS485_InitTXE     bsp_uart_fifo.o
    0x08003c2c   0x08003c2c   0x0000006c   Code   RO         4973    i.SPI_EndRxTxTransaction  stm32f4xx_hal_spi.o
    0x08003c98   0x08003c98   0x000000a8   Code   RO         4980    i.SPI_WaitFlagStateUntilTimeout  stm32f4xx_hal_spi.o
    0x08003d40   0x08003d40   0x0000000c   Code   RO         2314    i.STMPE811_ClearInt  bsp_ts_stmpe811.o
    0x08003d4c   0x08003d4c   0x0000007e   Code   RO         2315    i.STMPE811_InitHard  bsp_ts_stmpe811.o
    0x08003dca   0x08003dca   0x00000070   Code   RO         2316    i.STMPE811_ReadBytes  bsp_ts_stmpe811.o
    0x08003e3a   0x08003e3a   0x00000012   Code   RO         2317    i.STMPE811_ReadGPIO  bsp_ts_stmpe811.o
    0x08003e4c   0x08003e4c   0x0000001a   Code   RO         2319    i.STMPE811_ReadIO   bsp_ts_stmpe811.o
    0x08003e66   0x08003e66   0x00000014   Code   RO         2320    i.STMPE811_ReadReg1  bsp_ts_stmpe811.o
    0x08003e7a   0x08003e7a   0x0000001a   Code   RO         2324    i.STMPE811_Reset    bsp_ts_stmpe811.o
    0x08003e94   0x08003e94   0x00000056   Code   RO         2325    i.STMPE811_WriteBytes  bsp_ts_stmpe811.o
    0x08003eea   0x08003eea   0x00000010   Code   RO         2326    i.STMPE811_WriteReg1  bsp_ts_stmpe811.o
    0x08003efa   0x08003efa   0x00000002   Code   RO         1049    i.SVC_Handler       stm32f4xx_it.o
    0x08003efc   0x08003efc   0x00000020   Code   RO         1651    i.SeachStr_a        bsp_tft_lcd.o
    0x08003f1c   0x08003f1c   0x0000001c   Code   RO          633    i.SysTick_Handler   bsp_timer.o
    0x08003f38   0x08003f38   0x00000084   Code   RO          634    i.SysTick_ISR       bsp_timer.o
    0x08003fbc   0x08003fbc   0x000000ec   Code   RO          365    i.SystemClock_Config  bsp.o
    0x080040a8   0x080040a8   0x00000064   Code   RO         5511    i.SystemInit        system_stm32f4xx.o
    0x0800410c   0x0800410c   0x000000b4   Code   RO          635    i.TIM2_IRQHandler   bsp_timer.o
    0x080041c0   0x080041c0   0x000000d8   Code   RO         3531    i.TIM_Base_SetConfig  stm32f4xx_hal_tim.o
    0x08004298   0x08004298   0x00000022   Code   RO         3532    i.TIM_CCxChannelCmd  stm32f4xx_hal_tim.o
    0x080042ba   0x080042ba   0x00000002   PAD
    0x080042bc   0x080042bc   0x00000070   Code   RO         3544    i.TIM_OC1_SetConfig  stm32f4xx_hal_tim.o
    0x0800432c   0x0800432c   0x0000007c   Code   RO         3545    i.TIM_OC2_SetConfig  stm32f4xx_hal_tim.o
    0x080043a8   0x080043a8   0x00000078   Code   RO         3546    i.TIM_OC3_SetConfig  stm32f4xx_hal_tim.o
    0x08004420   0x08004420   0x00000054   Code   RO         3547    i.TIM_OC4_SetConfig  stm32f4xx_hal_tim.o
    0x08004474   0x08004474   0x0000000e   Code   RO         2084    i.TOUCH_Abs         bsp_ts_touch.o
    0x08004482   0x08004482   0x00000002   PAD
    0x08004484   0x08004484   0x0000003c   Code   RO         2086    i.TOUCH_CapScan     bsp_ts_touch.o
    0x080044c0   0x080044c0   0x0000006e   Code   RO         2088    i.TOUCH_DataFilter  bsp_ts_touch.o
    0x0800452e   0x0800452e   0x00000002   PAD
    0x08004530   0x08004530   0x000000a0   Code   RO         2094    i.TOUCH_InitHard    bsp_ts_touch.o
    0x080045d0   0x080045d0   0x00000028   Code   RO         2096    i.TOUCH_LoadParam   bsp_ts_touch.o
    0x080045f8   0x080045f8   0x00000048   Code   RO         2097    i.TOUCH_MoveValid   bsp_ts_touch.o
    0x08004640   0x08004640   0x00000018   Code   RO         2098    i.TOUCH_PenInt      bsp_ts_touch.o
    0x08004658   0x08004658   0x0000002c   Code   RO         2099    i.TOUCH_PressValid  bsp_ts_touch.o
    0x08004684   0x08004684   0x00000260   Code   RO         2100    i.TOUCH_PutKey      bsp_ts_touch.o
    0x080048e4   0x080048e4   0x00000020   Code   RO         2103    i.TOUCH_SaveParam   bsp_ts_touch.o
    0x08004904   0x08004904   0x000001c8   Code   RO         2104    i.TOUCH_Scan        bsp_ts_touch.o
    0x08004acc   0x08004acc   0x00000110   Code   RO         2105    i.TOUCH_TransX      bsp_ts_touch.o
    0x08004bdc   0x08004bdc   0x00000118   Code   RO         2106    i.TOUCH_TransY      bsp_ts_touch.o
    0x08004cf4   0x08004cf4   0x00000368   Code   RO         4181    i.UART_SetConfig    stm32f4xx_hal_uart.o
    0x0800505c   0x0800505c   0x00000010   Code   RO          767    i.USART1_IRQHandler  bsp_uart_fifo.o
    0x0800506c   0x0800506c   0x000000f6   Code   RO          769    i.UartIRQ           bsp_uart_fifo.o
    0x08005162   0x08005162   0x00000092   Code   RO          770    i.UartSend          bsp_uart_fifo.o
    0x080051f4   0x080051f4   0x00000040   Code   RO          772    i.UartVarInit       bsp_uart_fifo.o
    0x08005234   0x08005234   0x00000004   Code   RO         1050    i.UsageFault_Handler  stm32f4xx_it.o
    0x08005238   0x08005238   0x00000088   Code   RO         1652    i._LCD_ReadAsciiDot  bsp_tft_lcd.o
    0x080052c0   0x080052c0   0x00000184   Code   RO         1653    i._LCD_ReadHZDot    bsp_tft_lcd.o
    0x08005444   0x08005444   0x00000088   Code   RO         1654    i._LCD_ReadSmallDot  bsp_tft_lcd.o
    0x080054cc   0x080054cc   0x00000020   Code   RO         6212    i.__0printf$8       mc_w.l(printf8.o)
    0x080054ec   0x080054ec   0x00000010   Code   RO         3033    i.__NVIC_GetPriorityGrouping  stm32f4xx_hal_cortex.o
    0x080054fc   0x080054fc   0x00000028   Code   RO         3034    i.__NVIC_SetPriority  stm32f4xx_hal_cortex.o
    0x08005524   0x08005524   0x0000000e   Code   RO         6365    i.__scatterload_copy  mc_w.l(handlers.o)
    0x08005532   0x08005532   0x00000002   Code   RO         6366    i.__scatterload_null  mc_w.l(handlers.o)
    0x08005534   0x08005534   0x0000000e   Code   RO         6367    i.__scatterload_zeroinit  mc_w.l(handlers.o)
    0x08005542   0x08005542   0x00000006   Code   RO          636    i.__set_PRIMASK     bsp_timer.o
    0x08005548   0x08005548   0x00000006   Code   RO          773    i.__set_PRIMASK     bsp_uart_fifo.o
    0x0800554e   0x0800554e   0x00000002   PAD
    0x08005550   0x08005550   0x00000410   Code   RO         6219    i._printf_core      mc_w.l(printf8.o)
    0x08005960   0x08005960   0x00000024   Code   RO         6220    i._printf_post_padding  mc_w.l(printf8.o)
    0x08005984   0x08005984   0x0000002e   Code   RO         6221    i._printf_pre_padding  mc_w.l(printf8.o)
    0x080059b2   0x080059b2   0x00000002   PAD
    0x080059b4   0x080059b4   0x00000034   Code   RO          638    i.bsp_CheckTimer    bsp_timer.o
    0x080059e8   0x080059e8   0x00000028   Code   RO         1107    i.bsp_ConfigGpioOut  bsp_tim_pwm.o
    0x08005a10   0x08005a10   0x00000038   Code   RO         1108    i.bsp_ConfigTimGpio  bsp_tim_pwm.o
    0x08005a48   0x08005a48   0x00000044   Code   RO          639    i.bsp_DelayMS       bsp_timer.o
    0x08005a8c   0x08005a8c   0x00000054   Code   RO          640    i.bsp_DelayUS       bsp_timer.o
    0x08005ae0   0x08005ae0   0x000000cc   Code   RO          421    i.bsp_DetectKey     bsp_key.o
    0x08005bac   0x08005bac   0x000003dc   Code   RO         2109    i.bsp_DetectLcdType  bsp_ts_touch.o
    0x08005f88   0x08005f88   0x000000dc   Code   RO         1109    i.bsp_GetAFofTIM    bsp_tim_pwm.o
    0x08006064   0x08006064   0x00000008   Code   RO          366    i.bsp_Idle          bsp.o
    0x0800606c   0x0800606c   0x00000040   Code   RO          367    i.bsp_Init          bsp.o
    0x080060ac   0x080060ac   0x000000c4   Code   RO          642    i.bsp_InitHardTimer  bsp_timer.o
    0x08006170   0x08006170   0x00000058   Code   RO         1356    i.bsp_InitI2C       bsp_i2c_gpio.o
    0x080061c8   0x080061c8   0x0000000c   Code   RO          425    i.bsp_InitKey       bsp_key.o
    0x080061d4   0x080061d4   0x000000f4   Code   RO          426    i.bsp_InitKeyHard   bsp_key.o
    0x080062c8   0x080062c8   0x00000078   Code   RO          427    i.bsp_InitKeyVar    bsp_key.o
    0x08006340   0x08006340   0x000000cc   Code   RO          522    i.bsp_InitLed       bsp_led.o
    0x0800640c   0x0800640c   0x0000004c   Code   RO         1253    i.bsp_InitSFlash    bsp_spi_flash.o
    0x08006458   0x08006458   0x00000018   Code   RO         1177    i.bsp_InitSPIBus    bsp_spi_bus.o
    0x08006470   0x08006470   0x000000b8   Code   RO         1178    i.bsp_InitSPIParam  bsp_spi_bus.o
    0x08006528   0x08006528   0x000000a8   Code   RO          643    i.bsp_InitTimer     bsp_timer.o
    0x080065d0   0x080065d0   0x00000010   Code   RO          774    i.bsp_InitUart      bsp_uart_fifo.o
    0x080065e0   0x080065e0   0x00000016   Code   RO          428    i.bsp_KeyScan10ms   bsp_key.o
    0x080065f6   0x080065f6   0x00000002   PAD
    0x080065f8   0x080065f8   0x00000040   Code   RO          524    i.bsp_LedOff        bsp_led.o
    0x08006638   0x08006638   0x00000054   Code   RO          526    i.bsp_LedToggle     bsp_led.o
    0x0800668c   0x0800668c   0x00000020   Code   RO          430    i.bsp_PutKey        bsp_key.o
    0x080066ac   0x080066ac   0x00000184   Code   RO         1110    i.bsp_RCC_GPIO_Enable  bsp_tim_pwm.o
    0x08006830   0x08006830   0x000002a4   Code   RO         1112    i.bsp_RCC_TIM_Enable  bsp_tim_pwm.o
    0x08006ad4   0x08006ad4   0x0000000c   Code   RO          368    i.bsp_RunPer10ms    bsp.o
    0x08006ae0   0x08006ae0   0x00000008   Code   RO          369    i.bsp_RunPer1ms     bsp.o
    0x08006ae8   0x08006ae8   0x00000024   Code   RO          431    i.bsp_SetKeyParam   bsp_key.o
    0x08006b0c   0x08006b0c   0x000001a4   Code   RO         1113    i.bsp_SetTIMOutPWM  bsp_tim_pwm.o
    0x08006cb0   0x08006cb0   0x00000058   Code   RO          775    i.bsp_SetUartParam  bsp_uart_fifo.o
    0x08006d08   0x08006d08   0x0000001c   Code   RO          644    i.bsp_SoftTimerDec  bsp_timer.o
    0x08006d24   0x08006d24   0x0000000c   Code   RO         1180    i.bsp_SpiBusEnter   bsp_spi_bus.o
    0x08006d30   0x08006d30   0x0000000c   Code   RO         1181    i.bsp_SpiBusExit    bsp_spi_bus.o
    0x08006d3c   0x08006d3c   0x0000009c   Code   RO          645    i.bsp_StartAutoTimer  bsp_timer.o
    0x08006dd8   0x08006dd8   0x0000006c   Code   RO         1182    i.bsp_spiTransfer   bsp_spi_bus.o
    0x08006e44   0x08006e44   0x0000002e   Code   RO          779    i.comSendBuf        bsp_uart_fifo.o
    0x08006e72   0x08006e72   0x00000010   Code   RO          780    i.comSendChar       bsp_uart_fifo.o
    0x08006e82   0x08006e82   0x0000007e   Code   RO         1434    i.ee_ReadBytes      bsp_eeprom_24xx.o
    0x08006f00   0x08006f00   0x000000bc   Code   RO         1435    i.ee_WriteBytes     bsp_eeprom_24xx.o
    0x08006fbc   0x08006fbc   0x00000012   Code   RO          783    i.fputc             bsp_uart_fifo.o
    0x08006fce   0x08006fce   0x00000002   PAD
    0x08006fd0   0x08006fd0   0x00000034   Code   RO         1357    i.i2c_Ack           bsp_i2c_gpio.o
    0x08007004   0x08007004   0x00000038   Code   RO         1358    i.i2c_CheckDevice   bsp_i2c_gpio.o
    0x0800703c   0x0800703c   0x0000000a   Code   RO         1359    i.i2c_Delay         bsp_i2c_gpio.o
    0x08007046   0x08007046   0x00000002   PAD
    0x08007048   0x08007048   0x00000028   Code   RO         1360    i.i2c_NAck          bsp_i2c_gpio.o
    0x08007070   0x08007070   0x00000044   Code   RO         1361    i.i2c_ReadByte      bsp_i2c_gpio.o
    0x080070b4   0x080070b4   0x00000050   Code   RO         1362    i.i2c_SendByte      bsp_i2c_gpio.o
    0x08007104   0x08007104   0x00000030   Code   RO         1363    i.i2c_Start         bsp_i2c_gpio.o
    0x08007134   0x08007134   0x00000028   Code   RO         1364    i.i2c_Stop          bsp_i2c_gpio.o
    0x0800715c   0x0800715c   0x0000003c   Code   RO         1365    i.i2c_WaitAck       bsp_i2c_gpio.o
    0x08007198   0x08007198   0x00000140   Code   RO            5    i.main              main.o
    0x080072d8   0x080072d8   0x000000cc   Code   RO         1260    i.sf_ReadBuffer     bsp_spi_flash.o
    0x080073a4   0x080073a4   0x0000004c   Code   RO         1261    i.sf_ReadID         bsp_spi_flash.o
    0x080073f0   0x080073f0   0x000000ec   Code   RO         1262    i.sf_ReadInfo       bsp_spi_flash.o
    0x080074dc   0x080074dc   0x00000030   Code   RO         1263    i.sf_SetCS          bsp_spi_flash.o
    0x0800750c   0x0800750c   0x00000040   Data   RO          433    .constdata          bsp_key.o
    0x0800754c   0x0800754c   0x00000030   Data   RO          650    .constdata          bsp_timer.o
    0x0800757c   0x0800757c   0x0000000e   Data   RO         1115    .constdata          bsp_tim_pwm.o
    0x0800758a   0x0800758a   0x00000018   Data   RO         5512    .constdata          system_stm32f4xx.o
    0x080075a2   0x080075a2   0x000005f4   Data   RO         5854    .constdata          asc12.o
    0x08007b96   0x08007b96   0x00001000   Data   RO         5861    .constdata          asc16.o
    0x08008b96   0x08008b96   0x000019d0   Data   RO         5868    .constdata          asc24.o
    0x0800a566   0x0800a566   0x00002188   Data   RO         5875    .constdata          asc32.o
    0x0800c6ee   0x0800c6ee   0x00000002   Data   RO         5882    .constdata          hz12.o
    0x0800c6f0   0x0800c6f0   0x00000002   Data   RO         5895    .constdata          hz16.o
    0x0800c6f2   0x0800c6f2   0x00000002   Data   RO         5908    .constdata          hz24.o
    0x0800c6f4   0x0800c6f4   0x00000002   Data   RO         5921    .constdata          hz32.o
    0x0800c6f6   0x0800c6f6   0x00000180   Data   RO         5955    .constdata          ra8875_asc_width.o
    0x0800c876   0x0800c876   0x00000002   PAD
    0x0800c878   0x0800c878   0x00000020   Data   RO         6363    Region$$Table       anon$$obj.o


    Execution Region RW_IRAM1 (Exec base: 0x20000000, Load base: 0x0800c898, Size: 0x00004100, Max: 0x00020000, ABSOLUTE)

    Exec Addr    Load Addr    Size         Type   Attr      Idx    E Section Name        Object

    0x20000000   0x0800c898   0x0000001e   Data   RW          651    .data               bsp_timer.o
    0x2000001e   0x0800c8b6   0x00000002   PAD
    0x20000020   0x0800c8b8   0x00000018   Data   RW         1184    .data               bsp_spi_bus.o
    0x20000038   0x0800c8d0   0x00000070   Data   RW         1477    .data               bsp_gt811.o
    0x200000a8   0x0800c940   0x00000007   Data   RW         1545    .data               bsp_gt911.o
    0x200000af   0x0800c947   0x00000001   PAD
    0x200000b0   0x0800c948   0x00000008   Data   RW         1917    .data               bsp_tft_port.o
    0x200000b8   0x0800c950   0x0000000a   Data   RW         2111    .data               bsp_ts_touch.o
    0x200000c2   0x0800c95a   0x00000007   Data   RW         2266    .data               bsp_ts_ft5x06.o
    0x200000c9   0x0800c961   0x00000001   PAD
    0x200000ca   0x0800c962   0x00000010   Data   RW         2468    .data               lcd_ra8875.o
    0x200000da   0x0800c972   0x00000002   Data   RW         2746    .data               bsp_ra8875_port.o
    0x200000dc   0x0800c974   0x00000009   Data   RW         2859    .data               stm32f4xx_hal.o
    0x200000e5   0x0800c97d   0x00000003   PAD
    0x200000e8   0x0800c980   0x00000004   Data   RW         5513    .data               system_stm32f4xx.o
    0x200000ec   0x0800c984   0x00000004   Data   RW         5552    .data               segger_hardfaulthandler.o
    0x200000f0   0x0800c988   0x00000004   Data   RW         6316    .data               mc_w.l(stdout.o)
    0x200000f4        -       0x000000ad   Zero   RW          432    .bss                bsp_key.o
    0x200001a1   0x0800c98c   0x00000001   PAD
    0x200001a2        -       0x0000000e   Zero   RW          577    .bss                bsp_beep.o
    0x200001b0        -       0x00000030   Zero   RW          649    .bss                bsp_timer.o
    0x200001e0        -       0x0000082c   Zero   RW          784    .bss                bsp_uart_fifo.o
    0x20000a0c        -       0x00002118   Zero   RW         1183    .bss                bsp_spi_bus.o
    0x20002b24        -       0x0000101c   Zero   RW         1267    .bss                bsp_spi_flash.o
    0x20003b40        -       0x00000024   Zero   RW         1476    .bss                bsp_gt811.o
    0x20003b64        -       0x00000024   Zero   RW         1543    .bss                bsp_gt911.o
    0x20003b88        -       0x00000038   Zero   RW         1916    .bss                bsp_tft_port.o
    0x20003bc0        -       0x000000de   Zero   RW         2110    .bss                bsp_ts_touch.o
    0x20003c9e        -       0x00000022   Zero   RW         2265    .bss                bsp_ts_ft5x06.o
    0x20003cc0        -       0x00000040   Zero   RW         5551    .bss                segger_hardfaulthandler.o
    0x20003d00        -       0x00000400   Zero   RW         2822    STACK               startup_stm32f407xx.o



  Load Region LR_ROM1 (Base: 0xc0000000, Size: 0x00200004, Max: 0x00800000, ABSOLUTE)

    Execution Region ER_ROM1 (Exec base: 0xc0000000, Load base: 0xc0000000, Size: 0x00200004, Max: 0x00800000, ABSOLUTE)

    Exec Addr    Load Addr    Size         Type   Attr      Idx    E Section Name        Object

    0xc0000000   0xc0000000   0x00200001   Data   RO         5934    .constdata          gb2312.o


==============================================================================

Image component sizes


      Code (inc. data)   RO Data    RW Data    ZI Data      Debug   Object Name

         0          0       1524          0          0        632   asc12.o
         0          0       4096          0          0        632   asc16.o
         0          0       6608          0          0        695   asc24.o
         0          0       8584          0          0        695   asc32.o
       336         32          0          0          0       4303   bsp.o
       224         18          0          0         14       1617   bsp_beep.o
       314          0          0          0          0       2547   bsp_eeprom_24xx.o
       744         44          0        112         36       5607   bsp_gt811.o
       616         40          0          7         36       7044   bsp_gt911.o
       542         46          0          0          0       7656   bsp_i2c_gpio.o
       840         36         64          0        173       7647   bsp_key.o
       352         42          0          0          0       2839   bsp_led.o
       178         24          0          2          0       6680   bsp_ra8875_port.o
       548        138          0         24       8472       6382   bsp_spi_bus.o
       640        116          0          0       4124       5554   bsp_spi_flash.o
      2402        146          0          0          0      10423   bsp_tft_lcd.o
       846        158          0          8         56       9730   bsp_tft_port.o
      1800        284         14          0          0       6807   bsp_tim_pwm.o
      1098        208         48         30         48      46093   bsp_timer.o
       742         60          0          7         34       5886   bsp_ts_ft5x06.o
       442          0          0          0          0       7070   bsp_ts_stmpe811.o
      3182        576          0         10        222      15671   bsp_ts_touch.o
      1066        122          0          0       2092      12581   bsp_uart_fifo.o
         0          0    2097153          0          0        625   gb2312.o
        18          0          0          0          0        404   hardfaulthandler.o
         0          0          2          0          0        729   hz12.o
         0          0          2          0          0        729   hz16.o
         0          0          2          0          0        729   hz24.o
         0          0          2          0          0        729   hz32.o
      3182        230          0         16          0      30519   lcd_ra8875.o
       984        630          0          0          0     720179   main.o
         0          0        384          0          0        894   ra8875_asc_width.o
       264         62          0          4         64       3819   segger_hardfaulthandler.o
        36          8        392          0       1024       1020   startup_stm32f407xx.o
       186         36          0          9          0       5936   stm32f4xx_hal.o
       304         22          0          0          0      35219   stm32f4xx_hal_cortex.o
       524         46          0          0          0       2684   stm32f4xx_hal_gpio.o
      1732         84          0          0          0       6400   stm32f4xx_hal_rcc.o
      1204          8          0          0          0       6714   stm32f4xx_hal_spi.o
        90          0          0          0          0       2139   stm32f4xx_hal_sram.o
      1264         90          0          0          0      12819   stm32f4xx_hal_tim.o
       988          8          0          0          0       2863   stm32f4xx_hal_uart.o
        20          0          0          0          0       4084   stm32f4xx_it.o
       232         10          0          0          0       3219   stm32f4xx_ll_fsmc.o
       100         18         24          4          0       1755   system_stm32f4xx.o

    ----------------------------------------------------------------------
     28078       3342    2118936        240      16396    1018999   Object Totals
         0          0         32          0          0          0   (incl. Generated)
        38          0          5          7          1          0   (incl. Padding)

    ----------------------------------------------------------------------

      Code (inc. data)   RO Data    RW Data    ZI Data      Debug   Library Member Name

         0          0          0          0          0          0   entry.o
         0          0          0          0          0          0   entry10a.o
         0          0          0          0          0          0   entry11a.o
         8          4          0          0          0          0   entry2.o
         4          0          0          0          0          0   entry5.o
         0          0          0          0          0          0   entry7b.o
         0          0          0          0          0          0   entry8b.o
         8          4          0          0          0          0   entry9a.o
        30          0          0          0          0          0   handlers.o
        36          8          0          0          0         68   init.o
        30          0          0          0          0         68   llshl.o
        32          0          0          0          0         68   llushr.o
        36          0          0          0          0         68   memcpya.o
        36          0          0          0          0        108   memseta.o
      1154         54          0          0          0        352   printf8.o
         0          0          0          4          0          0   stdout.o
        18          0          0          0          0         68   strcpy.o
        98          0          0          0          0         92   uldiv.o

    ----------------------------------------------------------------------
      1494         70          0          4          0        892   Library Totals
         4          0          0          0          0          0   (incl. Padding)

    ----------------------------------------------------------------------

      Code (inc. data)   RO Data    RW Data    ZI Data      Debug   Library Name

      1490         70          0          4          0        892   mc_w.l

    ----------------------------------------------------------------------
      1494         70          0          4          0        892   Library Totals

    ----------------------------------------------------------------------

==============================================================================


      Code (inc. data)   RO Data    RW Data    ZI Data      Debug   

     29572       3412    2118936        244      16396     996179   Grand Totals
     29572       3412    2118936        244      16396     996179   ELF Image Totals
     29572       3412    2118936        244          0          0   ROM Totals

==============================================================================

    Total RO  Size (Code + RO Data)              2148508 (2098.15kB)
    Total RW  Size (RW Data + ZI Data)             16640 (  16.25kB)
    Total ROM Size (Code + RO Data + RW Data)    2148752 (2098.39kB)

==============================================================================

