Component: ARM Compiler 5.06 update 6 (build 750) Tool: armlink [4d35ed]

==============================================================================

Section Cross References

    main.o(i.PrintfHelp) refers to printfa.o(i.__0printf) for __2printf
    main.o(i.PrintfLogo) refers to printfa.o(i.__0printf) for __2printf
    main.o(i.PrintfLogo) refers to system_stm32f4xx.o(.data) for SystemCoreClock
    main.o(i.arm_rfft_f32_app) refers to transformfunctions.o(i.arm_rfft_fast_init_f32) for arm_rfft_fast_init_f32
    main.o(i.arm_rfft_f32_app) refers to f2d.o(.text) for __aeabi_f2d
    main.o(i.arm_rfft_f32_app) refers to cos.o(i.__hardfp_cos) for __hardfp_cos
    main.o(i.arm_rfft_f32_app) refers to dadd.o(.text) for __aeabi_dadd
    main.o(i.arm_rfft_f32_app) refers to d2f.o(.text) for __aeabi_d2f
    main.o(i.arm_rfft_f32_app) refers to transformfunctions.o(i.arm_rfft_fast_f32) for arm_rfft_fast_f32
    main.o(i.arm_rfft_f32_app) refers to printfa.o(i.__0printf) for __2printf
    main.o(i.arm_rfft_f32_app) refers to main.o(.data) for .data
    main.o(i.arm_rfft_f32_app) refers to main.o(.bss) for .bss
    main.o(i.arm_rfft_f64_app) refers to transformfunctions.o(i.arm_rfft_fast_init_f64) for arm_rfft_fast_init_f64
    main.o(i.arm_rfft_f64_app) refers to dfltui.o(.text) for __aeabi_ui2d
    main.o(i.arm_rfft_f64_app) refers to dmul.o(.text) for __aeabi_dmul
    main.o(i.arm_rfft_f64_app) refers to dadd.o(.text) for __aeabi_dadd
    main.o(i.arm_rfft_f64_app) refers to cos.o(i.__hardfp_cos) for __hardfp_cos
    main.o(i.arm_rfft_f64_app) refers to transformfunctions.o(i.arm_rfft_fast_f64) for arm_rfft_fast_f64
    main.o(i.arm_rfft_f64_app) refers to printfa.o(i.__0printf) for __2printf
    main.o(i.arm_rfft_f64_app) refers to main.o(.data) for .data
    main.o(i.arm_rfft_f64_app) refers to main.o(.bss) for .bss
    main.o(i.main) refers to bsp.o(i.bsp_Init) for bsp_Init
    main.o(i.main) refers to main.o(i.PrintfLogo) for PrintfLogo
    main.o(i.main) refers to main.o(i.PrintfHelp) for PrintfHelp
    main.o(i.main) refers to bsp_timer.o(i.bsp_StartAutoTimer) for bsp_StartAutoTimer
    main.o(i.main) refers to bsp.o(i.bsp_Idle) for bsp_Idle
    main.o(i.main) refers to bsp_timer.o(i.bsp_CheckTimer) for bsp_CheckTimer
    main.o(i.main) refers to bsp_led.o(i.bsp_LedToggle) for bsp_LedToggle
    main.o(i.main) refers to bsp_key.o(i.bsp_GetKey) for bsp_GetKey
    main.o(i.main) refers to main.o(i.arm_rfft_f64_app) for arm_rfft_f64_app
    main.o(i.main) refers to main.o(i.arm_rfft_f32_app) for arm_rfft_f32_app
    bsp.o(i.SystemClock_Config) refers to memseta.o(.text) for __aeabi_memclr4
    bsp.o(i.SystemClock_Config) refers to stm32f4xx_hal_rcc.o(i.HAL_RCC_OscConfig) for HAL_RCC_OscConfig
    bsp.o(i.SystemClock_Config) refers to bsp.o(i.Error_Handler) for Error_Handler
    bsp.o(i.SystemClock_Config) refers to stm32f4xx_hal_rcc.o(i.HAL_RCC_ClockConfig) for HAL_RCC_ClockConfig
    bsp.o(i.SystemClock_Config) refers to stm32f4xx_hal.o(i.HAL_EnableCompensationCell) for HAL_EnableCompensationCell
    bsp.o(i.bsp_Init) refers to stm32f4xx_hal.o(i.HAL_Init) for HAL_Init
    bsp.o(i.bsp_Init) refers to bsp.o(i.SystemClock_Config) for SystemClock_Config
    bsp.o(i.bsp_Init) refers to bsp_key.o(i.bsp_InitKey) for bsp_InitKey
    bsp.o(i.bsp_Init) refers to bsp_timer.o(i.bsp_InitTimer) for bsp_InitTimer
    bsp.o(i.bsp_Init) refers to bsp_uart_fifo.o(i.bsp_InitUart) for bsp_InitUart
    bsp.o(i.bsp_Init) refers to bsp_led.o(i.bsp_InitLed) for bsp_InitLed
    bsp.o(i.bsp_RunPer10ms) refers to bsp_key.o(i.bsp_KeyScan10ms) for bsp_KeyScan10ms
    bsp_key.o(i.IsKeyDownFunc) refers to bsp_key.o(i.KeyPinActive) for KeyPinActive
    bsp_key.o(i.KeyPinActive) refers to bsp_key.o(.constdata) for .constdata
    bsp_key.o(i.bsp_ClearKey) refers to bsp_key.o(.bss) for .bss
    bsp_key.o(i.bsp_DetectFastIO) refers to bsp_key.o(i.IsKeyDownFunc) for IsKeyDownFunc
    bsp_key.o(i.bsp_DetectFastIO) refers to bsp_key.o(i.bsp_PutKey) for bsp_PutKey
    bsp_key.o(i.bsp_DetectFastIO) refers to bsp_key.o(.bss) for .bss
    bsp_key.o(i.bsp_DetectKey) refers to bsp_key.o(i.IsKeyDownFunc) for IsKeyDownFunc
    bsp_key.o(i.bsp_DetectKey) refers to bsp_key.o(i.bsp_PutKey) for bsp_PutKey
    bsp_key.o(i.bsp_DetectKey) refers to bsp_key.o(.bss) for .bss
    bsp_key.o(i.bsp_GetKey) refers to bsp_key.o(.bss) for .bss
    bsp_key.o(i.bsp_GetKey2) refers to bsp_key.o(.bss) for .bss
    bsp_key.o(i.bsp_GetKeyState) refers to bsp_key.o(.bss) for .bss
    bsp_key.o(i.bsp_InitKey) refers to bsp_key.o(i.bsp_InitKeyVar) for bsp_InitKeyVar
    bsp_key.o(i.bsp_InitKey) refers to bsp_key.o(i.bsp_InitKeyHard) for bsp_InitKeyHard
    bsp_key.o(i.bsp_InitKeyHard) refers to stm32f4xx_hal_gpio.o(i.HAL_GPIO_Init) for HAL_GPIO_Init
    bsp_key.o(i.bsp_InitKeyHard) refers to bsp_key.o(.constdata) for .constdata
    bsp_key.o(i.bsp_InitKeyVar) refers to bsp_key.o(i.bsp_SetKeyParam) for bsp_SetKeyParam
[...]
    i.USART6_IRQHandler                      0x08001ee8   Section        0  bsp_uart_fifo.o(i.USART6_IRQHandler)
    i.UartIRQ                                0x08001ef4   Section        0  bsp_uart_fifo.o(i.UartIRQ)
    UartIRQ                                  0x08001ef5   Thumb Code   208  bsp_uart_fifo.o(i.UartIRQ)
    i.UartSend                               0x08001fc4   Section        0  bsp_uart_fifo.o(i.UartSend)
    UartSend                                 0x08001fc5   Thumb Code   124  bsp_uart_fifo.o(i.UartSend)
    i.UartVarInit                            0x08002040   Section        0  bsp_uart_fifo.o(i.UartVarInit)
    UartVarInit                              0x08002041   Thumb Code    98  bsp_uart_fifo.o(i.UartVarInit)
    i.UsageFault_Handler                     0x080020b0   Section        0  stm32f4xx_it.o(i.UsageFault_Handler)
    i.__0printf                              0x080020b4   Section        0  printfa.o(i.__0printf)
    i.__ARM_fpclassify                       0x080020d4   Section        0  fpclassify.o(i.__ARM_fpclassify)
    i.__NVIC_SetPriority                     0x08002104   Section        0  stm32f4xx_hal_cortex.o(i.__NVIC_SetPriority)
    __NVIC_SetPriority                       0x08002105   Thumb Code    32  stm32f4xx_hal_cortex.o(i.__NVIC_SetPriority)
    i.__hardfp_cos                           0x08002128   Section        0  cos.o(i.__hardfp_cos)
    i.__ieee754_rem_pio2                     0x080021f0   Section        0  rred.o(i.__ieee754_rem_pio2)
    i.__kernel_cos                           0x08002628   Section        0  cos_i.o(i.__kernel_cos)
    i.__kernel_poly                          0x08002798   Section        0  poly.o(i.__kernel_poly)
    i.__kernel_sin                           0x08002890   Section        0  sin_i.o(i.__kernel_sin)
    i.__mathlib_dbl_infnan                   0x080029c0   Section        0  dunder.o(i.__mathlib_dbl_infnan)
    i.__mathlib_dbl_invalid                  0x080029d8   Section        0  dunder.o(i.__mathlib_dbl_invalid)
    i.__mathlib_dbl_underflow                0x080029f8   Section        0  dunder.o(i.__mathlib_dbl_underflow)
    i.__scatterload_copy                     0x08002a18   Section       14  handlers.o(i.__scatterload_copy)
    i.__scatterload_null                     0x08002a26   Section        2  handlers.o(i.__scatterload_null)
    i.__scatterload_zeroinit                 0x08002a28   Section       14  handlers.o(i.__scatterload_zeroinit)
    i.__set_errno                            0x08002a38   Section        0  errno.o(i.__set_errno)
    i._fp_digits                             0x08002a44   Section        0  printfa.o(i._fp_digits)
    _fp_digits                               0x08002a45   Thumb Code   366  printfa.o(i._fp_digits)
    i._printf_core                           0x08002bc8   Section        0  printfa.o(i._printf_core)
    _printf_core                             0x08002bc9   Thumb Code  1744  printfa.o(i._printf_core)
    i._printf_post_padding                   0x080032a4   Section        0  printfa.o(i._printf_post_padding)
    _printf_post_padding                     0x080032a5   Thumb Code    36  printfa.o(i._printf_post_padding)
    i._printf_pre_padding                    0x080032c8   Section        0  printfa.o(i._printf_pre_padding)
    _printf_pre_padding                      0x080032c9   Thumb Code    46  printfa.o(i._printf_pre_padding)
    i.arm_bitreversal_32                     0x080032f6   Section        0  transformfunctions.o(i.arm_bitreversal_32)
    i.arm_bitreversal_64                     0x08003336   Section        0  transformfunctions.o(i.arm_bitreversal_64)
    i.arm_cfft_f32                           0x080033a2   Section        0  transformfunctions.o(i.arm_cfft_f32)
    i.arm_cfft_f64                           0x08003478   Section        0  transformfunctions.o(i.arm_cfft_f64)
    i.arm_cfft_init_f32                      0x0800357c   Section        0  transformfunctions.o(i.arm_cfft_init_f32)
    i.arm_cfft_radix4by2_f64                 0x08003674   Section        0  transformfunctions.o(i.arm_cfft_radix4by2_f64)
    i.arm_cfft_radix8by2_f32                 0x080037be   Section        0  transformfunctions.o(i.arm_cfft_radix8by2_f32)
    i.arm_cfft_radix8by4_f32                 0x08003986   Section        0  transformfunctions.o(i.arm_cfft_radix8by4_f32)
    i.arm_radix4_butterfly_f64               0x08003e1c   Section        0  transformfunctions.o(i.arm_radix4_butterfly_f64)
    i.arm_radix8_butterfly_f32               0x08004168   Section        0  transformfunctions.o(i.arm_radix8_butterfly_f32)
    i.arm_rfft_1024_fast_init_f32            0x08004730   Section        0  transformfunctions.o(i.arm_rfft_1024_fast_init_f32)
    arm_rfft_1024_fast_init_f32              0x08004731   Thumb Code    42  transformfunctions.o(i.arm_rfft_1024_fast_init_f32)
    i.arm_rfft_1024_fast_init_f64            0x08004760   Section        0  transformfunctions.o(i.arm_rfft_1024_fast_init_f64)
    arm_rfft_1024_fast_init_f64              0x08004761   Thumb Code    42  transformfunctions.o(i.arm_rfft_1024_fast_init_f64)
    i.arm_rfft_128_fast_init_f32             0x08004798   Section        0  transformfunctions.o(i.arm_rfft_128_fast_init_f32)
    arm_rfft_128_fast_init_f32               0x08004799   Thumb Code    38  transformfunctions.o(i.arm_rfft_128_fast_init_f32)
    i.arm_rfft_128_fast_init_f64             0x080047c4   Section        0  transformfunctions.o(i.arm_rfft_128_fast_init_f64)
    arm_rfft_128_fast_init_f64               0x080047c5   Thumb Code    38  transformfunctions.o(i.arm_rfft_128_fast_init_f64)
    i.arm_rfft_2048_fast_init_f32            0x080047f8   Section        0  transformfunctions.o(i.arm_rfft_2048_fast_init_f32)
    arm_rfft_2048_fast_init_f32              0x080047f9   Thumb Code    42  transformfunctions.o(i.arm_rfft_2048_fast_init_f32)
    i.arm_rfft_2048_fast_init_f64            0x08004828   Section        0  transformfunctions.o(i.arm_rfft_2048_fast_init_f64)
    arm_rfft_2048_fast_init_f64              0x08004829   Thumb Code    42  transformfunctions.o(i.arm_rfft_2048_fast_init_f64)
    i.arm_rfft_256_fast_init_f32             0x08004860   Section        0  transformfunctions.o(i.arm_rfft_256_fast_init_f32)
    arm_rfft_256_fast_init_f32               0x08004861   Thumb Code    40  transformfunctions.o(i.arm_rfft_256_fast_init_f32)
    i.arm_rfft_256_fast_init_f64             0x0800488c   Section        0  transformfunctions.o(i.arm_rfft_256_fast_init_f64)
    arm_rfft_256_fast_init_f64               0x0800488d   Thumb Code    38  transformfunctions.o(i.arm_rfft_256_fast_init_f64)
    i.arm_rfft_32_fast_init_f32              0x080048c0   Section        0  transformfunctions.o(i.arm_rfft_32_fast_init_f32)
    arm_rfft_32_fast_init_f32                0x080048c1   Thumb Code    38  transformfunctions.o(i.arm_rfft_32_fast_init_f32)
    i.arm_rfft_32_fast_init_f64              0x080048ec   Section        0  transformfunctions.o(i.arm_rfft_32_fast_init_f64)
    arm_rfft_32_fast_init_f64                0x080048ed   Thumb Code    38  transformfunctions.o(i.arm_rfft_32_fast_init_f64)
    i.arm_rfft_4096_fast_init_f32            0x08004920   Section        0  transformfunctions.o(i.arm_rfft_4096_fast_init_f32)
    arm_rfft_4096_fast_init_f32              0x08004921   Thumb Code    42  transformfunctions.o(i.arm_rfft_4096_fast_init_f32)
    i.arm_rfft_4096_fast_init_f64            0x08004950   Section        0  transformfunctions.o(i.arm_rfft_4096_fast_init_f64)
    arm_rfft_4096_fast_init_f64              0x08004951   Thumb Code    42  transformfunctions.o(i.arm_rfft_4096_fast_init_f64)
    i.arm_rfft_512_fast_init_f32             0x08004988   Section        0  transformfunctions.o(i.arm_rfft_512_fast_init_f32)
    arm_rfft_512_fast_init_f32               0x08004989   Thumb Code    42  transformfunctions.o(i.arm_rfft_512_fast_init_f32)
    i.arm_rfft_512_fast_init_f64             0x080049b8   Section        0  transformfunctions.o(i.arm_rfft_512_fast_init_f64)
    arm_rfft_512_fast_init_f64               0x080049b9   Thumb Code    40  transformfunctions.o(i.arm_rfft_512_fast_init_f64)
    i.arm_rfft_64_fast_init_f32              0x080049ec   Section        0  transformfunctions.o(i.arm_rfft_64_fast_init_f32)
    arm_rfft_64_fast_init_f32                0x080049ed   Thumb Code    38  transformfunctions.o(i.arm_rfft_64_fast_init_f32)
    i.arm_rfft_64_fast_init_f64              0x08004a18   Section        0  transformfunctions.o(i.arm_rfft_64_fast_init_f64)
    arm_rfft_64_fast_init_f64                0x08004a19   Thumb Code    38  transformfunctions.o(i.arm_rfft_64_fast_init_f64)
    i.arm_rfft_f32_app                       0x08004a4c   Section        0  main.o(i.arm_rfft_f32_app)
    arm_rfft_f32_app                         0x08004a4d   Thumb Code   216  main.o(i.arm_rfft_f32_app)
    i.arm_rfft_f64_app                       0x08004b7c   Section        0  main.o(i.arm_rfft_f64_app)
    arm_rfft_f64_app                         0x08004b7d   Thumb Code   204  main.o(i.arm_rfft_f64_app)
    i.arm_rfft_fast_f32                      0x08004cb0   Section        0  transformfunctions.o(i.arm_rfft_fast_f32)
    i.arm_rfft_fast_f64                      0x08004cf2   Section        0  transformfunctions.o(i.arm_rfft_fast_f64)
    i.arm_rfft_fast_init_f32                 0x08004d3c   Section        0  transformfunctions.o(i.arm_rfft_fast_init_f32)
    i.arm_rfft_fast_init_f64                 0x08004db8   Section        0  transformfunctions.o(i.arm_rfft_fast_init_f64)
    i.bsp_CheckTimer                         0x08004e34   Section        0  bsp_timer.o(i.bsp_CheckTimer)
    i.bsp_DetectKey                          0x08004e5c   Section        0  bsp_key.o(i.bsp_DetectKey)
    bsp_DetectKey                            0x08004e5d   Thumb Code   174  bsp_key.o(i.bsp_DetectKey)
    i.bsp_GetKey                             0x08004f10   Section        0  bsp_key.o(i.bsp_GetKey)
    i.bsp_Idle                               0x08004f34   Section        0  bsp.o(i.bsp_Idle)
    i.bsp_Init                               0x08004f36   Section        0  bsp.o(i.bsp_Init)
    i.bsp_InitHardTimer                      0x08004f54   Section        0  bsp_timer.o(i.bsp_InitHardTimer)
    i.bsp_InitKey                            0x08004ff4   Section        0  bsp_key.o(i.bsp_InitKey)
    i.bsp_InitKeyHard                        0x08005004   Section        0  bsp_key.o(i.bsp_InitKeyHard)
    bsp_InitKeyHard                          0x08005005   Thumb Code   146  bsp_key.o(i.bsp_InitKeyHard)
    i.bsp_InitKeyVar                         0x080050a0   Section        0  bsp_key.o(i.bsp_InitKeyVar)
    bsp_InitKeyVar                           0x080050a1   Thumb Code    88  bsp_key.o(i.bsp_InitKeyVar)
    i.bsp_InitLed                            0x080050fc   Section        0  bsp_led.o(i.bsp_InitLed)
    i.bsp_InitTimer                          0x0800519c   Section        0  bsp_timer.o(i.bsp_InitTimer)
    i.bsp_InitUart                           0x08005200   Section        0  bsp_uart_fifo.o(i.bsp_InitUart)
    i.bsp_KeyScan10ms                        0x08005212   Section        0  bsp_key.o(i.bsp_KeyScan10ms)
    i.bsp_LedOff                             0x08005228   Section        0  bsp_led.o(i.bsp_LedOff)
    i.bsp_LedToggle                          0x0800526c   Section        0  bsp_led.o(i.bsp_LedToggle)
    i.bsp_PutKey                             0x080052b8   Section        0  bsp_key.o(i.bsp_PutKey)
    i.bsp_RunPer10ms                         0x080052d4   Section        0  bsp.o(i.bsp_RunPer10ms)
    i.bsp_RunPer1ms                          0x080052d8   Section        0  bsp.o(i.bsp_RunPer1ms)
    i.bsp_SetKeyParam                        0x080052dc   Section        0  bsp_key.o(i.bsp_SetKeyParam)
    i.bsp_SetUartParam                       0x080052f0   Section        0  bsp_uart_fifo.o(i.bsp_SetUartParam)
    i.bsp_SoftTimerDec                       0x08005344   Section        0  bsp_timer.o(i.bsp_SoftTimerDec)
    bsp_SoftTimerDec                         0x08005345   Thumb Code    30  bsp_timer.o(i.bsp_SoftTimerDec)
    i.bsp_StartAutoTimer                     0x08005364   Section        0  bsp_timer.o(i.bsp_StartAutoTimer)
    i.comSendBuf                             0x080053e4   Section        0  bsp_uart_fifo.o(i.comSendBuf)
    i.comSendChar                            0x0800540a   Section        0  bsp_uart_fifo.o(i.comSendChar)
    i.fabs                                   0x08005416   Section        0  fabs.o(i.fabs)
    i.fputc                                  0x0800542e   Section        0  bsp_uart_fifo.o(i.fputc)
    i.main                                   0x0800543e   Section        0  main.o(i.main)
    i.merge_rfft_f32                         0x08005480   Section        0  transformfunctions.o(i.merge_rfft_f32)
    i.merge_rfft_f64                         0x0800551c   Section        0  transformfunctions.o(i.merge_rfft_f64)
    i.stage_rfft_f32                         0x08005674   Section        0  transformfunctions.o(i.stage_rfft_f32)
    i.stage_rfft_f64                         0x08005718   Section        0  transformfunctions.o(i.stage_rfft_f64)
    .constdata                               0x0800588c   Section       64  bsp_key.o(.constdata)
    s_gpio_list                              0x0800588c   Data          64  bsp_key.o(.constdata)
    .constdata                               0x080058cc   Section       48  bsp_timer.o(.constdata)
    __FUNCTION__                             0x080058cc   Data          15  bsp_timer.o(.constdata)
    __FUNCTION__                             0x080058db   Data          19  bsp_timer.o(.constdata)
    __FUNCTION__                             0x080058ee   Data          14  bsp_timer.o(.constdata)
    .constdata                               0x080058fc   Section       16  system_stm32f4xx.o(.constdata)
    .constdata                               0x0800590c   Section        8  system_stm32f4xx.o(.constdata)
    .constdata                               0x08005918   Section      256  commontables.o(.constdata)
    .constdata                               0x08005a18   Section      512  commontables.o(.constdata)
    .constdata                               0x08005c18   Section     1024  commontables.o(.constdata)
    .constdata                               0x08006018   Section     2048  commontables.o(.constdata)
    .constdata                               0x08006818   Section     4096  commontables.o(.constdata)
    .constdata                               0x08007818   Section     8192  commontables.o(.constdata)
    .constdata                               0x08009818   Section    16384  commontables.o(.constdata)
    .constdata                               0x0800d818   Section    32768  commontables.o(.constdata)
    .constdata                               0x08015818   Section      128  commontables.o(.constdata)
    .constdata                               0x08015898   Section      256  commontables.o(.constdata)
    .constdata                               0x08015998   Section      512  commontables.o(.constdata)
    .constdata                               0x08015b98   Section     1024  commontables.o(.constdata)
    .constdata                               0x08015f98   Section     2048  commontables.o(.constdata)
    .constdata                               0x08016798   Section     4096  commontables.o(.constdata)
    .constdata                               0x08017798   Section     8192  commontables.o(.constdata)
    .constdata                               0x08019798   Section    16384  commontables.o(.constdata)
    .constdata                               0x0801d798   Section    32768  commontables.o(.constdata)
    .constdata                               0x08025798   Section       24  commontables.o(.constdata)
    .constdata                               0x080257b0   Section       48  commontables.o(.constdata)
    .constdata                               0x080257e0   Section      112  commontables.o(.constdata)
    .constdata                               0x08025850   Section      224  commontables.o(.constdata)
    .constdata                               0x08025930   Section      480  commontables.o(.constdata)
    .constdata                               0x08025b10   Section      960  commontables.o(.constdata)
    .constdata                               0x08025ed0   Section     1984  commontables.o(.constdata)
    .constdata                               0x08026690   Section     3968  commontables.o(.constdata)
    .constdata                               0x08027610   Section       40  commontables.o(.constdata)
    .constdata                               0x08027638   Section       96  commontables.o(.constdata)
    .constdata                               0x08027698   Section      112  commontables.o(.constdata)
    .constdata                               0x08027708   Section      416  commontables.o(.constdata)
    .constdata                               0x080278a8   Section      880  commontables.o(.constdata)
    .constdata                               0x08027c18   Section      896  commontables.o(.constdata)
    .constdata                               0x08027f98   Section     3600  commontables.o(.constdata)
    .constdata                               0x08028da8   Section     7616  commontables.o(.constdata)
    .constdata                               0x0802ab68   Section     8064  commontables.o(.constdata)
    .constdata                               0x0802cae8   Section      256  commontables.o(.constdata)
    .constdata                               0x0802cbe8   Section      512  commontables.o(.constdata)
    .constdata                               0x0802cde8   Section     1024  commontables.o(.constdata)
    .constdata                               0x0802d1e8   Section     2048  commontables.o(.constdata)
    .constdata                               0x0802d9e8   Section     4096  commontables.o(.constdata)
    .constdata                               0x0802e9e8   Section     8192  commontables.o(.constdata)
    .constdata                               0x080309e8   Section    16384  commontables.o(.constdata)
    .constdata                               0x080349e8   Section    32768  commontables.o(.constdata)
    .constdata                               0x0803c9e8   Section      128  commontables.o(.constdata)
    .constdata                               0x0803ca68   Section      256  commontables.o(.constdata)
    .constdata                               0x0803cb68   Section      512  commontables.o(.constdata)
    .constdata                               0x0803cd68   Section     1024  commontables.o(.constdata)
    .constdata                               0x0803d168   Section     2048  commontables.o(.constdata)
    .constdata                               0x0803d968   Section     4096  commontables.o(.constdata)
    .constdata                               0x0803e968   Section     8192  commontables.o(.constdata)
    .constdata                               0x08040968   Section    16384  commontables.o(.constdata)
    .constdata                               0x08044968   Section       16  commontables.o(.constdata)
    .constdata                               0x08044978   Section       16  commontables.o(.constdata)
    .constdata                               0x08044988   Section       16  commontables.o(.constdata)
    .constdata                               0x08044998   Section       16  commontables.o(.constdata)
    .constdata                               0x080449a8   Section       16  commontables.o(.constdata)
    .constdata                               0x080449b8   Section       16  commontables.o(.constdata)
    .constdata                               0x080449c8   Section       16  commontables.o(.constdata)
    .constdata                               0x080449d8   Section       16  commontables.o(.constdata)
    .constdata                               0x080449e8   Section       16  commontables.o(.constdata)
    .constdata                               0x080449f8   Section       48  cos_i.o(.constdata)
    C                                        0x080449f8   Data          48  cos_i.o(.constdata)
    .constdata                               0x08044a28   Section      200  rred.o(.constdata)
    pio2s                                    0x08044a28   Data          48  rred.o(.constdata)
    twooverpi                                0x08044a58   Data         152  rred.o(.constdata)
    .constdata                               0x08044af0   Section       40  sin_i.o(.constdata)
    S                                        0x08044af0   Data          40  sin_i.o(.constdata)
    .data                                    0x20000000   Section        4  main.o(.data)
    .data                                    0x20000004   Section       28  bsp_timer.o(.data)
    s_ucTimeOutFlag                          0x20000004   Data           1  bsp_timer.o(.data)
    g_ucEnableSystickISR                     0x20000005   Data           1  bsp_timer.o(.data)
    s_count                                  0x20000006   Data           1  bsp_timer.o(.data)
    s_uiDelayCount                           0x20000008   Data           4  bsp_timer.o(.data)
    s_TIM_CallBack1                          0x20000010   Data           4  bsp_timer.o(.data)
    s_TIM_CallBack2                          0x20000014   Data           4  bsp_timer.o(.data)
    s_TIM_CallBack3                          0x20000018   Data           4  bsp_timer.o(.data)
    s_TIM_CallBack4                          0x2000001c   Data           4  bsp_timer.o(.data)
    .data                                    0x20000020   Section       12  stm32f4xx_hal.o(.data)
    .data                                    0x2000002c   Section        4  system_stm32f4xx.o(.data)
    .data                                    0x20000030   Section        4  segger_hardfaulthandler.o(.data)
    _Continue                                0x20000030   Data           4  segger_hardfaulthandler.o(.data)
    .data                                    0x20000034   Section        4  stdout.o(.data)
    .data                                    0x20000038   Section        4  errno.o(.data)
    _errno                                   0x20000038   Data           4  errno.o(.data)
    .bss                                     0x20000040   Section    73728  main.o(.bss)
    testOutput_f32                           0x20000040   Data        8192  main.o(.bss)
    testOutputIn_f32                         0x20002040   Data        8192  main.o(.bss)
    testInput_f32                            0x20004040   Data        8192  main.o(.bss)
    testOutput_f64                           0x20006040   Data       16384  main.o(.bss)
    testOutputIn_f64                         0x2000a040   Data       16384  main.o(.bss)
    testInput_f64                            0x2000e040   Data       16384  main.o(.bss)
    .bss                                     0x20012040   Section      173  bsp_key.o(.bss)
    s_tBtn                                   0x20012040   Data         160  bsp_key.o(.bss)
    s_tKey                                   0x200120e0   Data          13  bsp_key.o(.bss)
    .bss                                     0x200120f0   Section       48  bsp_timer.o(.bss)
    s_tTmr                                   0x200120f0   Data          48  bsp_timer.o(.bss)
    .bss                                     0x20012120   Section     4184  bsp_uart_fifo.o(.bss)
    g_tUart1                                 0x20012120   Data          44  bsp_uart_fifo.o(.bss)
    g_TxBuf1                                 0x2001214c   Data        1024  bsp_uart_fifo.o(.bss)
    g_RxBuf1                                 0x2001254c   Data        1024  bsp_uart_fifo.o(.bss)
    g_tUart6                                 0x2001294c   Data          44  bsp_uart_fifo.o(.bss)
    g_TxBuf6                                 0x20012978   Data        1024  bsp_uart_fifo.o(.bss)
    g_RxBuf6                                 0x20012d78   Data        1024  bsp_uart_fifo.o(.bss)
    .bss                                     0x20013178   Section       64  segger_hardfaulthandler.o(.bss)
    HardFaultRegs                            0x20013178   Data          64  segger_hardfaulthandler.o(.bss)
    STACK                                    0x200131b8   Section     4096  startup_stm32f407xx.o(STACK)

    Global Symbols

    Symbol Name                              Value     Ov Type        Size  Object(Section)

    BuildAttributes$$THM_ISAv4$E$P$D$K$B$S$7EM$VFPi3$EXTD16$VFPS$VFMA$PE$A:L22UL41UL21$X:L11$S22US41US21$IEEE1$IW$USESV6$~STKCKD$USESV7$~SHL$OTIME$ROPI$IEEEX$EBA8$MICROLIB$REQ8$PRES8$EABIv2 0x00000000   Number         0  anon$$obj.o ABSOLUTE
    __ARM_use_no_argv                        0x00000000   Number         0  main.o ABSOLUTE
    _printf_a                                0x00000000   Number         0  stubs.o ABSOLUTE
    _printf_c                                0x00000000   Number         0  stubs.o ABSOLUTE
    _printf_charcount                        0x00000000   Number         0  stubs.o ABSOLUTE
    _printf_d                                0x00000000   Number         0  stubs.o ABSOLUTE
    _printf_e                                0x00000000   Number         0  stubs.o ABSOLUTE
    _printf_f                                0x00000000   Number         0  stubs.o ABSOLUTE
    _printf_flags                            0x00000000   Number         0  stubs.o ABSOLUTE
    _printf_fp_dec                           0x00000000   Number         0  stubs.o ABSOLUTE
    _printf_fp_hex                           0x00000000   Number         0  stubs.o ABSOLUTE
    _printf_g                                0x00000000   Number         0  stubs.o ABSOLUTE
    _printf_i                                0x00000000   Number         0  stubs.o ABSOLUTE
    _printf_int_dec                          0x00000000   Number         0  stubs.o ABSOLUTE
    _printf_l                                0x00000000   Number         0  stubs.o ABSOLUTE
    _printf_lc                               0x00000000   Number         0  stubs.o ABSOLUTE
    _printf_ll                               0x00000000   Number         0  stubs.o ABSOLUTE
    _printf_lld                              0x00000000   Number         0  stubs.o ABSOLUTE
    _printf_lli                              0x00000000   Number         0  stubs.o ABSOLUTE
    _printf_llo                              0x00000000   Number         0  stubs.o ABSOLUTE
    _printf_llu                              0x00000000   Number         0  stubs.o ABSOLUTE
    _printf_llx                              0x00000000   Number         0  stubs.o ABSOLUTE
    _printf_longlong_dec                     0x00000000   Number         0  stubs.o ABSOLUTE
    _printf_longlong_hex                     0x00000000   Number         0  stubs.o ABSOLUTE
    _printf_longlong_oct                     0x00000000   Number         0  stubs.o ABSOLUTE
    _printf_ls                               0x00000000   Number         0  stubs.o ABSOLUTE
    _printf_mbtowc                           0x00000000   Number         0  stubs.o ABSOLUTE
    _printf_n                                0x00000000   Number         0  stubs.o ABSOLUTE
    _printf_o                                0x00000000   Number         0  stubs.o ABSOLUTE
    _printf_p                                0x00000000   Number         0  stubs.o ABSOLUTE
    _printf_percent                          0x00000000   Number         0  stubs.o ABSOLUTE
    _printf_pre_padding                      0x00000000   Number         0  stubs.o ABSOLUTE
    _printf_return_value                     0x00000000   Number         0  stubs.o ABSOLUTE
    _printf_s                                0x00000000   Number         0  stubs.o ABSOLUTE
    _printf_sizespec                         0x00000000   Number         0  stubs.o ABSOLUTE
    _printf_str                              0x00000000   Number         0  stubs.o ABSOLUTE
    _printf_truncate_signed                  0x00000000   Number         0  stubs.o ABSOLUTE
    _printf_truncate_unsigned                0x00000000   Number         0  stubs.o ABSOLUTE
    _printf_u                                0x00000000   Number         0  stubs.o ABSOLUTE
    _printf_wc                               0x00000000   Number         0  stubs.o ABSOLUTE
    _printf_wctomb                           0x00000000   Number         0  stubs.o ABSOLUTE
    _printf_widthprec                        0x00000000   Number         0  stubs.o ABSOLUTE
    _printf_x                                0x00000000   Number         0  stubs.o ABSOLUTE
    __cpp_initialize__aeabi_                  - Undefined Weak Reference
    __cxa_finalize                            - Undefined Weak Reference
    __decompress                              - Undefined Weak Reference
    _clock_init                               - Undefined Weak Reference
    _microlib_exit                            - Undefined Weak Reference
    __Vectors_Size                           0x00000188   Number         0  startup_stm32f407xx.o ABSOLUTE
    __Vectors                                0x08000000   Data           4  startup_stm32f407xx.o(RESET)
    __Vectors_End                            0x08000188   Data           0  startup_stm32f407xx.o(RESET)
    __main                                   0x08000189   Thumb Code     0  entry.o(.ARM.Collect$$$$00000000)
    _main_stk                                0x08000189   Thumb Code     0  entry2.o(.ARM.Collect$$$$00000001)
    _main_scatterload                        0x0800018d   Thumb Code     0  entry5.o(.ARM.Collect$$$$00000004)
    __main_after_scatterload                 0x08000191   Thumb Code     0  entry5.o(.ARM.Collect$$$$00000004)
    _main_clock                              0x08000191   Thumb Code     0  entry7b.o(.ARM.Collect$$$$00000008)
    _main_cpp_init                           0x08000191   Thumb Code     0  entry8b.o(.ARM.Collect$$$$0000000A)
    _main_init                               0x08000191   Thumb Code     0  entry9a.o(.ARM.Collect$$$$0000000B)
    __rt_final_cpp                           0x08000199   Thumb Code     0  entry10a.o(.ARM.Collect$$$$0000000D)
    __rt_final_exit                          0x08000199   Thumb Code     0  entry11a.o(.ARM.Collect$$$$0000000F)
    Reset_Handler                            0x0800019d   Thumb Code     8  startup_stm32f407xx.o(.text)
    ADC_IRQHandler                           0x080001b7   Thumb Code     0  startup_stm32f407xx.o(.text)
    CAN1_RX0_IRQHandler                      0x080001b7   Thumb Code     0  startup_stm32f407xx.o(.text)
    CAN1_RX1_IRQHandler                      0x080001b7   Thumb Code     0  startup_stm32f407xx.o(.text)
    CAN1_SCE_IRQHandler                      0x080001b7   Thumb Code     0  startup_stm32f407xx.o(.text)
    CAN1_TX_IRQHandler                       0x080001b7   Thumb Code     0  startup_stm32f407xx.o(.text)
    CAN2_RX0_IRQHandler                      0x080001b7   Thumb Code     0  startup_stm32f407xx.o(.text)
    CAN2_RX1_IRQHandler                      0x080001b7   Thumb Code     0  startup_stm32f407xx.o(.text)
    CAN2_SCE_IRQHandler                      0x080001b7   Thumb Code     0  startup_stm32f407xx.o(.text)
    CAN2_TX_IRQHandler                       0x080001b7   Thumb Code     0  startup_stm32f407xx.o(.text)
    DCMI_IRQHandler                          0x080001b7   Thumb Code     0  startup_stm32f407xx.o(.text)
    DMA1_Stream0_IRQHandler                  0x080001b7   Thumb Code     0  startup_stm32f407xx.o(.text)
    DMA1_Stream1_IRQHandler                  0x080001b7   Thumb Code     0  startup_stm32f407xx.o(.text)
    DMA1_Stream2_IRQHandler                  0x080001b7   Thumb Code     0  startup_stm32f407xx.o(.text)
    DMA1_Stream3_IRQHandler                  0x080001b7   Thumb Code     0  startup_stm32f407xx.o(.text)
    DMA1_Stream4_IRQHandler                  0x080001b7   Thumb Code     0  startup_stm32f407xx.o(.text)
    DMA1_Stream5_IRQHandler                  0x080001b7   Thumb Code     0  startup_stm32f407xx.o(.text)
    DMA1_Stream6_IRQHandler                  0x080001b7   Thumb Code     0  startup_stm32f407xx.o(.text)
    DMA1_Stream7_IRQHandler                  0x080001b7   Thumb Code     0  startup_stm32f407xx.o(.text)
    DMA2_Stream0_IRQHandler                  0x080001b7   Thumb Code     0  startup_stm32f407xx.o(.text)
    DMA2_Stream1_IRQHandler                  0x080001b7   Thumb Code     0  startup_stm32f407xx.o(.text)
    DMA2_Stream2_IRQHandler                  0x080001b7   Thumb Code     0  startup_stm32f407xx.o(.text)
    DMA2_Stream3_IRQHandler                  0x080001b7   Thumb Code     0  startup_stm32f407xx.o(.text)
    DMA2_Stream4_IRQHandler                  0x080001b7   Thumb Code     0  startup_stm32f407xx.o(.text)
    DMA2_Stream5_IRQHandler                  0x080001b7   Thumb Code     0  startup_stm32f407xx.o(.text)
    DMA2_Stream6_IRQHandler                  0x080001b7   Thumb Code     0  startup_stm32f407xx.o(.text)
    DMA2_Stream7_IRQHandler                  0x080001b7   Thumb Code     0  startup_stm32f407xx.o(.text)
    ETH_IRQHandler                           0x080001b7   Thumb Code     0  startup_stm32f407xx.o(.text)
    ETH_WKUP_IRQHandler                      0x080001b7   Thumb Code     0  startup_stm32f407xx.o(.text)
    EXTI0_IRQHandler                         0x080001b7   Thumb Code     0  startup_stm32f407xx.o(.text)
    EXTI15_10_IRQHandler                     0x080001b7   Thumb Code     0  startup_stm32f407xx.o(.text)
    EXTI1_IRQHandler                         0x080001b7   Thumb Code     0  startup_stm32f407xx.o(.text)
    EXTI2_IRQHandler                         0x080001b7   Thumb Code     0  startup_stm32f407xx.o(.text)
    EXTI3_IRQHandler                         0x080001b7   Thumb Code     0  startup_stm32f407xx.o(.text)
    EXTI4_IRQHandler                         0x080001b7   Thumb Code     0  startup_stm32f407xx.o(.text)
    EXTI9_5_IRQHandler                       0x080001b7   Thumb Code     0  startup_stm32f407xx.o(.text)
    FLASH_IRQHandler                         0x080001b7   Thumb Code     0  startup_stm32f407xx.o(.text)
    FMC_IRQHandler                           0x080001b7   Thumb Code     0  startup_stm32f407xx.o(.text)
    FPU_IRQHandler                           0x080001b7   Thumb Code     0  startup_stm32f407xx.o(.text)
    HASH_RNG_IRQHandler                      0x080001b7   Thumb Code     0  startup_stm32f407xx.o(.text)
    I2C1_ER_IRQHandler                       0x080001b7   Thumb Code     0  startup_stm32f407xx.o(.text)
    I2C1_EV_IRQHandler                       0x080001b7   Thumb Code     0  startup_stm32f407xx.o(.text)
    I2C2_ER_IRQHandler                       0x080001b7   Thumb Code     0  startup_stm32f407xx.o(.text)
    I2C2_EV_IRQHandler                       0x080001b7   Thumb Code     0  startup_stm32f407xx.o(.text)
    I2C3_ER_IRQHandler                       0x080001b7   Thumb Code     0  startup_stm32f407xx.o(.text)
    I2C3_EV_IRQHandler                       0x080001b7   Thumb Code     0  startup_stm32f407xx.o(.text)
    OTG_FS_IRQHandler                        0x080001b7   Thumb Code     0  startup_stm32f407xx.o(.text)
    OTG_FS_WKUP_IRQHandler                   0x080001b7   Thumb Code     0  startup_stm32f407xx.o(.text)
    OTG_HS_EP1_IN_IRQHandler                 0x080001b7   Thumb Code     0  startup_stm32f407xx.o(.text)
    OTG_HS_EP1_OUT_IRQHandler                0x080001b7   Thumb Code     0  startup_stm32f407xx.o(.text)
    OTG_HS_IRQHandler                        0x080001b7   Thumb Code     0  startup_stm32f407xx.o(.text)
    OTG_HS_WKUP_IRQHandler                   0x080001b7   Thumb Code     0  startup_stm32f407xx.o(.text)
    PVD_IRQHandler                           0x080001b7   Thumb Code     0  startup_stm32f407xx.o(.text)
    RCC_IRQHandler                           0x080001b7   Thumb Code     0  startup_stm32f407xx.o(.text)
    RTC_Alarm_IRQHandler                     0x080001b7   Thumb Code     0  startup_stm32f407xx.o(.text)
    RTC_WKUP_IRQHandler                      0x080001b7   Thumb Code     0  startup_stm32f407xx.o(.text)
    SDIO_IRQHandler                          0x080001b7   Thumb Code     0  startup_stm32f407xx.o(.text)
    SPI1_IRQHandler                          0x080001b7   Thumb Code     0  startup_stm32f407xx.o(.text)
    SPI2_IRQHandler                          0x080001b7   Thumb Code     0  startup_stm32f407xx.o(.text)
    SPI3_IRQHandler                          0x080001b7   Thumb Code     0  startup_stm32f407xx.o(.text)
    TAMP_STAMP_IRQHandler                    0x080001b7   Thumb Code     0  startup_stm32f407xx.o(.text)
    TIM1_BRK_TIM9_IRQHandler                 0x080001b7   Thumb Code     0  startup_stm32f407xx.o(.text)
    TIM1_CC_IRQHandler                       0x080001b7   Thumb Code     0  startup_stm32f407xx.o(.text)
    TIM1_TRG_COM_TIM11_IRQHandler            0x080001b7   Thumb Code     0  startup_stm32f407xx.o(.text)
    TIM1_UP_TIM10_IRQHandler                 0x080001b7   Thumb Code     0  startup_stm32f407xx.o(.text)
    TIM3_IRQHandler                          0x080001b7   Thumb Code     0  startup_stm32f407xx.o(.text)
    TIM4_IRQHandler                          0x080001b7   Thumb Code     0  startup_stm32f407xx.o(.text)
    TIM5_IRQHandler                          0x080001b7   Thumb Code     0  startup_stm32f407xx.o(.text)
    TIM6_DAC_IRQHandler                      0x080001b7   Thumb Code     0  startup_stm32f407xx.o(.text)
    TIM7_IRQHandler                          0x080001b7   Thumb Code     0  startup_stm32f407xx.o(.text)
    TIM8_BRK_TIM12_IRQHandler                0x080001b7   Thumb Code     0  startup_stm32f407xx.o(.text)
    TIM8_CC_IRQHandler                       0x080001b7   Thumb Code     0  startup_stm32f407xx.o(.text)
    TIM8_TRG_COM_TIM14_IRQHandler            0x080001b7   Thumb Code     0  startup_stm32f407xx.o(.text)
    TIM8_UP_TIM13_IRQHandler                 0x080001b7   Thumb Code     0  startup_stm32f407xx.o(.text)
    UART4_IRQHandler                         0x080001b7   Thumb Code     0  startup_stm32f407xx.o(.text)
    UART5_IRQHandler                         0x080001b7   Thumb Code     0  startup_stm32f407xx.o(.text)
    USART2_IRQHandler                        0x080001b7   Thumb Code     0  startup_stm32f407xx.o(.text)
    USART3_IRQHandler                        0x080001b7   Thumb Code     0  startup_stm32f407xx.o(.text)
    WWDG_IRQHandler                          0x080001b7   Thumb Code     0  startup_stm32f407xx.o(.text)
    __aeabi_uldivmod                         0x080001c1   Thumb Code    98  uldiv.o(.text)
    __aeabi_llsl                             0x08000223   Thumb Code    30  llshl.o(.text)
    _ll_shift_l                              0x08000223   Thumb Code     0  llshl.o(.text)
    __aeabi_lasr                             0x08000241   Thumb Code    36  llsshr.o(.text)
    _ll_sshift_r                             0x08000241   Thumb Code     0  llsshr.o(.text)
    __aeabi_memset                           0x08000265   Thumb Code    14  memseta.o(.text)
    __aeabi_memset4                          0x08000265   Thumb Code     0  memseta.o(.text)
    __aeabi_memset8                          0x08000265   Thumb Code     0  memseta.o(.text)
    __aeabi_memclr                           0x08000273   Thumb Code     4  memseta.o(.text)
    __aeabi_memclr4                          0x08000273   Thumb Code     0  memseta.o(.text)
    __aeabi_memclr8                          0x08000273   Thumb Code     0  memseta.o(.text)
    _memset$wrapper                          0x08000277   Thumb Code    18  memseta.o(.text)
    __aeabi_dadd                             0x08000289   Thumb Code   322  dadd.o(.text)
    __aeabi_dsub                             0x080003cb   Thumb Code     6  dadd.o(.text)
    __aeabi_drsub                            0x080003d1   Thumb Code     6  dadd.o(.text)
    __aeabi_dmul                             0x080003d7   Thumb Code   228  dmul.o(.text)
    __aeabi_ddiv                             0x080004bb   Thumb Code   222  ddiv.o(.text)
    __aeabi_ui2d                             0x08000599   Thumb Code    26  dfltui.o(.text)
    __aeabi_f2d                              0x080005b3   Thumb Code    38  f2d.o(.text)
    __aeabi_d2f                              0x080005d9   Thumb Code    56  d2f.o(.text)
    __aeabi_uidiv                            0x08000611   Thumb Code     0  uidiv.o(.text)
    __aeabi_uidivmod                         0x08000611   Thumb Code    44  uidiv.o(.text)
    __aeabi_llsr                             0x0800063d   Thumb Code    32  llushr.o(.text)
    _ll_ushift_r                             0x0800063d   Thumb Code     0  llushr.o(.text)
    __I$use$fp                               0x0800065d   Thumb Code     0  iusefp.o(.text)
    _float_round                             0x0800065d   Thumb Code    18  fepilogue.o(.text)
    _float_epilogue                          0x0800066f   Thumb Code    92  fepilogue.o(.text)
    _double_round                            0x080006cb   Thumb Code    30  depilogue.o(.text)
    _double_epilogue                         0x080006e9   Thumb Code   156  depilogue.o(.text)
    __aeabi_i2d                              0x08000785   Thumb Code    34  dflti.o(.text)
    __aeabi_d2ulz                            0x080007a7   Thumb Code    48  dfixul.o(.text)
    __aeabi_cdrcmple                         0x080007d9   Thumb Code    48  cdrcmple.o(.text)
    __scatterload                            0x08000809   Thumb Code    28  init.o(.text)
    __scatterload_rt2                        0x08000809   Thumb Code     0  init.o(.text)
    __aeabi_d2iz                             0x0800082d   Thumb Code    62  dfixi.o(.text)
    HardFault_Handler                        0x0800086d   Thumb Code     0  hardfaulthandler.o(OSKERNEL)
    BusFault_Handler                         0x0800087f   Thumb Code     2  stm32f4xx_it.o(i.BusFault_Handler)
    ComToUart                                0x08000881   Thumb Code    62  bsp_uart_fifo.o(i.ComToUart)
    DebugMon_Handler                         0x080008ed   Thumb Code     2  stm32f4xx_it.o(i.DebugMon_Handler)
    Error_Handler                            0x080008ef   Thumb Code     8  bsp.o(i.Error_Handler)
    HAL_EnableCompensationCell               0x080008f9   Thumb Code     8  stm32f4xx_hal.o(i.HAL_EnableCompensationCell)
    HAL_GPIO_Init                            0x08000905   Thumb Code   406  stm32f4xx_hal_gpio.o(i.HAL_GPIO_Init)
    HAL_GetTick                              0x08000ac9   Thumb Code     6  stm32f4xx_hal.o(i.HAL_GetTick)
    HAL_IncTick                              0x08000ad5   Thumb Code    12  stm32f4xx_hal.o(i.HAL_IncTick)
    HAL_Init                                 0x08000ae5   Thumb Code    48  stm32f4xx_hal.o(i.HAL_Init)
    HAL_InitTick                             0x08000b19   Thumb Code    58  stm32f4xx_hal.o(i.HAL_InitTick)
    HAL_MspInit                              0x08000b5d   Thumb Code     2  stm32f4xx_hal.o(i.HAL_MspInit)
    HAL_NVIC_EnableIRQ                       0x08000b5f   Thumb Code    26  stm32f4xx_hal_cortex.o(i.HAL_NVIC_EnableIRQ)
    HAL_NVIC_SetPriority                     0x08000b79   Thumb Code    60  stm32f4xx_hal_cortex.o(i.HAL_NVIC_SetPriority)
    HAL_NVIC_SetPriorityGrouping             0x08000bb9   Thumb Code    26  stm32f4xx_hal_cortex.o(i.HAL_NVIC_SetPriorityGrouping)
    HAL_RCC_ClockConfig                      0x08000bdd   Thumb Code   308  stm32f4xx_hal_rcc.o(i.HAL_RCC_ClockConfig)
    HAL_RCC_GetHCLKFreq                      0x08000d21   Thumb Code     6  stm32f4xx_hal_rcc.o(i.HAL_RCC_GetHCLKFreq)
    HAL_RCC_GetPCLK1Freq                     0x08000d2d   Thumb Code    22  stm32f4xx_hal_rcc.o(i.HAL_RCC_GetPCLK1Freq)
    HAL_RCC_GetPCLK2Freq                     0x08000d4d   Thumb Code    22  stm32f4xx_hal_rcc.o(i.HAL_RCC_GetPCLK2Freq)
    HAL_RCC_GetSysClockFreq                  0x08000d6d   Thumb Code    94  stm32f4xx_hal_rcc.o(i.HAL_RCC_GetSysClockFreq)
    HAL_RCC_OscConfig                        0x08000dd9   Thumb Code   896  stm32f4xx_hal_rcc.o(i.HAL_RCC_OscConfig)
    HAL_SYSTICK_Config                       0x08001169   Thumb Code    40  stm32f4xx_hal_cortex.o(i.HAL_SYSTICK_Config)
    HAL_TIM_Base_Init                        0x08001191   Thumb Code    56  stm32f4xx_hal_tim.o(i.HAL_TIM_Base_Init)
    HAL_TIM_Base_MspInit                     0x080011c9   Thumb Code     2  stm32f4xx_hal_tim.o(i.HAL_TIM_Base_MspInit)
    HAL_TIM_Base_Start                       0x080011cb   Thumb Code    36  stm32f4xx_hal_tim.o(i.HAL_TIM_Base_Start)
    HAL_UART_Init                            0x080011ef   Thumb Code   100  stm32f4xx_hal_uart.o(i.HAL_UART_Init)
    HAL_UART_MspInit                         0x08001253   Thumb Code     2  stm32f4xx_hal_uart.o(i.HAL_UART_MspInit)
    HardFaultHandler                         0x08001255   Thumb Code   168  segger_hardfaulthandler.o(i.HardFaultHandler)
    MemManage_Handler                        0x08001539   Thumb Code     2  stm32f4xx_it.o(i.MemManage_Handler)
    NMI_Handler                              0x0800153b   Thumb Code     2  stm32f4xx_it.o(i.NMI_Handler)
    PendSV_Handler                           0x0800153d   Thumb Code     2  stm32f4xx_it.o(i.PendSV_Handler)
    RS485_InitTXE                            0x08001881   Thumb Code    50  bsp_uart_fifo.o(i.RS485_InitTXE)
    SVC_Handler                              0x080018bd   Thumb Code     2  stm32f4xx_it.o(i.SVC_Handler)
    SysTick_Handler                          0x080018c1   Thumb Code    24  bsp_timer.o(i.SysTick_Handler)
    SysTick_ISR                              0x080018dd   Thumb Code    94  bsp_timer.o(i.SysTick_ISR)
    SystemInit                               0x08001a11   Thumb Code    66  system_stm32f4xx.o(i.SystemInit)
    TIM2_IRQHandler                          0x08001a65   Thumb Code   148  bsp_timer.o(i.TIM2_IRQHandler)
    TIM_Base_SetConfig                       0x08001afd   Thumb Code   160  stm32f4xx_hal_tim.o(i.TIM_Base_SetConfig)
    USART1_IRQHandler                        0x08001edd   Thumb Code     6  bsp_uart_fifo.o(i.USART1_IRQHandler)
    USART6_IRQHandler                        0x08001ee9   Thumb Code     6  bsp_uart_fifo.o(i.USART6_IRQHandler)
    UsageFault_Handler                       0x080020b1   Thumb Code     2  stm32f4xx_it.o(i.UsageFault_Handler)
    __0printf                                0x080020b5   Thumb Code    22  printfa.o(i.__0printf)
    __1printf                                0x080020b5   Thumb Code     0  printfa.o(i.__0printf)
    __2printf                                0x080020b5   Thumb Code     0  printfa.o(i.__0printf)
    __c89printf                              0x080020b5   Thumb Code     0  printfa.o(i.__0printf)
    printf                                   0x080020b5   Thumb Code     0  printfa.o(i.__0printf)
    __ARM_fpclassify                         0x080020d5   Thumb Code    48  fpclassify.o(i.__ARM_fpclassify)
    __hardfp_cos                             0x08002129   Thumb Code   180  cos.o(i.__hardfp_cos)
    __ieee754_rem_pio2                       0x080021f1   Thumb Code   938  rred.o(i.__ieee754_rem_pio2)
    __kernel_cos                             0x08002629   Thumb Code   322  cos_i.o(i.__kernel_cos)
    __kernel_poly                            0x08002799   Thumb Code   248  poly.o(i.__kernel_poly)
    __kernel_sin                             0x08002891   Thumb Code   280  sin_i.o(i.__kernel_sin)
    __mathlib_dbl_infnan                     0x080029c1   Thumb Code    20  dunder.o(i.__mathlib_dbl_infnan)
    __mathlib_dbl_invalid                    0x080029d9   Thumb Code    24  dunder.o(i.__mathlib_dbl_invalid)
    __mathlib_dbl_underflow                  0x080029f9   Thumb Code    24  dunder.o(i.__mathlib_dbl_underflow)
    __scatterload_copy                       0x08002a19   Thumb Code    14  handlers.o(i.__scatterload_copy)
    __scatterload_null                       0x08002a27   Thumb Code     2  handlers.o(i.__scatterload_null)
    __scatterload_zeroinit                   0x08002a29   Thumb Code    14  handlers.o(i.__scatterload_zeroinit)
    __set_errno                              0x08002a39   Thumb Code     6  errno.o(i.__set_errno)
    arm_bitreversal_32                       0x080032f7   Thumb Code    64  transformfunctions.o(i.arm_bitreversal_32)
    arm_bitreversal_64                       0x08003337   Thumb Code   108  transformfunctions.o(i.arm_bitreversal_64)
    arm_cfft_f32                             0x080033a3   Thumb Code   212  transformfunctions.o(i.arm_cfft_f32)
    arm_cfft_f64                             0x08003479   Thumb Code   252  transformfunctions.o(i.arm_cfft_f64)
    arm_cfft_init_f32                        0x0800357d   Thumb Code   210  transformfunctions.o(i.arm_cfft_init_f32)
    arm_cfft_radix4by2_f64                   0x08003675   Thumb Code   330  transformfunctions.o(i.arm_cfft_radix4by2_f64)
    arm_cfft_radix8by2_f32                   0x080037bf   Thumb Code   456  transformfunctions.o(i.arm_cfft_radix8by2_f32)
    arm_cfft_radix8by4_f32                   0x08003987   Thumb Code  1174  transformfunctions.o(i.arm_cfft_radix8by4_f32)
    arm_radix4_butterfly_f64                 0x08003e1d   Thumb Code   844  transformfunctions.o(i.arm_radix4_butterfly_f64)
    arm_radix8_butterfly_f32                 0x08004169   Thumb Code  1478  transformfunctions.o(i.arm_radix8_butterfly_f32)
    arm_rfft_fast_f32                        0x08004cb1   Thumb Code    66  transformfunctions.o(i.arm_rfft_fast_f32)
    arm_rfft_fast_f64                        0x08004cf3   Thumb Code    74  transformfunctions.o(i.arm_rfft_fast_f64)
    arm_rfft_fast_init_f32                   0x08004d3d   Thumb Code    90  transformfunctions.o(i.arm_rfft_fast_init_f32)
    arm_rfft_fast_init_f64                   0x08004db9   Thumb Code    90  transformfunctions.o(i.arm_rfft_fast_init_f64)
    bsp_CheckTimer                           0x08004e35   Thumb Code    36  bsp_timer.o(i.bsp_CheckTimer)
    bsp_GetKey                               0x08004f11   Thumb Code    32  bsp_key.o(i.bsp_GetKey)
    bsp_Idle                                 0x08004f35   Thumb Code     2  bsp.o(i.bsp_Idle)
    bsp_Init                                 0x08004f37   Thumb Code    30  bsp.o(i.bsp_Init)
    bsp_InitHardTimer                        0x08004f55   Thumb Code   114  bsp_timer.o(i.bsp_InitHardTimer)
    bsp_InitKey                              0x08004ff5   Thumb Code    14  bsp_key.o(i.bsp_InitKey)
    bsp_InitLed                              0x080050fd   Thumb Code   144  bsp_led.o(i.bsp_InitLed)
    bsp_InitTimer                            0x0800519d   Thumb Code    84  bsp_timer.o(i.bsp_InitTimer)
    bsp_InitUart                             0x08005201   Thumb Code    18  bsp_uart_fifo.o(i.bsp_InitUart)
    bsp_KeyScan10ms                          0x08005213   Thumb Code    20  bsp_key.o(i.bsp_KeyScan10ms)
    bsp_LedOff                               0x08005229   Thumb Code    54  bsp_led.o(i.bsp_LedOff)
    bsp_LedToggle                            0x0800526d   Thumb Code    62  bsp_led.o(i.bsp_LedToggle)
    bsp_PutKey                               0x080052b9   Thumb Code    24  bsp_key.o(i.bsp_PutKey)
    bsp_RunPer10ms                           0x080052d5   Thumb Code     4  bsp.o(i.bsp_RunPer10ms)
    bsp_RunPer1ms                            0x080052d9   Thumb Code     2  bsp.o(i.bsp_RunPer1ms)
    bsp_SetKeyParam                          0x080052dd   Thumb Code    16  bsp_key.o(i.bsp_SetKeyParam)
    bsp_SetUartParam                         0x080052f1   Thumb Code    46  bsp_uart_fifo.o(i.bsp_SetUartParam)
    bsp_StartAutoTimer                       0x08005365   Thumb Code    54  bsp_timer.o(i.bsp_StartAutoTimer)
    comSendBuf                               0x080053e5   Thumb Code    38  bsp_uart_fifo.o(i.comSendBuf)
    comSendChar                              0x0800540b   Thumb Code    12  bsp_uart_fifo.o(i.comSendChar)
    fabs                                     0x08005417   Thumb Code    24  fabs.o(i.fabs)
    fputc                                    0x0800542f   Thumb Code    16  bsp_uart_fifo.o(i.fputc)
    main                                     0x0800543f   Thumb Code    66  main.o(i.main)
    merge_rfft_f32                           0x08005481   Thumb Code   154  transformfunctions.o(i.merge_rfft_f32)
    merge_rfft_f64                           0x0800551d   Thumb Code   334  transformfunctions.o(i.merge_rfft_f64)
    stage_rfft_f32                           0x08005675   Thumb Code   162  transformfunctions.o(i.stage_rfft_f32)
    stage_rfft_f64                           0x08005719   Thumb Code   364  transformfunctions.o(i.stage_rfft_f64)
    AHBPrescTable                            0x080058fc   Data          16  system_stm32f4xx.o(.constdata)
    APBPrescTable                            0x0800590c   Data           8  system_stm32f4xx.o(.constdata)
    twiddleCoefF64_16                        0x08005918   Data         256  commontables.o(.constdata)
    twiddleCoefF64_32                        0x08005a18   Data         512  commontables.o(.constdata)
    twiddleCoefF64_64                        0x08005c18   Data        1024  commontables.o(.constdata)
    twiddleCoefF64_128                       0x08006018   Data        2048  commontables.o(.constdata)
    twiddleCoefF64_256                       0x08006818   Data        4096  commontables.o(.constdata)
    twiddleCoefF64_512                       0x08007818   Data        8192  commontables.o(.constdata)
    twiddleCoefF64_1024                      0x08009818   Data       16384  commontables.o(.constdata)
    twiddleCoefF64_2048                      0x0800d818   Data       32768  commontables.o(.constdata)
    twiddleCoef_16                           0x08015818   Data         128  commontables.o(.constdata)
    twiddleCoef_32                           0x08015898   Data         256  commontables.o(.constdata)
    twiddleCoef_64                           0x08015998   Data         512  commontables.o(.constdata)
    twiddleCoef_128                          0x08015b98   Data        1024  commontables.o(.constdata)
    twiddleCoef_256                          0x08015f98   Data        2048  commontables.o(.constdata)
    twiddleCoef_512                          0x08016798   Data        4096  commontables.o(.constdata)
    twiddleCoef_1024                         0x08017798   Data        8192  commontables.o(.constdata)
    twiddleCoef_2048                         0x08019798   Data       16384  commontables.o(.constdata)
    twiddleCoef_4096                         0x0801d798   Data       32768  commontables.o(.constdata)
    armBitRevIndexTableF64_16                0x08025798   Data          24  commontables.o(.constdata)
    armBitRevIndexTableF64_32                0x080257b0   Data          48  commontables.o(.constdata)
    armBitRevIndexTableF64_64                0x080257e0   Data         112  commontables.o(.constdata)
    armBitRevIndexTableF64_128               0x08025850   Data         224  commontables.o(.constdata)
    armBitRevIndexTableF64_256               0x08025930   Data         480  commontables.o(.constdata)
    armBitRevIndexTableF64_512               0x08025b10   Data         960  commontables.o(.constdata)
    armBitRevIndexTableF64_1024              0x08025ed0   Data        1984  commontables.o(.constdata)
    armBitRevIndexTableF64_2048              0x08026690   Data        3968  commontables.o(.constdata)
    armBitRevIndexTable16                    0x08027610   Data          40  commontables.o(.constdata)
    armBitRevIndexTable32                    0x08027638   Data          96  commontables.o(.constdata)
    armBitRevIndexTable64                    0x08027698   Data         112  commontables.o(.constdata)
    armBitRevIndexTable128                   0x08027708   Data         416  commontables.o(.constdata)
    armBitRevIndexTable256                   0x080278a8   Data         880  commontables.o(.constdata)
    armBitRevIndexTable512                   0x08027c18   Data         896  commontables.o(.constdata)
    armBitRevIndexTable1024                  0x08027f98   Data        3600  commontables.o(.constdata)
    armBitRevIndexTable2048                  0x08028da8   Data        7616  commontables.o(.constdata)
    armBitRevIndexTable4096                  0x0802ab68   Data        8064  commontables.o(.constdata)
    twiddleCoefF64_rfft_32                   0x0802cae8   Data         256  commontables.o(.constdata)
    twiddleCoefF64_rfft_64                   0x0802cbe8   Data         512  commontables.o(.constdata)
    twiddleCoefF64_rfft_128                  0x0802cde8   Data        1024  commontables.o(.constdata)
    twiddleCoefF64_rfft_256                  0x0802d1e8   Data        2048  commontables.o(.constdata)
    twiddleCoefF64_rfft_512                  0x0802d9e8   Data        4096  commontables.o(.constdata)
    twiddleCoefF64_rfft_1024                 0x0802e9e8   Data        8192  commontables.o(.constdata)
    twiddleCoefF64_rfft_2048                 0x080309e8   Data       16384  commontables.o(.constdata)
    twiddleCoefF64_rfft_4096                 0x080349e8   Data       32768  commontables.o(.constdata)
    twiddleCoef_rfft_32                      0x0803c9e8   Data         128  commontables.o(.constdata)
    twiddleCoef_rfft_64                      0x0803ca68   Data         256  commontables.o(.constdata)
    twiddleCoef_rfft_128                     0x0803cb68   Data         512  commontables.o(.constdata)
    twiddleCoef_rfft_256                     0x0803cd68   Data        1024  commontables.o(.constdata)
    twiddleCoef_rfft_512                     0x0803d168   Data        2048  commontables.o(.constdata)
    twiddleCoef_rfft_1024                    0x0803d968   Data        4096  commontables.o(.constdata)
    twiddleCoef_rfft_2048                    0x0803e968   Data        8192  commontables.o(.constdata)
    twiddleCoef_rfft_4096                    0x08040968   Data       16384  commontables.o(.constdata)
    arm_cfft_sR_f32_len16                    0x08044968   Data          16  commontables.o(.constdata)
    arm_cfft_sR_f32_len32                    0x08044978   Data          16  commontables.o(.constdata)
    arm_cfft_sR_f32_len64                    0x08044988   Data          16  commontables.o(.constdata)
    arm_cfft_sR_f32_len128                   0x08044998   Data          16  commontables.o(.constdata)
    arm_cfft_sR_f32_len256                   0x080449a8   Data          16  commontables.o(.constdata)
    arm_cfft_sR_f32_len512                   0x080449b8   Data          16  commontables.o(.constdata)
    arm_cfft_sR_f32_len1024                  0x080449c8   Data          16  commontables.o(.constdata)
    arm_cfft_sR_f32_len2048                  0x080449d8   Data          16  commontables.o(.constdata)
    arm_cfft_sR_f32_len4096                  0x080449e8   Data          16  commontables.o(.constdata)
    Region$$Table$$Base                      0x08044b18   Number         0  anon$$obj.o(Region$$Table)
    Region$$Table$$Limit                     0x08044b38   Number         0  anon$$obj.o(Region$$Table)
    ifftFlag                                 0x20000000   Data           4  main.o(.data)
    g_iRunTime                               0x2000000c   Data           4  bsp_timer.o(.data)
    uwTickFreq                               0x20000020   Data           1  stm32f4xx_hal.o(.data)
    uwTickPrio                               0x20000024   Data           4  stm32f4xx_hal.o(.data)
    uwTick                                   0x20000028   Data           4  stm32f4xx_hal.o(.data)
    SystemCoreClock                          0x2000002c   Data           4  system_stm32f4xx.o(.data)
    __stdout                                 0x20000034   Data           4  stdout.o(.data)
    __initial_sp                             0x200141b8   Data           0  startup_stm32f407xx.o(STACK)



==============================================================================

Memory Map of the image

  Image Entry point : 0x08000189

  Load Region LR_IROM1 (Base: 0x08000000, Size: 0x00044b74, Max: 0x00100000, ABSOLUTE)

    Execution Region ER_IROM1 (Exec base: 0x08000000, Load base: 0x08000000, Size: 0x00044b38, Max: 0x00100000, ABSOLUTE)

    Exec Addr    Load Addr    Size         Type   Attr      Idx    E Section Name        Object

    0x08000000   0x08000000   0x00000188   Data   RO         1166    RESET               startup_stm32f407xx.o
    0x08000188   0x08000188   0x00000000   Code   RO         7224  * .ARM.Collect$$$$00000000  mc_w.l(entry.o)
    0x08000188   0x08000188   0x00000004   Code   RO         7575    .ARM.Collect$$$$00000001  mc_w.l(entry2.o)
    0x0800018c   0x0800018c   0x00000004   Code   RO         7578    .ARM.Collect$$$$00000004  mc_w.l(entry5.o)
    0x08000190   0x08000190   0x00000000   Code   RO         7580    .ARM.Collect$$$$00000008  mc_w.l(entry7b.o)
    0x08000190   0x08000190   0x00000000   Code   RO         7582    .ARM.Collect$$$$0000000A  mc_w.l(entry8b.o)
    0x08000190   0x08000190   0x00000008   Code   RO         7583    .ARM.Collect$$$$0000000B  mc_w.l(entry9a.o)
    0x08000198   0x08000198   0x00000000   Code   RO         7585    .ARM.Collect$$$$0000000D  mc_w.l(entry10a.o)
    0x08000198   0x08000198   0x00000000   Code   RO         7587    .ARM.Collect$$$$0000000F  mc_w.l(entry11a.o)
    0x08000198   0x08000198   0x00000004   Code   RO         7576    .ARM.Collect$$$$00002712  mc_w.l(entry2.o)
    0x0800019c   0x0800019c   0x00000024   Code   RO         1167    .text               startup_stm32f407xx.o
    0x080001c0   0x080001c0   0x00000062   Code   RO         7227    .text               mc_w.l(uldiv.o)
    0x08000222   0x08000222   0x0000001e   Code   RO         7231    .text               mc_w.l(llshl.o)
    0x08000240   0x08000240   0x00000024   Code   RO         7233    .text               mc_w.l(llsshr.o)
    0x08000264   0x08000264   0x00000024   Code   RO         7237    .text               mc_w.l(memseta.o)
    0x08000288   0x08000288   0x0000014e   Code   RO         7510    .text               mf_w.l(dadd.o)
    0x080003d6   0x080003d6   0x000000e4   Code   RO         7512    .text               mf_w.l(dmul.o)
    0x080004ba   0x080004ba   0x000000de   Code   RO         7514    .text               mf_w.l(ddiv.o)
    0x08000598   0x08000598   0x0000001a   Code   RO         7518    .text               mf_w.l(dfltui.o)
    0x080005b2   0x080005b2   0x00000026   Code   RO         7522    .text               mf_w.l(f2d.o)
    0x080005d8   0x080005d8   0x00000038   Code   RO         7526    .text               mf_w.l(d2f.o)
    0x08000610   0x08000610   0x0000002c   Code   RO         7590    .text               mc_w.l(uidiv.o)
    0x0800063c   0x0800063c   0x00000020   Code   RO         7592    .text               mc_w.l(llushr.o)
    0x0800065c   0x0800065c   0x00000000   Code   RO         7601    .text               mc_w.l(iusefp.o)
    0x0800065c   0x0800065c   0x0000006e   Code   RO         7602    .text               mf_w.l(fepilogue.o)
    0x080006ca   0x080006ca   0x000000ba   Code   RO         7604    .text               mf_w.l(depilogue.o)
    0x08000784   0x08000784   0x00000022   Code   RO         7606    .text               mf_w.l(dflti.o)
    0x080007a6   0x080007a6   0x00000030   Code   RO         7608    .text               mf_w.l(dfixul.o)
    0x080007d6   0x080007d6   0x00000002   PAD
    0x080007d8   0x080007d8   0x00000030   Code   RO         7610    .text               mf_w.l(cdrcmple.o)
    0x08000808   0x08000808   0x00000024   Code   RO         7622    .text               mc_w.l(init.o)
    0x0800082c   0x0800082c   0x0000003e   Code   RO         7624    .text               mf_w.l(dfixi.o)
    0x0800086a   0x0800086a   0x00000002   PAD
    0x0800086c   0x0800086c   0x00000012   Code   RO         3294    OSKERNEL            hardfaulthandler.o
    0x0800087e   0x0800087e   0x00000002   Code   RO          820    i.BusFault_Handler  stm32f4xx_it.o
    0x08000880   0x08000880   0x0000006c   Code   RO          644    i.ComToUart         bsp_uart_fifo.o
    0x080008ec   0x080008ec   0x00000002   Code   RO          821    i.DebugMon_Handler  stm32f4xx_it.o
    0x080008ee   0x080008ee   0x00000008   Code   RO          318    i.Error_Handler     bsp.o
    0x080008f6   0x080008f6   0x00000002   PAD
    0x080008f8   0x080008f8   0x0000000c   Code   RO         1183    i.HAL_EnableCompensationCell  stm32f4xx_hal.o
    0x08000904   0x08000904   0x000001c4   Code   RO         1613    i.HAL_GPIO_Init     stm32f4xx_hal_gpio.o
    0x08000ac8   0x08000ac8   0x0000000c   Code   RO         1187    i.HAL_GetTick       stm32f4xx_hal.o
    0x08000ad4   0x08000ad4   0x00000010   Code   RO         1193    i.HAL_IncTick       stm32f4xx_hal.o
    0x08000ae4   0x08000ae4   0x00000034   Code   RO         1194    i.HAL_Init          stm32f4xx_hal.o
    0x08000b18   0x08000b18   0x00000044   Code   RO         1195    i.HAL_InitTick      stm32f4xx_hal.o
    0x08000b5c   0x08000b5c   0x00000002   Code   RO         1197    i.HAL_MspInit       stm32f4xx_hal.o
    0x08000b5e   0x08000b5e   0x0000001a   Code   RO         1362    i.HAL_NVIC_EnableIRQ  stm32f4xx_hal_cortex.o
    0x08000b78   0x08000b78   0x00000040   Code   RO         1368    i.HAL_NVIC_SetPriority  stm32f4xx_hal_cortex.o
    0x08000bb8   0x08000bb8   0x00000024   Code   RO         1369    i.HAL_NVIC_SetPriorityGrouping  stm32f4xx_hal_cortex.o
    0x08000bdc   0x08000bdc   0x00000144   Code   RO         1677    i.HAL_RCC_ClockConfig  stm32f4xx_hal_rcc.o
    0x08000d20   0x08000d20   0x0000000c   Code   RO         1682    i.HAL_RCC_GetHCLKFreq  stm32f4xx_hal_rcc.o
    0x08000d2c   0x08000d2c   0x00000020   Code   RO         1684    i.HAL_RCC_GetPCLK1Freq  stm32f4xx_hal_rcc.o
    0x08000d4c   0x08000d4c   0x00000020   Code   RO         1685    i.HAL_RCC_GetPCLK2Freq  stm32f4xx_hal_rcc.o
    0x08000d6c   0x08000d6c   0x0000006c   Code   RO         1686    i.HAL_RCC_GetSysClockFreq  stm32f4xx_hal_rcc.o
    0x08000dd8   0x08000dd8   0x00000390   Code   RO         1689    i.HAL_RCC_OscConfig  stm32f4xx_hal_rcc.o
    0x08001168   0x08001168   0x00000028   Code   RO         1373    i.HAL_SYSTICK_Config  stm32f4xx_hal_cortex.o
    0x08001190   0x08001190   0x00000038   Code   RO         1780    i.HAL_TIM_Base_Init  stm32f4xx_hal_tim.o
    0x080011c8   0x080011c8   0x00000002   Code   RO         1782    i.HAL_TIM_Base_MspInit  stm32f4xx_hal_tim.o
    0x080011ca   0x080011ca   0x00000024   Code   RO         1783    i.HAL_TIM_Base_Start  stm32f4xx_hal_tim.o
    0x080011ee   0x080011ee   0x00000064   Code   RO         2491    i.HAL_UART_Init     stm32f4xx_hal_uart.o
    0x08001252   0x08001252   0x00000002   Code   RO         2493    i.HAL_UART_MspInit  stm32f4xx_hal_uart.o
    0x08001254   0x08001254   0x000000e4   Code   RO         3300    i.HardFaultHandler  segger_hardfaulthandler.o
    0x08001338   0x08001338   0x0000015c   Code   RO          645    i.InitHardUart      bsp_uart_fifo.o
    0x08001494   0x08001494   0x00000076   Code   RO          371    i.IsKeyDownFunc     bsp_key.o
    0x0800150a   0x0800150a   0x00000002   PAD
    0x0800150c   0x0800150c   0x0000002c   Code   RO          372    i.KeyPinActive      bsp_key.o
    0x08001538   0x08001538   0x00000002   Code   RO          822    i.MemManage_Handler  stm32f4xx_it.o
    0x0800153a   0x0800153a   0x00000002   Code   RO          823    i.NMI_Handler       stm32f4xx_it.o
    0x0800153c   0x0800153c   0x00000002   Code   RO          824    i.PendSV_Handler    stm32f4xx_it.o
    0x0800153e   0x0800153e   0x00000002   PAD
    0x08001540   0x08001540   0x000000c0   Code   RO            4    i.PrintfHelp        main.o
    0x08001600   0x08001600   0x00000280   Code   RO            5    i.PrintfLogo        main.o
    0x08001880   0x08001880   0x0000003c   Code   RO          646    i.RS485_InitTXE     bsp_uart_fifo.o
    0x080018bc   0x080018bc   0x00000002   Code   RO          825    i.SVC_Handler       stm32f4xx_it.o
    0x080018be   0x080018be   0x00000002   PAD
    0x080018c0   0x080018c0   0x0000001c   Code   RO          524    i.SysTick_Handler   bsp_timer.o
    0x080018dc   0x080018dc   0x00000068   Code   RO          525    i.SysTick_ISR       bsp_timer.o
    0x08001944   0x08001944   0x000000cc   Code   RO          319    i.SystemClock_Config  bsp.o
    0x08001a10   0x08001a10   0x00000054   Code   RO         3260    i.SystemInit        system_stm32f4xx.o
    0x08001a64   0x08001a64   0x00000098   Code   RO          526    i.TIM2_IRQHandler   bsp_timer.o
    0x08001afc   0x08001afc   0x000000cc   Code   RO         1868    i.TIM_Base_SetConfig  stm32f4xx_hal_tim.o
    0x08001bc8   0x08001bc8   0x00000314   Code   RO         2518    i.UART_SetConfig    stm32f4xx_hal_uart.o
    0x08001edc   0x08001edc   0x0000000c   Code   RO          653    i.USART1_IRQHandler  bsp_uart_fifo.o
    0x08001ee8   0x08001ee8   0x0000000c   Code   RO          654    i.USART6_IRQHandler  bsp_uart_fifo.o
    0x08001ef4   0x08001ef4   0x000000d0   Code   RO          656    i.UartIRQ           bsp_uart_fifo.o
    0x08001fc4   0x08001fc4   0x0000007c   Code   RO          657    i.UartSend          bsp_uart_fifo.o
    0x08002040   0x08002040   0x00000070   Code   RO          659    i.UartVarInit       bsp_uart_fifo.o
    0x080020b0   0x080020b0   0x00000002   Code   RO          826    i.UsageFault_Handler  stm32f4xx_it.o
    0x080020b2   0x080020b2   0x00000002   PAD
    0x080020b4   0x080020b4   0x00000020   Code   RO         7482    i.__0printf         mc_w.l(printfa.o)
    0x080020d4   0x080020d4   0x00000030   Code   RO         7620    i.__ARM_fpclassify  m_wm.l(fpclassify.o)
    0x08002104   0x08002104   0x00000020   Code   RO         1375    i.__NVIC_SetPriority  stm32f4xx_hal_cortex.o
    0x08002124   0x08002124   0x00000004   PAD
    0x08002128   0x08002128   0x000000c8   Code   RO         7170    i.__hardfp_cos      m_wm.l(cos.o)
    0x080021f0   0x080021f0   0x00000438   Code   RO         7564    i.__ieee754_rem_pio2  m_wm.l(rred.o)
    0x08002628   0x08002628   0x00000170   Code   RO         7528    i.__kernel_cos      m_wm.l(cos_i.o)
    0x08002798   0x08002798   0x000000f8   Code   RO         7561    i.__kernel_poly     m_wm.l(poly.o)
    0x08002890   0x08002890   0x00000130   Code   RO         7569    i.__kernel_sin      m_wm.l(sin_i.o)
    0x080029c0   0x080029c0   0x00000014   Code   RO         7532    i.__mathlib_dbl_infnan  m_wm.l(dunder.o)
    0x080029d4   0x080029d4   0x00000004   PAD
    0x080029d8   0x080029d8   0x00000020   Code   RO         7534    i.__mathlib_dbl_invalid  m_wm.l(dunder.o)
    0x080029f8   0x080029f8   0x00000020   Code   RO         7537    i.__mathlib_dbl_underflow  m_wm.l(dunder.o)
    0x08002a18   0x08002a18   0x0000000e   Code   RO         7628    i.__scatterload_copy  mc_w.l(handlers.o)
    0x08002a26   0x08002a26   0x00000002   Code   RO         7629    i.__scatterload_null  mc_w.l(handlers.o)
    0x08002a28   0x08002a28   0x0000000e   Code   RO         7630    i.__scatterload_zeroinit  mc_w.l(handlers.o)
    0x08002a36   0x08002a36   0x00000002   PAD
    0x08002a38   0x08002a38   0x0000000c   Code   RO         7596    i.__set_errno       mc_w.l(errno.o)
    0x08002a44   0x08002a44   0x00000184   Code   RO         7489    i._fp_digits        mc_w.l(printfa.o)
    0x08002bc8   0x08002bc8   0x000006dc   Code   RO         7490    i._printf_core      mc_w.l(printfa.o)
    0x080032a4   0x080032a4   0x00000024   Code   RO         7491    i._printf_post_padding  mc_w.l(printfa.o)
    0x080032c8   0x080032c8   0x0000002e   Code   RO         7492    i._printf_pre_padding  mc_w.l(printfa.o)
    0x080032f6   0x080032f6   0x00000040   Code   RO         6501    i.arm_bitreversal_32  transformfunctions.o
    0x08003336   0x08003336   0x0000006c   Code   RO         6502    i.arm_bitreversal_64  transformfunctions.o
    0x080033a2   0x080033a2   0x000000d4   Code   RO         6506    i.arm_cfft_f32      transformfunctions.o
    0x08003476   0x08003476   0x00000002   PAD
    0x08003478   0x08003478   0x00000104   Code   RO         6507    i.arm_cfft_f64      transformfunctions.o
    0x0800357c   0x0800357c   0x000000f8   Code   RO         6508    i.arm_cfft_init_f32  transformfunctions.o
    0x08003674   0x08003674   0x0000014a   Code   RO         6526    i.arm_cfft_radix4by2_f64  transformfunctions.o
    0x080037be   0x080037be   0x000001c8   Code   RO         6531    i.arm_cfft_radix8by2_f32  transformfunctions.o
    0x08003986   0x08003986   0x00000496   Code   RO         6532    i.arm_cfft_radix8by4_f32  transformfunctions.o
    0x08003e1c   0x08003e1c   0x0000034c   Code   RO         6546    i.arm_radix4_butterfly_f64  transformfunctions.o
    0x08004168   0x08004168   0x000005c6   Code   RO         6552    i.arm_radix8_butterfly_f32  transformfunctions.o
    0x0800472e   0x0800472e   0x00000002   PAD
    0x08004730   0x08004730   0x00000030   Code   RO         6553    i.arm_rfft_1024_fast_init_f32  transformfunctions.o
    0x08004760   0x08004760   0x00000038   Code   RO         6554    i.arm_rfft_1024_fast_init_f64  transformfunctions.o
    0x08004798   0x08004798   0x0000002c   Code   RO         6555    i.arm_rfft_128_fast_init_f32  transformfunctions.o
    0x080047c4   0x080047c4   0x00000034   Code   RO         6556    i.arm_rfft_128_fast_init_f64  transformfunctions.o
    0x080047f8   0x080047f8   0x00000030   Code   RO         6557    i.arm_rfft_2048_fast_init_f32  transformfunctions.o
    0x08004828   0x08004828   0x00000038   Code   RO         6558    i.arm_rfft_2048_fast_init_f64  transformfunctions.o
    0x08004860   0x08004860   0x0000002c   Code   RO         6559    i.arm_rfft_256_fast_init_f32  transformfunctions.o
    0x0800488c   0x0800488c   0x00000034   Code   RO         6560    i.arm_rfft_256_fast_init_f64  transformfunctions.o
    0x080048c0   0x080048c0   0x0000002c   Code   RO         6561    i.arm_rfft_32_fast_init_f32  transformfunctions.o
    0x080048ec   0x080048ec   0x00000034   Code   RO         6562    i.arm_rfft_32_fast_init_f64  transformfunctions.o
    0x08004920   0x08004920   0x00000030   Code   RO         6563    i.arm_rfft_4096_fast_init_f32  transformfunctions.o
    0x08004950   0x08004950   0x00000038   Code   RO         6564    i.arm_rfft_4096_fast_init_f64  transformfunctions.o
    0x08004988   0x08004988   0x00000030   Code   RO         6565    i.arm_rfft_512_fast_init_f32  transformfunctions.o
    0x080049b8   0x080049b8   0x00000034   Code   RO         6566    i.arm_rfft_512_fast_init_f64  transformfunctions.o
    0x080049ec   0x080049ec   0x0000002c   Code   RO         6567    i.arm_rfft_64_fast_init_f32  transformfunctions.o
    0x08004a18   0x08004a18   0x00000034   Code   RO         6568    i.arm_rfft_64_fast_init_f64  transformfunctions.o
    0x08004a4c   0x08004a4c   0x00000130   Code   RO            6    i.arm_rfft_f32_app  main.o
    0x08004b7c   0x08004b7c   0x00000134   Code   RO            7    i.arm_rfft_f64_app  main.o
    0x08004cb0   0x08004cb0   0x00000042   Code   RO         6570    i.arm_rfft_fast_f32  transformfunctions.o
    0x08004cf2   0x08004cf2   0x0000004a   Code   RO         6571    i.arm_rfft_fast_f64  transformfunctions.o
    0x08004d3c   0x08004d3c   0x0000007c   Code   RO         6572    i.arm_rfft_fast_init_f32  transformfunctions.o
    0x08004db8   0x08004db8   0x0000007c   Code   RO         6573    i.arm_rfft_fast_init_f64  transformfunctions.o
    0x08004e34   0x08004e34   0x00000028   Code   RO          528    i.bsp_CheckTimer    bsp_timer.o
    0x08004e5c   0x08004e5c   0x000000b4   Code   RO          375    i.bsp_DetectKey     bsp_key.o
    0x08004f10   0x08004f10   0x00000024   Code   RO          376    i.bsp_GetKey        bsp_key.o
    0x08004f34   0x08004f34   0x00000002   Code   RO          320    i.bsp_Idle          bsp.o
    0x08004f36   0x08004f36   0x0000001e   Code   RO          321    i.bsp_Init          bsp.o
    0x08004f54   0x08004f54   0x000000a0   Code   RO          532    i.bsp_InitHardTimer  bsp_timer.o
    0x08004ff4   0x08004ff4   0x0000000e   Code   RO          379    i.bsp_InitKey       bsp_key.o
    0x08005002   0x08005002   0x00000002   PAD
    0x08005004   0x08005004   0x0000009c   Code   RO          380    i.bsp_InitKeyHard   bsp_key.o
    0x080050a0   0x080050a0   0x0000005c   Code   RO          381    i.bsp_InitKeyVar    bsp_key.o
    0x080050fc   0x080050fc   0x000000a0   Code   RO          476    i.bsp_InitLed       bsp_led.o
    0x0800519c   0x0800519c   0x00000064   Code   RO          533    i.bsp_InitTimer     bsp_timer.o
    0x08005200   0x08005200   0x00000012   Code   RO          660    i.bsp_InitUart      bsp_uart_fifo.o
    0x08005212   0x08005212   0x00000014   Code   RO          382    i.bsp_KeyScan10ms   bsp_key.o
    0x08005226   0x08005226   0x00000002   PAD
    0x08005228   0x08005228   0x00000044   Code   RO          478    i.bsp_LedOff        bsp_led.o
    0x0800526c   0x0800526c   0x0000004c   Code   RO          480    i.bsp_LedToggle     bsp_led.o
    0x080052b8   0x080052b8   0x0000001c   Code   RO          384    i.bsp_PutKey        bsp_key.o
    0x080052d4   0x080052d4   0x00000004   Code   RO          322    i.bsp_RunPer10ms    bsp.o
    0x080052d8   0x080052d8   0x00000002   Code   RO          323    i.bsp_RunPer1ms     bsp.o
    0x080052da   0x080052da   0x00000002   PAD
    0x080052dc   0x080052dc   0x00000014   Code   RO          385    i.bsp_SetKeyParam   bsp_key.o
    0x080052f0   0x080052f0   0x00000054   Code   RO          661    i.bsp_SetUartParam  bsp_uart_fifo.o
    0x08005344   0x08005344   0x0000001e   Code   RO          534    i.bsp_SoftTimerDec  bsp_timer.o
    0x08005362   0x08005362   0x00000002   PAD
    0x08005364   0x08005364   0x00000080   Code   RO          535    i.bsp_StartAutoTimer  bsp_timer.o
    0x080053e4   0x080053e4   0x00000026   Code   RO          665    i.comSendBuf        bsp_uart_fifo.o
    0x0800540a   0x0800540a   0x0000000c   Code   RO          666    i.comSendChar       bsp_uart_fifo.o
    0x08005416   0x08005416   0x00000018   Code   RO         7616    i.fabs              m_wm.l(fabs.o)
    0x0800542e   0x0800542e   0x00000010   Code   RO          669    i.fputc             bsp_uart_fifo.o
    0x0800543e   0x0800543e   0x00000042   Code   RO            8    i.main              main.o
    0x08005480   0x08005480   0x0000009a   Code   RO         6585    i.merge_rfft_f32    transformfunctions.o
    0x0800551a   0x0800551a   0x00000002   PAD
    0x0800551c   0x0800551c   0x00000158   Code   RO         6586    i.merge_rfft_f64    transformfunctions.o
    0x08005674   0x08005674   0x000000a2   Code   RO         6587    i.stage_rfft_f32    transformfunctions.o
    0x08005716   0x08005716   0x00000002   PAD
    0x08005718   0x08005718   0x00000174   Code   RO         6588    i.stage_rfft_f64    transformfunctions.o
    0x0800588c   0x0800588c   0x00000040   Data   RO          387    .constdata          bsp_key.o
    0x080058cc   0x080058cc   0x00000030   Data   RO          540    .constdata          bsp_timer.o
    0x080058fc   0x080058fc   0x00000010   Data   RO         3261    .constdata          system_stm32f4xx.o
    0x0800590c   0x0800590c   0x00000008   Data   RO         3262    .constdata          system_stm32f4xx.o
    0x08005914   0x08005914   0x00000004   PAD
    0x08005918   0x08005918   0x00000100   Data   RO         4065    .constdata          commontables.o
    0x08005a18   0x08005a18   0x00000200   Data   RO         4066    .constdata          commontables.o
    0x08005c18   0x08005c18   0x00000400   Data   RO         4067    .constdata          commontables.o
    0x08006018   0x08006018   0x00000800   Data   RO         4068    .constdata          commontables.o
    0x08006818   0x08006818   0x00001000   Data   RO         4069    .constdata          commontables.o
    0x08007818   0x08007818   0x00002000   Data   RO         4070    .constdata          commontables.o
    0x08009818   0x08009818   0x00004000   Data   RO         4071    .constdata          commontables.o
    0x0800d818   0x0800d818   0x00008000   Data   RO         4072    .constdata          commontables.o
    0x08015818   0x08015818   0x00000080   Data   RO         4074    .constdata          commontables.o
    0x08015898   0x08015898   0x00000100   Data   RO         4075    .constdata          commontables.o
    0x08015998   0x08015998   0x00000200   Data   RO         4076    .constdata          commontables.o
    0x08015b98   0x08015b98   0x00000400   Data   RO         4077    .constdata          commontables.o
    0x08015f98   0x08015f98   0x00000800   Data   RO         4078    .constdata          commontables.o
    0x08016798   0x08016798   0x00001000   Data   RO         4079    .constdata          commontables.o
    0x08017798   0x08017798   0x00002000   Data   RO         4080    .constdata          commontables.o
    0x08019798   0x08019798   0x00004000   Data   RO         4081    .constdata          commontables.o
    0x0801d798   0x0801d798   0x00008000   Data   RO         4082    .constdata          commontables.o
    0x08025798   0x08025798   0x00000018   Data   RO         4101    .constdata          commontables.o
    0x080257b0   0x080257b0   0x00000030   Data   RO         4102    .constdata          commontables.o
    0x080257e0   0x080257e0   0x00000070   Data   RO         4103    .constdata          commontables.o
    0x08025850   0x08025850   0x000000e0   Data   RO         4104    .constdata          commontables.o
    0x08025930   0x08025930   0x000001e0   Data   RO         4105    .constdata          commontables.o
    0x08025b10   0x08025b10   0x000003c0   Data   RO         4106    .constdata          commontables.o
    0x08025ed0   0x08025ed0   0x000007c0   Data   RO         4107    .constdata          commontables.o
    0x08026690   0x08026690   0x00000f80   Data   RO         4108    .constdata          commontables.o
    0x08027610   0x08027610   0x00000028   Data   RO         4110    .constdata          commontables.o
    0x08027638   0x08027638   0x00000060   Data   RO         4111    .constdata          commontables.o
    0x08027698   0x08027698   0x00000070   Data   RO         4112    .constdata          commontables.o
    0x08027708   0x08027708   0x000001a0   Data   RO         4113    .constdata          commontables.o
    0x080278a8   0x080278a8   0x00000370   Data   RO         4114    .constdata          commontables.o
    0x08027c18   0x08027c18   0x00000380   Data   RO         4115    .constdata          commontables.o
    0x08027f98   0x08027f98   0x00000e10   Data   RO         4116    .constdata          commontables.o
    0x08028da8   0x08028da8   0x00001dc0   Data   RO         4117    .constdata          commontables.o
    0x0802ab68   0x0802ab68   0x00001f80   Data   RO         4118    .constdata          commontables.o
    0x0802cae8   0x0802cae8   0x00000100   Data   RO         4128    .constdata          commontables.o
    0x0802cbe8   0x0802cbe8   0x00000200   Data   RO         4129    .constdata          commontables.o
    0x0802cde8   0x0802cde8   0x00000400   Data   RO         4130    .constdata          commontables.o
    0x0802d1e8   0x0802d1e8   0x00000800   Data   RO         4131    .constdata          commontables.o
    0x0802d9e8   0x0802d9e8   0x00001000   Data   RO         4132    .constdata          commontables.o
    0x0802e9e8   0x0802e9e8   0x00002000   Data   RO         4133    .constdata          commontables.o
    0x080309e8   0x080309e8   0x00004000   Data   RO         4134    .constdata          commontables.o
    0x080349e8   0x080349e8   0x00008000   Data   RO         4135    .constdata          commontables.o
    0x0803c9e8   0x0803c9e8   0x00000080   Data   RO         4136    .constdata          commontables.o
    0x0803ca68   0x0803ca68   0x00000100   Data   RO         4137    .constdata          commontables.o
    0x0803cb68   0x0803cb68   0x00000200   Data   RO         4138    .constdata          commontables.o
    0x0803cd68   0x0803cd68   0x00000400   Data   RO         4139    .constdata          commontables.o
    0x0803d168   0x0803d168   0x00000800   Data   RO         4140    .constdata          commontables.o
    0x0803d968   0x0803d968   0x00001000   Data   RO         4141    .constdata          commontables.o
    0x0803e968   0x0803e968   0x00002000   Data   RO         4142    .constdata          commontables.o
    0x08040968   0x08040968   0x00004000   Data   RO         4143    .constdata          commontables.o
    0x08044968   0x08044968   0x00000010   Data   RO         4188    .constdata          commontables.o
    0x08044978   0x08044978   0x00000010   Data   RO         4189    .constdata          commontables.o
    0x08044988   0x08044988   0x00000010   Data   RO         4190    .constdata          commontables.o
    0x08044998   0x08044998   0x00000010   Data   RO         4191    .constdata          commontables.o
    0x080449a8   0x080449a8   0x00000010   Data   RO         4192    .constdata          commontables.o
    0x080449b8   0x080449b8   0x00000010   Data   RO         4193    .constdata          commontables.o
    0x080449c8   0x080449c8   0x00000010   Data   RO         4194    .constdata          commontables.o
    0x080449d8   0x080449d8   0x00000010   Data   RO         4195    .constdata          commontables.o
    0x080449e8   0x080449e8   0x00000010   Data   RO         4196    .constdata          commontables.o
    0x080449f8   0x080449f8   0x00000030   Data   RO         7529    .constdata          m_wm.l(cos_i.o)
    0x08044a28   0x08044a28   0x000000c8   Data   RO         7566    .constdata          m_wm.l(rred.o)
    0x08044af0   0x08044af0   0x00000028   Data   RO         7570    .constdata          m_wm.l(sin_i.o)
    0x08044b18   0x08044b18   0x00000020   Data   RO         7626    Region$$Table       anon$$obj.o


    Execution Region RW_IRAM1 (Exec base: 0x20000000, Load base: 0x08044b38, Size: 0x000141b8, Max: 0x00020000, ABSOLUTE)

    Exec Addr    Load Addr    Size         Type   Attr      Idx    E Section Name        Object

    0x20000000   0x08044b38   0x00000004   Data   RW           10    .data               main.o
    0x20000004   0x08044b3c   0x0000001c   Data   RW          541    .data               bsp_timer.o
    0x20000020   0x08044b58   0x0000000c   Data   RW         1201    .data               stm32f4xx_hal.o
    0x2000002c   0x08044b64   0x00000004   Data   RW         3263    .data               system_stm32f4xx.o
    0x20000030   0x08044b68   0x00000004   Data   RW         3302    .data               segger_hardfaulthandler.o
    0x20000034   0x08044b6c   0x00000004   Data   RW         7589    .data               mc_w.l(stdout.o)
    0x20000038   0x08044b70   0x00000004   Data   RW         7597    .data               mc_w.l(errno.o)
    0x2000003c   0x08044b74   0x00000004   PAD
    0x20000040        -       0x00012000   Zero   RW            9    .bss                main.o
    0x20012040        -       0x000000ad   Zero   RW          386    .bss                bsp_key.o
    0x200120ed   0x08044b74   0x00000003   PAD
    0x200120f0        -       0x00000030   Zero   RW          539    .bss                bsp_timer.o
    0x20012120        -       0x00001058   Zero   RW          670    .bss                bsp_uart_fifo.o
    0x20013178        -       0x00000040   Zero   RW         3301    .bss                segger_hardfaulthandler.o
    0x200131b8        -       0x00001000   Zero   RW         1164    STACK               startup_stm32f407xx.o


==============================================================================

Image component sizes


      Code (inc. data)   RO Data    RW Data    ZI Data      Debug   Object Name

       250         32          0          0          0       3735   bsp.o
       708         38         64          0        173       7768   bsp_key.o
       304         44          0          0          0       2687   bsp_led.o
       742        158         48         28         48      43909   bsp_timer.o
      1152        146          0          0       4184      12205   bsp_uart_fifo.o
         0          0     258272          0          0      13595   commontables.o
        18          0          0          0          0        348   hardfaulthandler.o
      1510        858          0          4      73728     713134   main.o
       228         60          0          4         64       3635   segger_hardfaulthandler.o
        36          8        392          0       4096        964   startup_stm32f407xx.o
       162         28          0         12          0       5448   stm32f4xx_hal.o
       198         14          0          0          0      34299   stm32f4xx_hal_cortex.o
       452         46          0          0          0       1952   stm32f4xx_hal_gpio.o
      1420         72          0          0          0       6624   stm32f4xx_hal_rcc.o
       298         44          0          0          0       3533   stm32f4xx_hal_tim.o
       890          8          0          0          0       2659   stm32f4xx_hal_uart.o
        14          0          0          0          0       3624   stm32f4xx_it.o
        84         18         24          4          0       1567   system_stm32f4xx.o
      7390        294          0          0          0      60199   transformfunctions.o

    ----------------------------------------------------------------------
     15886       1868     258836         52      82296     921885   Object Totals
         0          0         32          0          0          0   (incl. Generated)
        30          0          4          0          3          0   (incl. Padding)

    ----------------------------------------------------------------------

      Code (inc. data)   RO Data    RW Data    ZI Data      Debug   Library Member Name

       200         20          0          0          0        164   cos.o
       368         46         48          0          0        200   cos_i.o
        84         16          0          0          0        372   dunder.o
        24          0          0          0          0        124   fabs.o
        48          0          0          0          0        124   fpclassify.o
       248          0          0          0          0        152   poly.o
      1080        142        200          0          0        188   rred.o
       304         24         40          0          0        208   sin_i.o
         0          0          0          0          0          0   entry.o
         0          0          0          0          0          0   entry10a.o
         0          0          0          0          0          0   entry11a.o
         8          4          0          0          0          0   entry2.o
         4          0          0          0          0          0   entry5.o
         0          0          0          0          0          0   entry7b.o
         0          0          0          0          0          0   entry8b.o
         8          4          0          0          0          0   entry9a.o
        12          6          0          4          0         68   errno.o
        30          0          0          0          0          0   handlers.o
        36          8          0          0          0         68   init.o
         0          0          0          0          0          0   iusefp.o
        30          0          0          0          0         68   llshl.o
        36          0          0          0          0         68   llsshr.o
        32          0          0          0          0         68   llushr.o
        36          0          0          0          0        108   memseta.o
      2258         90          0          0          0        452   printfa.o
         0          0          0          4          0          0   stdout.o
        44          0          0          0          0         80   uidiv.o
        98          0          0          0          0         92   uldiv.o
        48          0          0          0          0         68   cdrcmple.o
        56          0          0          0          0         88   d2f.o
       334          0          0          0          0        148   dadd.o
       222          0          0          0          0        100   ddiv.o
       186          0          0          0          0        176   depilogue.o
        62          0          0          0          0         80   dfixi.o
        48          0          0          0          0         68   dfixul.o
        34          0          0          0          0         76   dflti.o
        26          0          0          0          0         76   dfltui.o
       228          0          0          0          0         96   dmul.o
        38          0          0          0          0         68   f2d.o
       110          0          0          0          0        168   fepilogue.o

    ----------------------------------------------------------------------
      6390        360        288          8          4       3816   Library Totals
        10          0          0          0          4          0   (incl. Padding)

    ----------------------------------------------------------------------

      Code (inc. data)   RO Data    RW Data    ZI Data      Debug   Library Name

      2356        248        288          0          0       1532   m_wm.l
      2632        112          0          8          0       1072   mc_w.l
      1392          0          0          0          0       1212   mf_w.l

    ----------------------------------------------------------------------
      6390        360        288          8          4       3816   Library Totals

    ----------------------------------------------------------------------

==============================================================================


      Code (inc. data)   RO Data    RW Data    ZI Data      Debug   

     22276       2228     259124         60      82300     913261   Grand Totals
     22276       2228     259124         60      82300     913261   ELF Image Totals
     22276       2228     259124         60          0          0   ROM Totals

==============================================================================

    Total RO  Size (Code + RO Data)               281400 ( 274.80kB)
    Total RW  Size (RW Data + ZI Data)             82360 (  80.43kB)
    Total ROM Size (Code + RO Data + RW Data)     281460 ( 274.86kB)

==============================================================================

